******************************************************************************
                  TI ARM Linker PC v20.2.1                     
******************************************************************************
>> Linked Wed Jan 27 17:28:57 2021

OUTPUT FILE NAME:   <hello.out>
ENTRY POINT SYMBOL: "_c_int00_noargs"  address: 0000111d


MEMORY CONFIGURATION

         name            origin    length      used     unused   attr    fill
----------------------  --------  ---------  --------  --------  ----  --------
  FLASH                 00000000   00100000  00001aa4  000fe55c  R  X
  SRAM                  20000000   00040000  000002d5  0003fd2b  RW X


SEGMENT ALLOCATION MAP

run origin  load origin   length   init length attrs members
----------  ----------- ---------- ----------- ----- -------
00000000    00000000    00001aa8   00001aa8    r-x
  00000000    00000000    00000200   00000200    r-- .intvecs
  00000200    00000200    00001424   00001424    r-x .text
  00001624    00001624    00000450   00000450    r-- .const
  00001a78    00001a78    00000030   00000030    r-- .cinit
20000000    20000000    000002d5   00000000    rw-
  20000000    20000000    00000200   00000000    rw- .stack
  20000200    20000200    000000c8   00000000    rw- .bss
  200002c8    200002c8    0000000d   00000000    rw- .data


SECTION ALLOCATION MAP

 output                                  attributes/
section   page    origin      length       input sections
--------  ----  ----------  ----------   ----------------
.intvecs   0    00000000    00000200     
                  00000000    00000200     startup_ccs.obj (.intvecs)

.text      0    00000200    00001424     
                  00000200    0000020c     hello.obj (.text:main)
                  0000040c    00000200     driverlib.lib : sysctl.obj (.text:SysCtlClockFreqSet)
                  0000060c    000001bc     dbg.obj (.text:dbg_printf)
                  000007c8    0000016c     driverlib.lib : gpio.obj (.text:GPIOPadConfigSet)
                  00000934    000000de     tiny-json.obj (.text:objValue)
                  00000a12    00000002     startup_ccs.obj (.text:FaultISR)
                  00000a14    000000c4     tiny-json.obj (.text:numValue)
                  00000ad8    000000ac     modbus.obj (.text:ModbusMasterTransaction)
                  00000b84    0000009c     rtsv7M4_T_le_v4SPD16_eabi.lib : memcpy_t2.asm.obj (.text)
                  00000c20    00000084     hello.obj (.text:UART0IntHandler)
                  00000ca4    0000007a     rtsv7M4_T_le_v4SPD16_eabi.lib : memset_t2.asm.obj (.text)
                  00000d1e    00000002     startup_ccs.obj (.text:IntDefaultHandler)
                  00000d20    00000074     RS_232.obj (.text:UART0_init)
                  00000d94    00000068     driverlib.lib : interrupt.obj (.text:IntEnable)
                  00000dfc    00000068     rtsv7M4_T_le_v4SPD16_eabi.lib : copy_decompress_lzss.c.obj (.text:decompress:lzss:__TI_decompress_lzss)
                  00000e64    00000060     uartstdio.obj (.text:UARTStdioConfig)
                  00000ec4    00000050     RS_232.obj (.text:UART2_init)
                  00000f14    0000004c     driverlib.lib : gpio.obj (.text:GPIOPinConfigure)
                  00000f60    00000048                   : sysctl.obj (.text:_SysCtlFrequencyGet)
                  00000fa8    00000046                   : uart.obj (.text:UARTConfigSetExpClk)
                  00000fee    00000002     startup_ccs.obj (.text:NmiSR)
                  00000ff0    00000044     rtsv7M4_T_le_v4SPD16_eabi.lib : autoinit.c.obj (.text:__TI_auto_init_nobinit_nopinit:__TI_auto_init_nobinit_nopinit)
                  00001034    00000044     tiny-json.obj (.text:parseString)
                  00001078    00000038     dbg.obj (.text:divOut)
                  000010b0    00000038     tiny-json.obj (.text:json_createWithPool)
                  000010e8    00000034     driverlib.lib : sysctl.obj (.text:SysCtlPeripheralEnable)
                  0000111c    00000034     rtsv7M4_T_le_v4SPD16_eabi.lib : boot_cortex_m.c.obj (.text:_c_int00_noargs:_c_int00_noargs)
                  00001150    00000030     bicolor.obj (.text:bicolor_init)
                  00001180    00000030     dbg.obj (.text:outDgt)
                  000011b0    0000002f     tiny-json.obj (.text:isEndOfPrimitive)
                  000011df    00000001     --HOLE-- [fill = 0]
                  000011e0    0000002c     driverlib.lib : gpio.obj (.text:GPIODirModeSet)
                  0000120c    00000028     tiny-json.obj (.text:json_create)
                  00001234    00000028     tiny-json.obj (.text:poolAlloc)
                  0000125c    00000026     tiny-json.obj (.text:primitiveValue)
                  00001282    00000002     --HOLE-- [fill = 0]
                  00001284    00000024     tiny-json.obj (.text:expValue)
                  000012a8    00000024     tiny-json.obj (.text:json_getProperty)
                  000012cc    00000024     tiny-json.obj (.text:propertyName)
                  000012f0    00000022     tiny-json.obj (.text:goWhile)
                  00001312    00000002     --HOLE-- [fill = 0]
                  00001314    00000020     driverlib.lib : uart.obj (.text:UARTDisable)
                  00001334    00000020                   : sysctl.obj (.text:_SysCtlMemTimingGet)
                  00001354    00000020     tiny-json.obj (.text:getCharFromUnicode)
                  00001374    00000020     tiny-json.obj (.text:getEscape)
                  00001394    00000020     tiny-json.obj (.text:goNum)
                  000013b4    0000001e     RS_232.obj (.text:rs232_init)
                  000013d2    0000001c     tiny-json.obj (.text:checkStr)
                  000013ee    0000001c     rtsv7M4_T_le_v4SPD16_eabi.lib : copy_zero_init.c.obj (.text:decompress:ZI:__TI_zero_init_nomemset:__TI_zero_init_nomemset)
                  0000140a    00000002     --HOLE-- [fill = 0]
                  0000140c    0000001c     tiny-json.obj (.text:fraqValue)
                  00001428    0000001c     tiny-json.obj (.text:textValue)
                  00001444    0000001b     tiny-json.obj (.text:setToNull)
                  0000145f    00000001     --HOLE-- [fill = 0]
                  00001460    0000001a     driverlib.lib : gpio.obj (.text:GPIOPinTypeGPIOOutput)
                  0000147a    00000018     modbus.obj (.text:crc16_update)
                  00001492    00000018     tiny-json.obj (.text:isOneOfThem)
                  000014aa    00000018     rtsv7M4_T_le_v4SPD16_eabi.lib : strcmp.c.obj (.text:strcmp)
                  000014c2    00000002     --HOLE-- [fill = 0]
                  000014c4    00000018     modbus.obj (.text:test_writingRegisters)
                  000014dc    00000018     dbg.obj (.text:uart_putc)
                  000014f4    00000016     driverlib.lib : gpio.obj (.text:GPIOPinTypeUART)
                  0000150a    00000016     tiny-json.obj (.text:json_getPropertyValue)
                  00001520    00000014     driverlib.lib : uart.obj (.text:UARTEnable)
                  00001534    00000014     tiny-json.obj (.text:add)
                  00001548    00000014     rtsv7M4_T_le_v4SPD16_eabi.lib : strcpy.c.obj (.text:strcpy)
                  0000155c    00000010     driverlib.lib : interrupt.obj (.text:IntMasterEnable)
                  0000156c    00000010     dbg.obj (.text:out)
                  0000157c    0000000e     driverlib.lib : uart.obj (.text:UARTCharGetNonBlocking)
                  0000158a    0000000e     rtsv7M4_T_le_v4SPD16_eabi.lib : copy_decompress_none.c.obj (.text:decompress:none:__TI_decompress_none)
                  00001598    0000000e     tiny-json.obj (.text:falseValue)
                  000015a6    00000002     --HOLE-- [fill = 0]
                  000015a8    0000000e     tiny-json.obj (.text:goBlank)
                  000015b6    0000000e     tiny-json.obj (.text:poolInit)
                  000015c4    0000000d     tiny-json.obj (.text:nullValue)
                  000015d1    00000003     --HOLE-- [fill = 0]
                  000015d4    0000000d     tiny-json.obj (.text:trueValue)
                  000015e1    00000001     --HOLE-- [fill = 0]
                  000015e2    0000000c     driverlib.lib : cpu.obj (.text:CPUcpsie)
                  000015ee    00000002     --HOLE-- [fill = 0]
                  000015f0    0000000c     modbus.obj (.text:ModbusMaster_begin)
                  000015fc    00000008     driverlib.lib : uart.obj (.text:UARTIntEnable)
                  00001604    00000006                   : gpio.obj (.text:GPIOPinWrite)
                  0000160a    00000006     startup_ccs.obj (.text:ResetISR)
                  00001610    00000006     driverlib.lib : sysctl.obj (.text:SysCtlDelay)
                  00001616    00000006                   : uart.obj (.text:UARTClockSourceSet)
                  0000161c    00000004     rtsv7M4_T_le_v4SPD16_eabi.lib : pre_init.c.obj (.text:_system_pre_init)
                  00001620    00000004                                   : exit.c.obj (.text:abort:abort)

.const     0    00001624    00000450     
                  00001624    000001b0     driverlib.lib : sysctl.obj (.const:g_pppui32XTALtoVCO)
                  000017d4    00000101     rtsv7M4_T_le_v4SPD16_eabi.lib : ctype.c.obj (.const:.string:_ctypes_)
                  000018d5    00000003     --HOLE-- [fill = 0]
                  000018d8    00000090     driverlib.lib : gpio.obj (.const:g_pui32GPIOBaseAddrs)
                  00001968    0000006c                   : sysctl.obj (.const:g_pui32Xtals)
                  000019d4    00000030                   : sysctl.obj (.const:g_sXTALtoMEMTIM)
                  00001a04    00000015     tiny-json.obj (.const:.string:min$2)
                  00001a19    00000014     tiny-json.obj (.const:.string:max$3)
                  00001a2d    00000003     --HOLE-- [fill = 0]
                  00001a30    00000014     driverlib.lib : interrupt.obj (.const:g_pui32EnRegs)
                  00001a44    00000010     tiny-json.obj (.const:pair$1)
                  00001a54    0000000c     uartstdio.obj (.const:g_ui32UARTBase)
                  00001a60    0000000c     uartstdio.obj (.const:g_ui32UARTPeriph)
                  00001a6c    00000008     driverlib.lib : sysctl.obj (.const:g_pui32VCOFrequencies)

.cinit     0    00001a78    00000030     
                  00001a78    0000000c     (__TI_handler_table)
                  00001a84    00000004     --HOLE-- [fill = 0]
                  00001a88    00000008     (.cinit..bss.load) [load image, compression = zero_init]
                  00001a90    00000007     (.cinit..data.load) [load image, compression = lzss]
                  00001a97    00000001     --HOLE-- [fill = 0]
                  00001a98    00000010     (__TI_cinit_table)

.init_array 
*          0    00000000    00000000     UNINITIALIZED

.bss       0    20000200    000000c8     UNINITIALIZED
                  20000200    00000064     (.common:str)
                  20000264    00000034     (.common:u8ModbusADU)
                  20000298    0000000c     dbg.obj (.bss:buf)
                  200002a4    0000000c     (.common:buff)
                  200002b0    0000000a     dbg.obj (.bss)
                  200002ba    00000002     (.common:_u16ReadAddress)
                  200002bc    00000004     (.common:g_ui32SysClock)
                  200002c0    00000002     (.common:_u16ReadQty)
                  200002c2    00000002     (.common:u16CRC)
                  200002c4    00000001     (.common:_u8MBSlave)
                  200002c5    00000001     (.common:i)
                  200002c6    00000001     (.common:u8BytesLeft)
                  200002c7    00000001     (.common:u8MBStatus)

.data      0    200002c8    0000000d     UNINITIALIZED
                  200002c8    00000007     hello.obj (.data)
                  200002cf    00000001     --HOLE--
                  200002d0    00000005     uartstdio.obj (.data)

.stack     0    20000000    00000200     UNINITIALIZED
                  20000000    00000004     rtsv7M4_T_le_v4SPD16_eabi.lib : boot_cortex_m.c.obj (.stack)
                  20000004    000001fc     --HOLE--

__llvm_prf_cnts 
*          0    20000000    00000000     UNINITIALIZED

.binit     0    00000000    00000000     

MODULE SUMMARY

       Module                       code   ro data   rw data
       ------                       ----   -------   -------
    .\
       hello.obj                    656    0         185    
       startup_ccs.obj              12     512       0      
    +--+----------------------------+------+---------+---------+
       Total:                       668    512       185    
                                                            
    .\src\
       tiny-json.obj                1190   57        0      
       dbg.obj                      588    0         22     
       modbus.obj                   232    0         0      
       RS_232.obj                   226    0         0      
       bicolor.obj                  48     0         0      
    +--+----------------------------+------+---------+---------+
       Total:                       2284   57        22     
                                                            
    .\utils\
       uartstdio.obj                96     24        5      
    +--+----------------------------+------+---------+---------+
       Total:                       96     24        5      
                                                            
    C:/ti/TivaWare_C_Series-2.2.0.295/driverlib/ccs/Debug/driverlib.lib
       sysctl.obj                   674    596       0      
       gpio.obj                     538    144       0      
       uart.obj                     150    0         0      
       interrupt.obj                120    20        0      
       cpu.obj                      12     0         0      
    +--+----------------------------+------+---------+---------+
       Total:                       1494   760       0      
                                                            
    C:\ti\ccs1011\ccs\tools\compiler\ti-cgt-arm_20.2.1.LTS\lib\rtsv7M4_T_le_v4SPD16_eabi.lib
       ctype.c.obj                  0      257       0      
       memcpy_t2.asm.obj            156    0         0      
       memset_t2.asm.obj            122    0         0      
       copy_decompress_lzss.c.obj   104    0         0      
       autoinit.c.obj               68     0         0      
       boot_cortex_m.c.obj          52     0         0      
       copy_zero_init.c.obj         28     0         0      
       strcmp.c.obj                 24     0         0      
       strcpy.c.obj                 20     0         0      
       copy_decompress_none.c.obj   14     0         0      
       exit.c.obj                   4      0         0      
       pre_init.c.obj               4      0         0      
    +--+----------------------------+------+---------+---------+
       Total:                       596    257       0      
                                                            
       Stack:                       0      0         512    
       Linker Generated:            0      43        0      
    +--+----------------------------+------+---------+---------+
       Grand Total:                 5138   1653      724    


LINKER GENERATED COPY TABLES

__TI_cinit_table @ 00001a98 records: 2, size/record: 8, table size: 16
	.bss: load addr=00001a88, load size=00000008 bytes, run addr=20000200, run size=000000c8 bytes, compression=zero_init
	.data: load addr=00001a90, load size=00000007 bytes, run addr=200002c8, run size=0000000d bytes, compression=lzss


LINKER GENERATED HANDLER TABLE

__TI_handler_table @ 00001a78 records: 3, size/record: 4, table size: 12
	index: 0, handler: __TI_decompress_lzss
	index: 1, handler: __TI_decompress_none
	index: 2, handler: __TI_zero_init


GLOBAL SYMBOLS: SORTED ALPHABETICALLY BY Name 

address   name                          
-------   ----                          
00001621  C$$EXIT                       
000015e3  CPUcpsie                      
000011e1  GPIODirModeSet                
000007c9  GPIOPadConfigSet              
00000f15  GPIOPinConfigure              
00001461  GPIOPinTypeGPIOOutput         
000014f5  GPIOPinTypeUART               
00001605  GPIOPinWrite                  
00000d95  IntEnable                     
0000155d  IntMasterEnable               
00000ad9  ModbusMasterTransaction       
000015f1  ModbusMaster_begin            
0000160b  ResetISR                      
0000040d  SysCtlClockFreqSet            
00001611  SysCtlDelay                   
000010e9  SysCtlPeripheralEnable        
00000c21  UART0IntHandler               
00000d21  UART0_init                    
00000ec5  UART2_init                    
0000157d  UARTCharGetNonBlocking        
00001617  UARTClockSourceSet            
00000fa9  UARTConfigSetExpClk           
00001315  UARTDisable                   
00001521  UARTEnable                    
000015fd  UARTIntEnable                 
00000e65  UARTStdioConfig               
20000200  __STACK_END                   
00000200  __STACK_SIZE                  
20000200  __STACK_TOP                   
00001a98  __TI_CINIT_Base               
00001aa8  __TI_CINIT_Limit              
00001a78  __TI_Handler_Table_Base       
00001a84  __TI_Handler_Table_Limit      
00000ff1  __TI_auto_init_nobinit_nopinit
00000dfd  __TI_decompress_lzss          
0000158b  __TI_decompress_none          
ffffffff  __TI_pprof_out_hndl           
ffffffff  __TI_prof_data_size           
ffffffff  __TI_prof_data_start          
00000000  __TI_static_base__            
000013ef  __TI_zero_init_nomemset       
00000ca5  __aeabi_memclr                
00000ca5  __aeabi_memclr4               
00000ca5  __aeabi_memclr8               
00000b85  __aeabi_memcpy                
00000b85  __aeabi_memcpy4               
00000b85  __aeabi_memcpy8               
00000ca7  __aeabi_memset                
00000ca7  __aeabi_memset4               
00000ca7  __aeabi_memset8               
ffffffff  __binit__                     
ffffffff  __c_args__                    
UNDEFED   __mpu_init                    
20000000  __stack                       
20000000  __start___llvm_prf_cnts       
20000000  __stop___llvm_prf_cnts        
0000111d  _c_int00_noargs               
000017d4  _ctypes_                      
UNDEFED   _system_post_cinit            
0000161d  _system_pre_init              
200002ba  _u16ReadAddress               
200002c0  _u16ReadQty                   
200002c4  _u8MBSlave                    
00001621  abort                         
00001151  bicolor_init                  
ffffffff  binit                         
200002a4  buff                          
0000060d  dbg_printf                    
200002ce  frame_rcvd                    
00000000  g_pfnVectors                  
200002bc  g_ui32SysClock                
200002c5  i                             
200002cc  i2                            
200002cd  j2                            
0000120d  json_create                   
000010b1  json_createWithPool           
000012a9  json_getProperty              
0000150b  json_getPropertyValue         
00000201  main                          
00000b85  memcpy                        
00000cad  memset                        
200002c8  rcv_flag                      
000013b5  rs232_init                    
20000200  str                           
000014ab  strcmp                        
00001549  strcpy                        
000014c5  test_writingRegisters         
200002c2  u16CRC                        
200002c6  u8BytesLeft                   
200002c7  u8MBStatus                    
20000264  u8ModbusADU                   


GLOBAL SYMBOLS: SORTED BY Symbol Address 

address   name                          
-------   ----                          
00000000  __TI_static_base__            
00000000  g_pfnVectors                  
00000200  __STACK_SIZE                  
00000201  main                          
0000040d  SysCtlClockFreqSet            
0000060d  dbg_printf                    
000007c9  GPIOPadConfigSet              
00000ad9  ModbusMasterTransaction       
00000b85  __aeabi_memcpy                
00000b85  __aeabi_memcpy4               
00000b85  __aeabi_memcpy8               
00000b85  memcpy                        
00000c21  UART0IntHandler               
00000ca5  __aeabi_memclr                
00000ca5  __aeabi_memclr4               
00000ca5  __aeabi_memclr8               
00000ca7  __aeabi_memset                
00000ca7  __aeabi_memset4               
00000ca7  __aeabi_memset8               
00000cad  memset                        
00000d21  UART0_init                    
00000d95  IntEnable                     
00000dfd  __TI_decompress_lzss          
00000e65  UARTStdioConfig               
00000ec5  UART2_init                    
00000f15  GPIOPinConfigure              
00000fa9  UARTConfigSetExpClk           
00000ff1  __TI_auto_init_nobinit_nopinit
000010b1  json_createWithPool           
000010e9  SysCtlPeripheralEnable        
0000111d  _c_int00_noargs               
00001151  bicolor_init                  
000011e1  GPIODirModeSet                
0000120d  json_create                   
000012a9  json_getProperty              
00001315  UARTDisable                   
000013b5  rs232_init                    
000013ef  __TI_zero_init_nomemset       
00001461  GPIOPinTypeGPIOOutput         
000014ab  strcmp                        
000014c5  test_writingRegisters         
000014f5  GPIOPinTypeUART               
0000150b  json_getPropertyValue         
00001521  UARTEnable                    
00001549  strcpy                        
0000155d  IntMasterEnable               
0000157d  UARTCharGetNonBlocking        
0000158b  __TI_decompress_none          
000015e3  CPUcpsie                      
000015f1  ModbusMaster_begin            
000015fd  UARTIntEnable                 
00001605  GPIOPinWrite                  
0000160b  ResetISR                      
00001611  SysCtlDelay                   
00001617  UARTClockSourceSet            
0000161d  _system_pre_init              
00001621  C$$EXIT                       
00001621  abort                         
000017d4  _ctypes_                      
00001a78  __TI_Handler_Table_Base       
00001a84  __TI_Handler_Table_Limit      
00001a98  __TI_CINIT_Base               
00001aa8  __TI_CINIT_Limit              
20000000  __stack                       
20000000  __start___llvm_prf_cnts       
20000000  __stop___llvm_prf_cnts        
20000200  __STACK_END                   
20000200  __STACK_TOP                   
20000200  str                           
20000264  u8ModbusADU                   
200002a4  buff                          
200002ba  _u16ReadAddress               
200002bc  g_ui32SysClock                
200002c0  _u16ReadQty                   
200002c2  u16CRC                        
200002c4  _u8MBSlave                    
200002c5  i                             
200002c6  u8BytesLeft                   
200002c7  u8MBStatus                    
200002c8  rcv_flag                      
200002cc  i2                            
200002cd  j2                            
200002ce  frame_rcvd                    
ffffffff  __TI_pprof_out_hndl           
ffffffff  __TI_prof_data_size           
ffffffff  __TI_prof_data_start          
ffffffff  __binit__                     
ffffffff  __c_args__                    
ffffffff  binit                         
UNDEFED   __mpu_init                    
UNDEFED   _system_post_cinit            

[91 symbols]
