[vizulab.com.au/index.html]
[backblue.gif]
[fade.gif]
[index.html]
[vizulab.com.au/wp-content/uploads/2017/08/virtual-reality2-385-2.jpg]
[vizulab.com.au/amp/index.html]
[c0.wp.com/c/5.9/wp-includes/css/dist/block-library/style.min.css]
[vizulab.com.au/feed/index.html]
[c0.wp.com/c/5.9/wp-includes/js/mediaelement/mediaelementplayer-legacy.min.css]
[vizulab.com.au/comments/feed/index.html]
[c0.wp.com/c/5.9/wp-includes/js/mediaelement/wp-mediaelement.min.css]
[c0.wp.com/c/5.9/wp-includes/css/dashicons.min.css]
[use.fontawesome.com/releases/v5.15.4/css/all7406.css]
[use.fontawesome.com/releases/v5.15.4/css/v4-shims7406.css]
[c0.wp.com/p/jetpack/10.6/css/jetpack.css]
[c0.wp.com/c/5.9/wp-includes/js/jquery/jquery.min.js]
[c0.wp.com/c/5.9/wp-includes/js/jquery/jquery-migrate.min.js]
[vizulab.com.au/wp-content/cache/wpfc-minified/m8by4oi6/88bzv.js]
[vizulab.com.au/wp-content/cache/wpfc-minified/1dix29hc/88bzv.js]
[vizulab.com.au/wp-content/cache/wpfc-minified/8kq0zcxg/88bzv.js]
[c0.wp.com/c/5.9/wp-includes/js/jquery/ui/core.min.js]
[c0.wp.com/c/5.9/wp-includes/js/jquery/ui/datepicker.min.js]
[vizulab.com.au/wp-content/cache/wpfc-minified/d34ywko2/88bzv.js]
[vizulab.com.au/wp-json/index.html]
[vizulab.com.au/wp-includes/wlwmanifest.xml]
[vizulab.com.au/wp-json/oembed/1.0/embed21b8.json]
[vizulab.com.au/wp-json/oembed/1.0/embed3583]
[i0.wp.com/vizulab.com.au/wp-content/uploads/2017/08/cropped-freedspace-mothership-launch-512x512e43b.png]
[i0.wp.com/vizulab.com.au/wp-content/uploads/2017/08/cropped-freedspace-mothership-launch-512x51298d8.png]
[i0.wp.com/vizulab.com.au/wp-content/uploads/2017/08/cropped-freedspace-mothership-launch-512x512f9b5.png]
[www.google-analytics.com/analytics.js]
[i0.wp.com/vizulab.com.au/wp-content/uploads/2017/08/site-dividersa557.png]
[vizulab.com.au/contact/index.html]
[vizulab.com.au/wp-content/uploads/2017/09/vizulab.png]
[i0.wp.com/vizulab.com.au/wp-content/uploads/2021/11/pluraview-layer-bannerada4.jpg]
[vizulab.com.au/wp-content/uploads/2021/11/3d-pluraview-logo.png]
[vizulab.com.au/products/index.html]
[vizulab.com.au/products/virtual-reality/index.html]
[i0.wp.com/vizulab.com.au/wp-content/uploads/2017/09/optitrack-vrada4.jpg]
[vizulab.com.au/wp-content/uploads/2017/09/OptiTrack-white-450px.png]
[vizulab.com.au/simulation/index.html]
[vizulab.com.au/virtual-reality/worldviz-precision-position-tracking-ppt/index.html]
[i0.wp.com/vizulab.com.au/wp-content/uploads/2017/09/worldvis-projected-vrada4.jpg]
[vizulab.com.au/simulation/haptics/geomagic-phantom-premium-haptic-devices/index.html]
[vizulab.com.au/simulation/haptics/geomagic-openhaptics-toolkit/index.html]
[vizulab.com.au/visualisation/index.html]
[vizulab.com.au/wp-content/uploads/2017/09/OptiTrack-450px.26.delayed]
[vizulab.com.au/visualisation/worldviz-vizmove-projection-vr-system/index.html]
[vizulab.com.au/services/index.html]
[i0.wp.com/vizulab.com.au/wp-content/uploads/2017/08/virtual-reality2-385-25df3.jpg]
[vizulab.com.au/solutions/index.html]
[i0.wp.com/vizulab.com.au/wp-content/uploads/2017/08/simlab-heart25df3.jpg]
[vizulab.com.au/about/index.html]
[i0.wp.com/vizulab.com.au/wp-content/uploads/2021/05/3d-pluraview-display.29e7cb.delayed]
[vizulab.com.au/virtual-reality/index.html]
[i0.wp.com/vizulab.com.au/wp-content/uploads/2019/12/pluraview76a8.png]
[i0.wp.com/vizulab.com.au/wp-content/uploads/2017/08/worldvis-b76a8.png]
[i0.wp.com/vizulab.com.au/wp-content/uploads/2017/08/alioscopy-b76a8.png]
[i0.wp.com/vizulab.com.au/wp-content/uploads/2017/08/redrover-b76a8.png]
[i0.wp.com/vizulab.com.au/wp-content/uploads/2012/09/ndi-b76a8.png]
[i0.wp.com/vizulab.com.au/wp-content/uploads/2012/09/optitrack-b76a8.png]
[i0.wp.com/vizulab.com.au/wp-content/uploads/2012/09/geomagic-b76a8.png]
[i0.wp.com/vizulab.com.au/wp-content/uploads/2019/11/worldvis-vizmove-b5569.jpg]
[i0.wp.com/vizulab.com.au/wp-content/uploads/2017/08/3d-systems-phantom-premium-hero_3fe95.png]
[tracklab.com.au/wp-content/uploads/2020/07/freedspace-245x40-1.png]
[connect.facebook.net/en_US/sdk.js]
[c0.wp.com/p/jetpack/10.6/_inc/build/photon/photon.min.js]
[c0.wp.com/c/5.9/wp-includes/js/dist/vendor/regenerator-runtime.min.js]
[c0.wp.com/c/5.9/wp-includes/js/dist/vendor/wp-polyfill.min.js]
[vizulab.com.au/wp-content/plugins/contact-form-7/includes/js/index7e15.js]
[vizulab.com.au/wp-content/plugins/sticky-menu-or-anything-on-scroll/assets/js/stickThise1fc.js]
[vizulab.com.au/wp-content/plugins/ultimate-social-media-icons/js/shuffle/modernizr.custom.min271b.js]
[vizulab.com.au/wp-content/plugins/ultimate-social-media-icons/js/shuffle/jquery.shuffle.min271b.js]
[vizulab.com.au/wp-content/plugins/ultimate-social-media-icons/js/shuffle/random-shuffle-min271b.js]
[vizulab.com.au/wp-content/plugins/ultimate-social-media-icons/js/custom653d.js]
[c0.wp.com/c/5.9/wp-includes/js/imagesloaded.min.js]
[c0.wp.com/c/5.9/wp-includes/js/masonry.min.js]
[c0.wp.com/c/5.9/wp-includes/js/jquery/jquery.masonry.min.js]
[vizulab.com.au/wp-content/plugins/wc-shortcodes/public/assets/js/rsvp3f1e.js]
[www.google.com/recaptcha/api0194.js]
[vizulab.com.au/wp-content/plugins/contact-form-7/modules/recaptcha/index7e15.js]
[c0.wp.com/p/jetpack/10.6/_inc/build/carousel/jetpack-carousel.min.js]
[vizulab.com.au/wp-content/plugins/logo-carousel-slider-pro/js/owl.carousele7f0.js]
[vizulab.com.au/wp-content/plugins/logo-carousel-slider-pro/js/jquery.tooltipster.min9b70.js]
[vizulab.com.au/wp-content/plugins/referrer-input-for-contact-form-7/script.min8a54.js]
[vizulab.com.au/index.html]
[stats.wp.com/e-202206.js]
[cdn.ampproject.org/v0/amp-form-latest.js]
[cdn.ampproject.org/v0/amp-analytics-latest.js]
[vizulab.com.au/wp-content/plugins/accelerated-mobile-pages/templates/design-manager/swift/fonts/icomoon.ttf]
[cdn.ampproject.org/v0.js]
[cdn.ampproject.org/v0/amp-bind-latest.js]
[vizulab.com.au/wp-content/plugins/accelerated-mobile-pages/images/SD-default-image.png]
[vizulab.com.au/products/virtual-reality/worldviz-australia/vizmove-standing-vr-system/index.html]
[pixel.wp.com/ge926.gif]
[vizulab.com.au/amp/index.html]
[vizulab.com.au/products/virtual-reality/worldviz-australia/vizmove-seated-vr-system/index.html]
[vizulab.com.au/products/virtual-reality/worldviz-australia/vizmove-walking-vr-system/index.html]
[vizulab.com.au/products/virtual-reality/worldviz-australia/worldviz-vizible/index.html]
[vizulab.com.au/wp-content/plugins/LayerSlider/assets/static/layerslider/img/icon-muted-white.png]
[vizulab.com.au/products/virtual-reality/worldviz-australia/worldviz-precision-position-tracking-ppt/index.html]
[vizulab.com.au/products/simulation/index.html]
[vizulab.com.au/wp-content/plugins/LayerSlider/assets/static/layerslider/img/icon-unmuted-white.png]
[vizulab.com.au/wp-content/cache/wpfc-minified/lkdmytdv/88bzv.css]
[vizulab.com.au/products/simulation/geomagic-australia/geomagic-phantom-premium-haptic-devices/index.html]
[vizulab.com.au/products/visualisation/index.html]
[vizulab.com.au/products/simulation/geomagic-australia/geomagic-openhaptics-toolkit/index.html]
[c0.wp.com/c/5.9/wp-includes/css/dist/block-library/style.min.css]
[vizulab.com.au/products/visualisation/pluraview-australia/index.html]
[vizulab.com.au/products/virtual-reality/worldviz-australia/vizmove-projection-vr-system/index.html]
[vizulab.com.au/products/visualisation/aliscopy-3d-displays/index.html]
[vizulab.com.au/products/visualisation/redrover/index.html]
[c0.wp.com/c/5.9/wp-includes/js/mediaelement/mediaelementplayer-legacy.min.css]
[c0.wp.com/c/5.9/wp-includes/js/mediaelement/wp-mediaelement.min.css]
[c0.wp.com/c/5.9/wp-includes/js/mediaelement/mejs-controls.svg]
[vizulab.com.au/solutions/education/index.html]
[vizulab.com.au/solutions/defence/index.html]
[vizulab.com.au/solutions/manufacturing/index.html]
[vizulab.com.au/wp-content/plugins/essential-grid/public/assets/images/ajax-loader.gif]
[vizulab.com.au/wp-content/plugins/essential-grid/public/assets/images/loader.gif]
[vizulab.com.au/wp-content/plugins/essential-grid/public/assets/font/fontello/fonts/egfontdde9.eot]
[vizulab.com.au/wp-content/plugins/essential-grid/public/assets/font/fontello/fonts/egfontdde9.woff]
[vizulab.com.au/wp-content/plugins/essential-grid/public/assets/font/fontello/fonts/egfontdde9.ttf]
[vizulab.com.au/wp-content/cache/wpfc-minified/2xwzkpt5/88bzv.css]
[c0.wp.com/c/5.9/wp-includes/css/dashicons.min.css]
[vizulab.com.au/wp-content/plugins/ultimate-social-media-icons/css/fonts/helvetica_bold_0-webfont.eot]
[vizulab.com.au/wp-content/plugins/ultimate-social-media-icons/css/fonts/helvetica_0-webfont.eot]
[vizulab.com.au/wp-content/plugins/ultimate-social-media-icons/css/fonts/helvetica_bold_0-webfontd41d.eot]
[vizulab.com.au/wp-content/plugins/ultimate-social-media-icons/css/fonts/helveticaneue-light.eot]
[vizulab.com.au/wp-content/plugins/ultimate-social-media-icons/css/fonts/helvetica_0-webfontd41d.eot]
[vizulab.com.au/wp-content/plugins/ultimate-social-media-icons/images/count_bg.png]
[vizulab.com.au/wp-content/plugins/ultimate-social-media-icons/images/check_bg.jpg]
[vizulab.com.au/wp-content/plugins/ultimate-social-media-icons/css/fonts/helveticaneue-lightd41d.eot]
[vizulab.com.au/wp-content/plugins/ultimate-social-media-icons/images/radio_bg.png]
[vizulab.com.au/wp-content/plugins/ultimate-social-media-icons/images/select_bg.jpg]
[vizulab.com.au/wp-content/plugins/ultimate-social-media-icons/images/count_bg.jpg]
[vizulab.com.au/wp-content/plugins/ultimate-social-media-icons/images/select_bg1.jpg]
[vizulab.com.au/wp-content/plugins/ultimate-social-media-icons/images/tab_3_list_bg.jpg]
[vizulab.com.au/wp-content/plugins/ultimate-social-media-icons/images/ajax-loader.gif]
[vizulab.com.au/wp-content/plugins/ultimate-social-media-icons/images/bot_tip_icn.png]
[vizulab.com.au/wp-content/plugins/ultimate-social-media-icons/css/images/count_top_arow.png]
[vizulab.com.au/wp-content/plugins/ultimate-social-media-icons/css/images/count_left_arow.png]
[vizulab.com.au/wp-content/plugins/wc-shortcodes/public/assets/img/circle-border.png]
[vizulab.com.au/wp-content/plugins/wc-shortcodes/public/assets/img/dash-border.png]
[vizulab.com.au/wp-content/plugins/wc-shortcodes/public/assets/img/rustic-border.png]
[vizulab.com.au/wp-content/plugins/wc-shortcodes/public/assets/img/slide-arrow-left.png]
[vizulab.com.au/wp-content/plugins/wc-shortcodes/public/assets/img/slide-arrow-right.png]
[vizulab.com.au/wp-content/themes/quark-child/fonts/ProximaNovaRegular.eot]
[vizulab.com.au/wp-content/themes/quark-child/fonts/ProximaNovaRegular.woff]
[vizulab.com.au/wp-content/themes/quark-child/fonts/ProximaNovaRegular.ttf]
[vizulab.com.au/wp-content/themes/quark-child/fonts/Exo2-Regular.eot]
[vizulab.com.au/wp-content/themes/quark-child/fonts/Exo2-Regular.woff2]
[vizulab.com.au/wp-content/themes/quark-child/fonts/Exo2-Regular.woff]
[vizulab.com.au/wp-content/themes/quark-child/fonts/Exo2-Regulard41d.eot]
[vizulab.com.au/wp-content/themes/quark-child/fonts/Exo2-Regular.ttf]
[vizulab.com.au/wp-content/themes/quark-child/images/capabilities-arrow.png]
[vizulab.com.au/wp-content/themes/quark-child/images/search-icon.png]
[vizulab.com.au/wp-content/themes/quark/fonts/fontawesome-webfont5b62.eot]
[vizulab.com.au/wp-content/cache/wpfc-minified/97n90xu5/88bzv.css]
[vizulab.com.au/wp-content/cache/wpfc-minified/qsmxsci8/88bzv.css]
[use.fontawesome.com/releases/v5.15.4/css/all7406.css]
[use.fontawesome.com/releases/v5.15.4/css/v4-shims7406.css]
[vizulab.com.au/wp-content/plugins/zoho-crm-forms/assets/css/images/ui-icons_444444_256x240.png]
[vizulab.com.au/wp-content/plugins/zoho-crm-forms/assets/css/images/ui-icons_555555_256x240.png]
[vizulab.com.au/wp-content/plugins/zoho-crm-forms/assets/css/images/ui-icons_ffffff_256x240.png]
[vizulab.com.au/wp-content/plugins/zoho-crm-forms/assets/css/images/ui-icons_777620_256x240.png]
[vizulab.com.au/wp-content/plugins/zoho-crm-forms/assets/css/images/ui-icons_cc0000_256x240.png]
[vizulab.com.au/wp-content/plugins/zoho-crm-forms/assets/css/images/ui-icons_777777_256x240.png]
[vizulab.com.au/wp-content/plugins/wc-shortcodes/public/assets/fonts/fontawesome-webfont3e6e.eot]
[vizulab.com.au/wp-content/cache/wpfc-minified/jr1jpvss/88bzv.css]
[c0.wp.com/p/jetpack/10.6/modules/shortcodes/img/slideshow-controls.png]
[c0.wp.com/p/jetpack/10.6/modules/shortcodes/img/slideshow-controls-2x.png]
[c0.wp.com/p/jetpack/10.6/modules/shortcodes/images/slide-nav.png]
[c0.wp.com/p/jetpack/10.6/modules/shortcodes/images/expand.png]
[c0.wp.com/p/jetpack/10.6/modules/shortcodes/images/collapse.png]
[secure.gravatar.com/images/grav-share-sprite.png]
[c0.wp.com/p/jetpack/10.6/css/jetpack.css]
[vizulab.com.au/wp-json/wp/v2/pages/11.json]
[vizulab.com.au/xmlrpc0db0.html]
[vizulab.com.au/wp-content/cache/wpfc-minified/7yiyq0b2/88bzv.css]
[i1.wp.com/vizulab.com.au/wp-content/uploads/2019/12/WorldViz-Precision-Position-Trackingac49.jpg]
[c0.wp.com/c/5.9.2/wp-includes/css/dist/block-library/style.min.css]
[vizulab.com.au/contact/amp/index.html]
[c0.wp.com/c/5.9.2/wp-includes/js/mediaelement/mediaelementplayer-legacy.min.css]
[c0.wp.com/c/5.9.2/wp-includes/js/mediaelement/wp-mediaelement.min.css]
[c0.wp.com/c/5.9.2/wp-includes/css/dashicons.min.css]
[c0.wp.com/p/jetpack/10.7/css/jetpack.css]
[c0.wp.com/c/5.9.2/wp-includes/js/jquery/jquery.min.js]
[c0.wp.com/c/5.9.2/wp-includes/js/jquery/jquery-migrate.min.js]
[vizulab.com.au/wp-content/plugins/LayerSlider/assets/static/layerslider/js/layerslider.utilsa20b.js]
[vizulab.com.au/wp-content/plugins/LayerSlider/assets/static/layerslider/js/layerslider.kreaturamedia.jquerya20b.js]
[vizulab.com.au/wp-content/plugins/LayerSlider/assets/static/layerslider/js/layerslider.transitionsa20b.js]
[vizulab.com.au/wp-content/plugins/equal-height-columns/public/js/equal-height-columns-publiccfa9.js]
[vizulab.com.au/wp-content/plugins/responsive-menu/v4.0.0/assets/js/rmp-menu5fa1.js]
[vizulab.com.au/wp-content/plugins/sticky-menu-or-anything-on-scroll/assets/js/jq-sticky-anything.mine1fc.js]
[c0.wp.com/c/5.9.2/wp-includes/js/jquery/ui/core.min.js]
[c0.wp.com/c/5.9.2/wp-includes/js/jquery/ui/datepicker.min.js]
[vizulab.com.au/wp-content/plugins/zoho-crm-forms/assets/js/moment-with-localese983.js]
[vizulab.com.au/wp-content/themes/quark-child/js/custom6dcf.js]
[vizulab.com.au/wp-content/themes/quark/js/modernizr-min3b71.js]
[vizulab.com.au/wp-content/plugins/google-analyticator/external-tracking.min380f.js]
[vizulab.com.au/wp-json/oembed/1.0/embedf4f0.json]
[vizulab.com.au/wp-json/oembed/1.0/embedd88f]
[i0.wp.com/vizulab.com.au/wp-content/uploads/2019/12/WorldViz-Precision-Position-Trackingac49.jpg]
[i0.wp.com/vizulab.com.au/wp-content/uploads/2019/12/WorldViz-Precision-Position-Tracking0fe2.jpg]
[i0.wp.com/vizulab.com.au/wp-content/uploads/2020/12/7a-kent-street-yarraville-map3657.jpg]
[i0.wp.com/vizulab.com.au/wp-content/uploads/2020/12/kent-street-yarraville3657.jpg]
[i0.wp.com/vizulab.com.au/wp-content/uploads/2020/12/7a-kent-street-yarraville3657.jpg]
[c0.wp.com/p/jetpack/10.7/_inc/build/photon/photon.min.js]
[c0.wp.com/c/5.9.2/wp-includes/js/dist/vendor/regenerator-runtime.min.js]
[vizulab.com.au/wp-content/plugins/contact-form-7/includes/js/index5406.js]
[c0.wp.com/c/5.9.2/wp-includes/js/dist/vendor/wp-polyfill.min.js]
[vizulab.com.au/wp-content/plugins/ultimate-social-media-icons/js/shuffle/modernizr.custom.min6dcf.js]
[vizulab.com.au/wp-content/plugins/ultimate-social-media-icons/js/shuffle/jquery.shuffle.min6dcf.js]
[vizulab.com.au/wp-content/plugins/ultimate-social-media-icons/js/shuffle/random-shuffle-min6dcf.js]
[vizulab.com.au/wp-content/plugins/ultimate-social-media-icons/js/customde39.js]
[c0.wp.com/c/5.9.2/wp-includes/js/imagesloaded.min.js]
[c0.wp.com/c/5.9.2/wp-includes/js/masonry.min.js]
[vizulab.com.au/wp-content/plugins/contact-form-7/modules/recaptcha/index5406.js]
[c0.wp.com/c/5.9.2/wp-includes/js/jquery/jquery.masonry.min.js]
[c0.wp.com/p/jetpack/10.7/_inc/build/carousel/jetpack-carousel.min.js]
[vizulab.com.au/contact/index.html]
[stats.wp.com/e-202212.js]
[vizulab.com.au/wp-content/uploads/2022/02/products-header.jpg]
[vizulab.com.au/products/amp/index.html]
[vizulab.com.au/wp-json/oembed/1.0/embed803d.json]
[vizulab.com.au/wp-json/oembed/1.0/embedba8a]
[i0.wp.com/vizulab.com.au/wp-content/uploads/2022/02/products-headerac49.jpg]
[i0.wp.com/vizulab.com.au/wp-content/uploads/2022/02/products-header0fe2.jpg]
[i0.wp.com/vizulab.com.au/wp-content/uploads/2017/08/visualisations5df3.jpg]
[i0.wp.com/vizulab.com.au/wp-content/plugins/essential-grid/public/assets/images/300x200transparent5940.png]
[vizulab.com.au/wp-content/plugins/essential-grid/public/assets/js/rbtools.min10df.js]
[vizulab.com.au/products/visualisation/aliscopy-3d-displays/alioscopy-3d-software/index.html]
[vizulab.com.au/products/visualisation/aliscopy-3d-displays/alioscopy-glasses-free-3d-displays/index.html]
[vizulab.com.au/products/visualisation/pluraview-australia/pluraview-2-5k-3d-monitor/index.html]
[vizulab.com.au/products/visualisation/pluraview-australia/pluraview-4k-3d-monitor/index.html]
[vizulab.com.au/products/visualisation/pluraview-australia/pluraview-fullhd-3d-monitor/index.html]
[vizulab.com.au/products/visualisation/redrover/redrover-true3di-sdm-240-3d-monitor/index.html]
[vizulab.com.au/wp-content/plugins/essential-grid/public/assets/js/esg.min9b4a.js]
[vizulab.com.au/products/index.html]
[vizulab.com.au/products/virtual-reality/worldviz-australia/vizard-virtual-reality-software/index.html]
[vizulab.com.au/wp-content/uploads/2019/12/vr.jpg]
[vizulab.com.au/products/virtual-reality/amp/index.html]
[vizulab.com.au/wp-json/oembed/1.0/embed349a.json]
[vizulab.com.au/wp-json/oembed/1.0/embed18a9]
[i0.wp.com/vizulab.com.au/wp-content/uploads/2019/12/vrac49.jpg]
[i0.wp.com/vizulab.com.au/wp-content/uploads/2019/12/vr0fe2.jpg]
[i0.wp.com/vizulab.com.au/wp-content/uploads/2017/08/virtual-reality-worldviz-walkingpara-1024x640a57d.jpg]
[i0.wp.com/vizulab.com.au/wp-content/uploads/2019/12/worldviz-contact9654.png]
[vizulab.com.au/products/virtual-reality/index.html]
[vizulab.com.au/worldviz-australia/vizmove-seated-vr-system/index.html]
[vizulab.com.au/worldviz-australia/vizmove-standing-vr-system/index.html]
[vizulab.com.au/worldviz-australia/vizmove-walking-vr-system/index.html]
[vizulab.com.au/worldviz-australia/worldviz-vizible/index.html]
[vizulab.com.au/virtual-reality/vizmove-standing-vr-system/index.html]
[vizulab.com.au/virtual-reality/worldviz-vizible/index.html]
[vizulab.com.au/virtual-reality/vizmove-seated-vr-system/index.html]
[i0.wp.com/vizulab.com.au/wp-content/uploads/2017/09/worldviz-PPT-eyes_wand_4cams-1-e1504661898758086b.jpg]
[vizulab.com.au/virtual-reality/worldviz-precision-position-tracking-ppt/amp/index.html]
[vizulab.com.au/virtual-reality/worldviz-precision-position-tracking-ppt/feed/index.html]
[vizulab.com.au/wp-json/oembed/1.0/embedb5a1.json]
[vizulab.com.au/wp-json/oembed/1.0/embed7e0e]
[vizulab.com.au/wp-content/uploads/2017/09/WorldViz-Precision-Position-Tracking.jpg]
[i0.wp.com/vizulab.com.au/wp-content/uploads/2017/09/worldviz-PPT-eyes_wand_4cams41fb.jpg]
[i0.wp.com/vizulab.com.au/wp-content/uploads/2017/09/worldviz-PPT-wand76c7.jpg]
[i0.wp.com/vizulab.com.au/wp-content/uploads/2017/09/worldviz-ppt-eyes-300x2144547.jpg]
[i0.wp.com/vizulab.com.au/wp-content/uploads/2019/12/worldviz-contact5fde.png]
[vizulab.com.au/virtual-reality/worldviz-precision-position-tracking-ppt/index.html]
[vizulab.com.au/category/simulation/index.html]
[vizulab.com.au/category/simulation/feed/index.html]
[i0.wp.com/vizulab.com.au/wp-content/uploads/2017/08/openhaptics465b.jpg]
[i0.wp.com/vizulab.com.au/wp-content/uploads/2017/08/openhapticsc826.jpg]
[i0.wp.com/vizulab.com.au/wp-content/uploads/2017/08/haptics465b.jpg]
[i0.wp.com/vizulab.com.au/wp-content/uploads/2017/08/hapticsc826.jpg]
[vizulab.com.au/wp-content/plugins/wc-shortcodes/public/assets/js/responsiveslides.min2602.js]
[vizulab.com.au/wp-content/plugins/wc-shortcodes/public/assets/js/posts-grid3f1e.js]
[vizulab.com.au/simulation/index.html]
[vizulab.com.au/wp-content/uploads/2017/08/haptics.jpg]
[vizulab.com.au/simulation/haptics/geomagic-phantom-premium-haptic-devices/amp/index.html]
[vizulab.com.au/simulation/haptics/geomagic-phantom-premium-haptic-devices/feed/index.html]
[vizulab.com.au/wp-json/oembed/1.0/embed76d0.json]
[vizulab.com.au/wp-json/oembed/1.0/embed561d]
[vizulab.com.au/wp-content/uploads/2017/08/geomagic-phantom-premium-haptic-devices-header.jpg]
[i0.wp.com/vizulab.com.au/wp-content/uploads/2017/08/Premium_1-5-350-1cc91.png]
[i0.wp.com/vizulab.com.au/wp-content/uploads/2017/08/Premium_1-0-350cc91.png]
[i0.wp.com/vizulab.com.au/wp-content/uploads/2017/08/Premium_3-smallcc91.png]
[vizulab.com.au/wp-content/uploads/2017/08/Phantom_Premium_EN_Web.pdf]
[i0.wp.com/vizulab.com.au/wp-content/uploads/2017/08/geomagic-openhaptics-toolkit-headerac49.jpg]
[i0.wp.com/vizulab.com.au/wp-content/uploads/2017/08/geomagic-phantom-premium-haptic-devices-headerac49.jpg]
[vizulab.com.au/simulation/haptics/geomagic-phantom-premium-haptic-devices/index.html]
[vizulab.com.au/wp-content/uploads/2017/08/openhaptics.jpg]
[vizulab.com.au/simulation/haptics/geomagic-openhaptics-toolkit/amp/index.html]
[vizulab.com.au/wp-json/oembed/1.0/embedb8fb.json]
[vizulab.com.au/wp-json/oembed/1.0/embed89ae]
[vizulab.com.au/wp-content/uploads/2017/08/geomagic-openhaptics-toolkit-header.jpg]
[i0.wp.com/vizulab.com.au/wp-content/uploads/2017/08/symbionix-400-w-haptic-developer1c7d.png]
[i0.wp.com/vizulab.com.au/wp-content/uploads/2017/08/quick-hapticsb62c.png]
[vizulab.com.au/wp-content/uploads/2017/08/OpenHaptics_Developer_Edition_EN_Web.pdf]
[vizulab.com.au/wp-content/uploads/2017/08/OpenHaptics_ProgGuide.pdf]
[vizulab.com.au/simulation/haptics/geomagic-openhaptics-toolkit/index.html]
[vizulab.com.au/category/visualisation/index.html]
[vizulab.com.au/category/visualisation/feed/index.html]
[i0.wp.com/vizulab.com.au/wp-content/uploads/2017/08/Alioscopy-3D-Software465b.jpg]
[vizulab.com.au/visualisation/alioscopy-3d-software/index.html]
[i0.wp.com/vizulab.com.au/wp-content/uploads/2017/08/Alioscopy-3D-Softwarec826.jpg]
[i0.wp.com/vizulab.com.au/wp-content/uploads/2017/08/Alioscopy-Glasses-Free-3D-Displays465b.jpg]
[vizulab.com.au/visualisation/alioscopy-glasses-free-3d-displays/index.html]
[i0.wp.com/vizulab.com.au/wp-content/uploads/2017/08/Alioscopy-Glasses-Free-3D-Displaysc826.jpg]
[i0.wp.com/vizulab.com.au/wp-content/uploads/2019/12/pluraview-2.5-4k-feature465b.jpg]
[vizulab.com.au/visualisation/pluraview-2-5k-3d-monitor/index.html]
[i0.wp.com/vizulab.com.au/wp-content/uploads/2019/12/pluraview-2.5-4k-featurec826.jpg]
[i0.wp.com/vizulab.com.au/wp-content/uploads/2019/11/pluraview-fullhd-feature465b.jpg]
[vizulab.com.au/visualisation/pluraview-4k-3d-monitor/index.html]
[i0.wp.com/vizulab.com.au/wp-content/uploads/2019/11/pluraview-fullhd-featurec826.jpg]
[vizulab.com.au/visualisation/pluraview-fullhd-3d-monitor/index.html]
[i0.wp.com/vizulab.com.au/wp-content/uploads/2017/08/RedRover-True3Di-SDM-240-3D-Monitor465b.jpg]
[vizulab.com.au/visualisation/true3di-sdm-240-3d-monitor/index.html]
[i0.wp.com/vizulab.com.au/wp-content/uploads/2017/08/RedRover-True3Di-SDM-240-3D-Monitorc826.jpg]
[i0.wp.com/vizulab.com.au/wp-content/uploads/2017/08/VizMove-Projection-VR-System465b.jpg]
[i0.wp.com/vizulab.com.au/wp-content/uploads/2017/08/VizMove-Projection-VR-Systemc826.jpg]
[vizulab.com.au/visualisation/index.html]
[vizulab.com.au/wp-content/uploads/2017/08/VizMove-Projection-VR-System.jpg]
[vizulab.com.au/visualisation/worldviz-vizmove-projection-vr-system/amp/index.html]
[vizulab.com.au/visualisation/worldviz-vizmove-projection-vr-system/feed/index.html]
[vizulab.com.au/wp-json/oembed/1.0/embedc91b.json]
[vizulab.com.au/wp-json/oembed/1.0/embedaebb]
[vizulab.com.au/wp-content/uploads/2017/08/worldviz-VizMove-Projection-VR-System.jpg]
[i0.wp.com/vizulab.com.au/wp-content/uploads/2017/08/WorldViz_VizMove_Projection-for-Turner-MRS-3-mina553.jpg]
[i0.wp.com/vizulab.com.au/wp-content/uploads/2017/08/worldviz_single-user-vizmove-projectiona553.jpg]
[i0.wp.com/vizulab.com.au/wp-content/uploads/2017/08/worldviz_Multi-Sided-Extended-imga553.jpg]
[i0.wp.com/vizulab.com.au/wp-content/uploads/2017/08/worldviz-VizMove-Projection-VR-Systemac49.jpg]
[i0.wp.com/vizulab.com.au/wp-content/uploads/2017/08/WorldViz-VizMove-Walking-VR-Systemac49.jpg]
[i0.wp.com/vizulab.com.au/wp-content/uploads/2017/08/VIZMOVE-STANDING-VR-SYSTEMac49.jpg]
[i0.wp.com/vizulab.com.au/wp-content/uploads/2017/08/VIZMOVE-SEATED-VR-SYSTEMac49.jpg]
[i0.wp.com/vizulab.com.au/wp-content/uploads/2022/02/worldviz-vizard-headerac49.jpg]
[vizulab.com.au/visualisation/worldviz-vizmove-projection-vr-system/index.html]
[vizulab.com.au/pluraview-australia/index.html]
[vizulab.com.au/aliscopy-3d-displays/index.html]
[vizulab.com.au/redrover/index.html]
[i1.wp.com/vizulab.com.au/wp-content/uploads/2019/12/servicesac49.jpg]
[vizulab.com.au/services/amp/index.html]
[vizulab.com.au/wp-json/oembed/1.0/embed5462.json]
[vizulab.com.au/wp-json/oembed/1.0/embed02f0]
[i0.wp.com/vizulab.com.au/wp-content/uploads/2019/12/servicesac49.jpg]
[i0.wp.com/vizulab.com.au/wp-content/uploads/2019/12/services0fe2.jpg]
[i0.wp.com/vizulab.com.au/wp-content/uploads/2017/08/worldviz-vizmove-composite-standing-vr1478.jpg]
[i0.wp.com/tracklab.com.au/wp-content/uploads/2016/06/supporta8b8.png]
[i0.wp.com/tracklab.com.au/wp-content/uploads/2016/06/traininga8b8.png]
[vizulab.com.au/services/index.html]
[i0.wp.com/tracklab.com.au/wp-content/uploads/2016/06/installationa8b8.png]
[vizulab.com.au/wp-content/uploads/2019/12/solutions.jpg]
[vizulab.com.au/solutions/amp/index.html]
[vizulab.com.au/wp-json/oembed/1.0/embed9dcb.json]
[vizulab.com.au/wp-json/oembed/1.0/embed54f2]
[i0.wp.com/vizulab.com.au/wp-content/uploads/2019/12/solutionsac49.jpg]
[i0.wp.com/vizulab.com.au/wp-content/uploads/2019/12/solutions0fe2.jpg]
[i0.wp.com/vizulab.com.au/wp-content/uploads/2017/08/redrover_cat_7_large_img1_2bed6.jpg]
[vizulab.com.au/solutions/index.html]
[vizulab.com.au/education/index.html]
[vizulab.com.au/defence/index.html]
[vizulab.com.au/manufacturing/index.html]
[i2.wp.com/vizulab.com.au/wp-content/uploads/2019/12/solutions-1ac49.jpg]
[vizulab.com.au/about/amp/index.html]
[vizulab.com.au/wp-json/oembed/1.0/embed9a9c.json]
[vizulab.com.au/wp-json/oembed/1.0/embed26ea]
[i0.wp.com/vizulab.com.au/wp-content/uploads/2019/12/solutions-1ac49.jpg]
[i0.wp.com/vizulab.com.au/wp-content/uploads/2019/12/solutions-10fe2.jpg]
[i0.wp.com/vizulab.com.au/wp-content/uploads/2017/08/PPT-eyes_wand_4cams-768x57641fb.jpg]
[vizulab.com.au/about/index.html]
[vizulab.com.au/optitrack/index.html]
[vizulab.com.au/category/virtual-reality/index.html]
[vizulab.com.au/category/virtual-reality/feed/index.html]
[i0.wp.com/vizulab.com.au/wp-content/uploads/2017/08/Vizard-Virtual-Reality-Software465b.jpg]
[vizulab.com.au/virtual-reality/vizard-virtual-reality-software/index.html]
[i0.wp.com/vizulab.com.au/wp-content/uploads/2017/08/Vizard-Virtual-Reality-Softwarec826.jpg]
[i0.wp.com/vizulab.com.au/wp-content/uploads/2017/08/VizMove-Seated-VR-System465b.jpg]
[i0.wp.com/vizulab.com.au/wp-content/uploads/2017/08/VizMove-Seated-VR-Systemc826.jpg]
[i0.wp.com/vizulab.com.au/wp-content/uploads/2017/08/VizMove-Standing-VR-System465b.jpg]
[i0.wp.com/vizulab.com.au/wp-content/uploads/2017/08/VizMove-Standing-VR-Systemc826.jpg]
[i0.wp.com/vizulab.com.au/wp-content/uploads/2017/08/VizMove-Walking-VR-System465b.jpg]
[i0.wp.com/vizulab.com.au/wp-content/uploads/2017/08/VizMove-Walking-VR-Systemc826.jpg]
[i0.wp.com/vizulab.com.au/wp-content/uploads/2017/09/worldviz-PPT-eyes_wand_4cams-1-e1504661898758465b.jpg]
[vizulab.com.au/virtual-reality/worldviz-vizmove-walking-vr-system/index.html]
[i0.wp.com/vizulab.com.au/wp-content/uploads/2017/09/worldviz-ppt465b.jpg]
[i0.wp.com/vizulab.com.au/wp-content/uploads/2017/09/worldviz-pptc826.jpg]
[vizulab.com.au/virtual-reality/index.html]
[vizulab.com.au/worldviz-australia/index.html]
[vizulab.com.au/geomagic-australia/index.html]
[connect.facebook.net/en_US/sdk.js]
[vizulab.com.au/wp-content/plugins/logo-carousel-slider-pro/css/grabbing.png]
[vizulab.com.au/wp-content/plugins/logo-carousel-slider-pro/css/AjaxLoader.gif]
[vizulab.com.au/wp-content/cache/wpfc-minified/o61ne0x/88bzu.css]
[vizulab.com.au/wp-content/uploads/2017/08/VIZMOVE-SEATED-VR-SYSTEM.jpg]
[vizulab.com.au/products/virtual-reality/worldviz-australia/vizmove-seated-vr-system/amp/index.html]
[vizulab.com.au/wp-json/oembed/1.0/embed586f.json]
[vizulab.com.au/wp-json/oembed/1.0/embed47df]
[i0.wp.com/vizulab.com.au/wp-content/uploads/2017/08/VIZMOVE-SEATED-VR-SYSTEM0fe2.jpg]
[vizulab.com.au/products/virtual-reality/worldviz-australia/index.html]
[i0.wp.com/vizulab.com.au/wp-content/uploads/2017/08/worldviz-seated-vr-small1478.jpg]
[i0.wp.com/vizulab.com.au/wp-content/uploads/2017/08/worldvis-vizmove-seated21478.jpg]
[i0.wp.com/vizulab.com.au/wp-content/uploads/2017/08/worldviz_seatedvr43fa.png]
[vizulab.com.au/products/virtual-reality/worldviz-australia/vizmove-seated-vr-system/index.html]
[vizulab.com.au/wp-content/uploads/2017/08/VIZMOVE-STANDING-VR-SYSTEM.jpg]
[vizulab.com.au/products/virtual-reality/worldviz-australia/vizmove-standing-vr-system/amp/index.html]
[vizulab.com.au/wp-json/oembed/1.0/embedd8e9.json]
[vizulab.com.au/wp-json/oembed/1.0/embed49d5]
[i0.wp.com/vizulab.com.au/wp-content/uploads/2017/08/VIZMOVE-STANDING-VR-SYSTEM0fe2.jpg]
[i0.wp.com/vizulab.com.au/wp-content/uploads/2017/08/worldviz_standingVR01cd.png]
[i0.wp.com/vizulab.com.au/wp-content/uploads/2017/08/worldviz_standingVR296d.png]
[vizulab.com.au/products/virtual-reality/worldviz-australia/vizmove-standing-vr-system/index.html]
[vizulab.com.au/wp-content/uploads/2017/08/WorldViz-VizMove-Walking-VR-System.jpg]
[vizulab.com.au/products/virtual-reality/worldviz-australia/vizmove-walking-vr-system/amp/index.html]
[vizulab.com.au/wp-json/oembed/1.0/embed05f4.json]
[vizulab.com.au/wp-json/oembed/1.0/embed8358]
[i0.wp.com/vizulab.com.au/wp-content/uploads/2017/08/WorldViz-VizMove-Walking-VR-System0fe2.jpg]
[i0.wp.com/vizulab.com.au/wp-content/uploads/2017/08/walkingpara2-1024x640a57d.jpg]
[vizulab.com.au/products/virtual-reality/worldviz-australia/vizmove-walking-vr-system/index.html]
[vizulab.com.au/wp-content/uploads/2017/09/WorldViz-Vizible.jpg]
[vizulab.com.au/products/virtual-reality/worldviz-australia/worldviz-vizible/amp/index.html]
[vizulab.com.au/wp-json/oembed/1.0/embed896c.json]
[vizulab.com.au/wp-json/oembed/1.0/embedf019]
[i0.wp.com/vizulab.com.au/wp-content/uploads/2017/09/WorldViz-Vizible0fe2.jpg]
[i0.wp.com/vizulab.com.au/wp-content/uploads/2017/09/vizible8e0a.png]
[vizulab.com.au/products/virtual-reality/worldviz-australia/worldviz-vizible/index.html]
[vizulab.com.au/products/virtual-reality/worldviz-australia/worldviz-precision-position-tracking-ppt/amp/index.html]
[vizulab.com.au/wp-json/oembed/1.0/embedc480.json]
[vizulab.com.au/wp-json/oembed/1.0/embede1a5]
[i0.wp.com/vizulab.com.au/wp-content/uploads/2017/09/WorldViz-Precision-Position-Trackingac49.jpg]
[i0.wp.com/vizulab.com.au/wp-content/uploads/2017/09/WorldViz-Precision-Position-Tracking0fe2.jpg]
[vizulab.com.au/products/virtual-reality/worldviz-australia/worldviz-precision-position-tracking-ppt/index.html]
[vizulab.com.au/wp-content/uploads/2019/12/simulation.png]
[vizulab.com.au/products/simulation/amp/index.html]
[vizulab.com.au/wp-json/oembed/1.0/embed736f.json]
[vizulab.com.au/wp-json/oembed/1.0/embede9e1]
[i0.wp.com/vizulab.com.au/wp-content/uploads/2019/12/simulationac49.png]
[i0.wp.com/vizulab.com.au/wp-content/uploads/2019/12/simulation0fe2.png]
[i0.wp.com/vizulab.com.au/wp-content/uploads/2019/12/3d-systems-touch-herofe95.png]
[vizulab.com.au/products/simulation/index.html]
[vizulab.com.au/products/simulation/geomagic-australia/geomagic-phantom-premium-haptic-devices/amp/index.html]
[vizulab.com.au/wp-json/oembed/1.0/embed3196.json]
[vizulab.com.au/wp-json/oembed/1.0/embed7286]
[i0.wp.com/vizulab.com.au/wp-content/uploads/2017/08/geomagic-phantom-premium-haptic-devices-header0fe2.jpg]
[vizulab.com.au/products/simulation/geomagic-australia/geomagic-phantom-premium-haptic-devices/index.html]
[vizulab.com.au/products/simulation/geomagic-australia/index.html]
[vizulab.com.au/products/simulation/geomagic-australia/geomagic-openhaptics-toolkit/amp/index.html]
[vizulab.com.au/wp-json/oembed/1.0/embed9783.json]
[vizulab.com.au/wp-json/oembed/1.0/embed7cdf]
[i0.wp.com/vizulab.com.au/wp-content/uploads/2017/08/geomagic-openhaptics-toolkit-header0fe2.jpg]
[vizulab.com.au/products/simulation/geomagic-australia/geomagic-openhaptics-toolkit/index.html]
[vizulab.com.au/wp-content/uploads/2019/12/visualisation.jpg]
[vizulab.com.au/products/visualisation/amp/index.html]
[vizulab.com.au/wp-json/oembed/1.0/embedbf2d.json]
[vizulab.com.au/wp-json/oembed/1.0/embed7db3]
[i0.wp.com/vizulab.com.au/wp-content/uploads/2019/12/visualisationac49.jpg]
[i0.wp.com/vizulab.com.au/wp-content/uploads/2019/12/visualisation0fe2.jpg]
[i0.wp.com/vizulab.com.au/wp-content/uploads/2017/08/alioscopya7ed.jpg]
[i0.wp.com/vizulab.com.au/wp-content/uploads/2019/11/pluraview-world-smalle645.png]
[vizulab.com.au/products/visualisation/index.html]
[vizulab.com.au/products/virtual-reality/worldviz-australia/vizmove-projection-vr-system/amp/index.html]
[vizulab.com.au/wp-json/oembed/1.0/embed6b97.json]
[vizulab.com.au/wp-json/oembed/1.0/embed857e]
[i0.wp.com/vizulab.com.au/wp-content/uploads/2017/08/worldviz-VizMove-Projection-VR-System0fe2.jpg]
[vizulab.com.au/products/virtual-reality/worldviz-australia/vizmove-projection-vr-system/index.html]
[vizulab.com.au/wp-content/uploads/2019/11/pluraview-header.jpg]
[vizulab.com.au/products/visualisation/pluraview-australia/amp/index.html]
[vizulab.com.au/wp-json/oembed/1.0/embed6e8f.json]
[vizulab.com.au/wp-json/oembed/1.0/embedf7d4]
[i0.wp.com/vizulab.com.au/wp-content/uploads/2019/11/pluraview-headerac49.jpg]
[i0.wp.com/vizulab.com.au/wp-content/uploads/2019/11/pluraview-header0fe2.jpg]
[i0.wp.com/vizulab.com.au/wp-content/uploads/2019/11/3d-pluraview-anwendungsbild-3-monitors-big-mobilea0c3.png]
[i0.wp.com/vizulab.com.au/wp-content/uploads/2019/12/pluraview-2.5-4k-header-1ac49.jpg]
[i0.wp.com/vizulab.com.au/wp-content/uploads/2019/12/pluraview-2.5-4k-headerac49.jpg]
[i0.wp.com/vizulab.com.au/wp-content/uploads/2019/11/pluraview-fullhd-headerac49.jpg]
[vizulab.com.au/products/visualisation/pluraview-australia/index.html]
[vizulab.com.au/wp-content/uploads/2019/12/alioscopy-header.jpg]
[vizulab.com.au/products/visualisation/aliscopy-3d-displays/amp/index.html]
[vizulab.com.au/wp-json/oembed/1.0/embed74ee.json]
[vizulab.com.au/wp-json/oembed/1.0/embed1b71]
[i0.wp.com/vizulab.com.au/wp-content/uploads/2019/12/alioscopy-headerac49.jpg]
[i0.wp.com/vizulab.com.au/wp-content/uploads/2019/12/alioscopy-header0fe2.jpg]
[i0.wp.com/vizulab.com.au/wp-content/uploads/2017/08/alioscopy45c0.jpg]
[i0.wp.com/vizulab.com.au/wp-content/uploads/2017/08/42multi0424-e1502932447447-1024x954e041.jpg]
[i0.wp.com/vizulab.com.au/wp-content/uploads/2019/12/alioscopy5fde.png]
[vizulab.com.au/products/visualisation/aliscopy-3d-displays/index.html]
[vizulab.com.au/wp-content/uploads/2019/12/redrover-header.jpg]
[vizulab.com.au/products/visualisation/redrover/amp/index.html]
[vizulab.com.au/wp-json/oembed/1.0/embede9f2.json]
[vizulab.com.au/wp-json/oembed/1.0/embed116c]
[i0.wp.com/vizulab.com.au/wp-content/uploads/2019/12/redrover-headerac49.jpg]
[i0.wp.com/vizulab.com.au/wp-content/uploads/2019/12/redrover-header0fe2.jpg]
[i0.wp.com/vizulab.com.au/wp-content/uploads/2017/08/redrover_cat_7_large_img1_2cded.jpg]
[i0.wp.com/vizulab.com.au/wp-content/uploads/2017/08/redrover-header-1ac49.jpg]
[i0.wp.com/vizulab.com.au/wp-content/uploads/2019/12/redrover-hero9654.png]
[vizulab.com.au/products/visualisation/redrover/index.html]
[vizulab.com.au/wp-content/uploads/2019/12/education.jpg]
[vizulab.com.au/solutions/education/amp/index.html]
[vizulab.com.au/wp-json/oembed/1.0/embed229b.json]
[vizulab.com.au/wp-json/oembed/1.0/embed226f]
[i0.wp.com/vizulab.com.au/wp-content/uploads/2019/12/educationac49.jpg]
[i0.wp.com/vizulab.com.au/wp-content/uploads/2019/12/education0fe2.jpg]
[vizulab.com.au/solutions/education/index.html]
[vizulab.com.au/wp-content/uploads/2019/12/defence.jpg]
[vizulab.com.au/solutions/defence/amp/index.html]
[vizulab.com.au/wp-json/oembed/1.0/embed7f6d.json]
[vizulab.com.au/wp-json/oembed/1.0/embed5237]
[i0.wp.com/vizulab.com.au/wp-content/uploads/2019/12/defenceac49.jpg]
[i0.wp.com/vizulab.com.au/wp-content/uploads/2019/12/defence0fe2.jpg]
[i0.wp.com/vizulab.com.au/wp-content/uploads/2017/08/worldviz-vr-Apache03-1024x615910f.jpg]
[vizulab.com.au/solutions/defence/index.html]
[vizulab.com.au/wp-content/uploads/2019/12/manufacturing.jpg]
[vizulab.com.au/solutions/manufacturing/amp/index.html]
[vizulab.com.au/wp-json/oembed/1.0/embedc1f4.json]
[vizulab.com.au/wp-json/oembed/1.0/embed54b4]
[i0.wp.com/vizulab.com.au/wp-content/uploads/2019/12/manufacturingac49.jpg]
[i0.wp.com/vizulab.com.au/wp-content/uploads/2019/12/manufacturing0fe2.jpg]
[i0.wp.com/vizulab.com.au/wp-content/uploads/2017/08/manufacturing_para1f9c.jpg]
[vizulab.com.au/solutions/manufacturing/index.html]
[vizulab.com.au/index494d.html]
[c0.wp.com/c/5.9/wp-includes/js/mediaelement/mejs-controls.svg]
[vizulab.com.au/wp-content/plugins/essential-grid/public/assets/font/fontello/fonts/egfontdde9.svg]
[vizulab.com.au/wp-content/plugins/wc-shortcodes/public/assets/img/ring-alt.svg]
[vizulab.com.au/wp-content/themes/quark-child/fonts/ProximaNovaRegular.svg]
[vizulab.com.au/wp-content/themes/quark-child/fonts/Exo2-Regular.svg]
[pixel.wp.com/g122a.gif]
[vizulab.com.au/contact/amp/index.html]
[vizulab.com.au/wp-content/plugins/LayerSlider/assets/static/layerslider/css/layerslidera20b.css]
[c0.wp.com/c/5.9.2/wp-includes/css/dist/block-library/style.min.css]
[c0.wp.com/c/5.9.2/wp-includes/js/mediaelement/mediaelementplayer-legacy.min.css]
[c0.wp.com/c/5.9.2/wp-includes/js/mediaelement/wp-mediaelement.min.css]
[vizulab.com.au/wp-content/plugins/contact-form-7/includes/css/styles5406.css]
[vizulab.com.au/wp-content/plugins/essential-grid/public/assets/css/settingsc578.css]
[vizulab.com.au/wp-content/plugins/essential-grid/public/assets/font/fontello/css/fontelloc578.css]
[c0.wp.com/c/5.9.2/wp-includes/css/dashicons.min.css]
[c0.wp.com/c/5.9.2/wp-includes/js/mediaelement/mejs-controls.svg]
[vizulab.com.au/wp-content/plugins/ultimate-social-media-icons/css/fonts/helvetica_bold_0-webfont.woff]
[vizulab.com.au/wp-content/plugins/ultimate-social-media-icons/css/fonts/helvetica_bold_0-webfont.ttf]
[vizulab.com.au/wp-content/plugins/ultimate-social-media-icons/css/fonts/helvetica_0-webfont.woff]
[vizulab.com.au/wp-content/plugins/ultimate-social-media-icons/css/fonts/helvetica_0-webfont.ttf]
[vizulab.com.au/wp-content/plugins/ultimate-social-media-icons/css/fonts/helveticaneue-light.woff]
[vizulab.com.au/wp-content/plugins/ultimate-social-media-icons/css/fonts/helveticaneue-light.ttf]
[vizulab.com.au/wp-content/plugins/ultimate-social-media-icons/css/sfsi-stylede39.css]
[vizulab.com.au/wp-content/plugins/wc-shortcodes/public/assets/css/style3f1e.css]
[vizulab.com.au/wp-content/themes/quark/style6dcf.css]
[vizulab.com.au/wp-content/themes/quark-child/style6dcf.css]
[vizulab.com.au/wp-content/themes/quark/css/normalize0235.css]
[vizulab.com.au/wp-content/themes/quark/fonts/fontawesome-webfontd41d.eot]
[vizulab.com.au/wp-content/themes/quark/fonts/fontawesome-webfont5b62.woff2]
[vizulab.com.au/wp-content/themes/quark/fonts/fontawesome-webfont5b62.woff]
[vizulab.com.au/wp-content/themes/quark/fonts/fontawesome-webfont5b62.ttf]
[vizulab.com.au/wp-content/themes/quark/css/font-awesome.min4698.css]
[vizulab.com.au/wp-content/themes/quark/css/grid8a54.css]
[vizulab.com.au/wp-content/plugins/zoho-crm-forms/assets/css/jquery-ui6dcf.css]
[vizulab.com.au/wp-content/plugins/zoho-crm-forms/assets/css/frontendstyles6dcf.css]
[vizulab.com.au/wp-content/plugins/wc-shortcodes/public/assets/fonts/fontawesome-webfontd41d.eot]
[vizulab.com.au/wp-content/plugins/wc-shortcodes/public/assets/fonts/fontawesome-webfont3e6e.woff2]
[vizulab.com.au/wp-content/plugins/wc-shortcodes/public/assets/fonts/fontawesome-webfont3e6e.woff]
[vizulab.com.au/wp-content/plugins/wc-shortcodes/public/assets/fonts/fontawesome-webfont3e6e.ttf]
[vizulab.com.au/wp-content/plugins/wc-shortcodes/public/assets/css/font-awesome.min1849.css]
[c0.wp.com/p/jetpack/10.7/modules/shortcodes/img/slideshow-controls.png]
[c0.wp.com/p/jetpack/10.7/modules/shortcodes/img/slideshow-controls-2x.png]
[c0.wp.com/p/jetpack/10.7/modules/shortcodes/images/slide-nav.png]
[c0.wp.com/p/jetpack/10.7/modules/shortcodes/images/expand.png]
[c0.wp.com/p/jetpack/10.7/modules/shortcodes/images/collapse.png]
[c0.wp.com/p/jetpack/10.7/css/jetpack.css]
[vizulab.com.au/wp-json/wp/v2/pages/22.json]
[vizulab.com.au/index0345.html]
[vizulab.com.au/indexfd59.html]
[vizulab.com.au/wp-content/uploads/2020/12/parking.svg]
[vizulab.com.au/wp-content/uploads/2020/12/train.svg]
[vizulab.com.au/wp-content/uploads/2020/12/bus.svg]
[pixel.wp.com/g398b.gif]
[vizulab.com.au/products/amp/index.html]
[vizulab.com.au/wp-json/wp/v2/pages/14.json]
[vizulab.com.au/index0b69.html]
[vizulab.com.au/wp-content/uploads/2017/08/alioscopy-header-2.jpg]
[vizulab.com.au/products/visualisation/aliscopy-3d-displays/alioscopy-3d-software/amp/index.html]
[vizulab.com.au/wp-json/oembed/1.0/embed729a.json]
[vizulab.com.au/wp-json/oembed/1.0/embedc9f8]
[i0.wp.com/vizulab.com.au/wp-content/uploads/2017/08/alioscopy-header-2ac49.jpg]
[i0.wp.com/vizulab.com.au/wp-content/uploads/2017/08/alioscopy-header-20fe2.jpg]
[i0.wp.com/vizulab.com.au/wp-content/uploads/2017/08/maya_screenshotca6f.jpg]
[vizulab.com.au/products/visualisation/aliscopy-3d-displays/alioscopy-3d-software/index.html]
[vizulab.com.au/wp-content/uploads/2017/08/alioscopy-header-1.jpg]
[vizulab.com.au/products/visualisation/aliscopy-3d-displays/alioscopy-glasses-free-3d-displays/amp/index.html]
[vizulab.com.au/wp-json/oembed/1.0/embedf716.json]
[vizulab.com.au/wp-json/oembed/1.0/embed0a21]
[i0.wp.com/vizulab.com.au/wp-content/uploads/2017/08/alioscopy-header-1ac49.jpg]
[i0.wp.com/vizulab.com.au/wp-content/uploads/2017/08/alioscopy-header-10fe2.jpg]
[i0.wp.com/vizulab.com.au/wp-content/uploads/2017/08/Alioscopy3DHD42S_Coins8591.jpg]
[i0.wp.com/vizulab.com.au/wp-content/uploads/2017/08/Alioscopy3DHD24b64e.jpg]
[vizulab.com.au/products/visualisation/aliscopy-3d-displays/alioscopy-glasses-free-3d-displays/index.html]
[vizulab.com.au/wp-content/uploads/2019/12/pluraview-2.5-4k-header.jpg]
[vizulab.com.au/products/visualisation/pluraview-australia/pluraview-2-5k-3d-monitor/amp/index.html]
[vizulab.com.au/wp-json/oembed/1.0/embed0096.json]
[vizulab.com.au/wp-json/oembed/1.0/embed4175]
[i0.wp.com/vizulab.com.au/wp-content/uploads/2019/12/pluraview-2.5-4k-header0fe2.jpg]
[i0.wp.com/vizulab.com.au/wp-content/uploads/2019/12/pluraview-tec-specs-2.5-4ka714.png]
[vizulab.com.au/products/visualisation/pluraview-australia/pluraview-2-5k-3d-monitor/index.html]
[vizulab.com.au/wp-content/uploads/2019/12/pluraview-2.5-4k-header-1.jpg]
[vizulab.com.au/products/visualisation/pluraview-australia/pluraview-4k-3d-monitor/amp/index.html]
[vizulab.com.au/wp-json/oembed/1.0/embedbbad.json]
[vizulab.com.au/wp-json/oembed/1.0/embed6dd8]
[i0.wp.com/vizulab.com.au/wp-content/uploads/2019/12/pluraview-2.5-4k-header-10fe2.jpg]
[vizulab.com.au/products/visualisation/pluraview-australia/pluraview-4k-3d-monitor/index.html]
[vizulab.com.au/wp-content/uploads/2019/11/pluraview-fullhd-header.jpg]
[vizulab.com.au/products/visualisation/pluraview-australia/pluraview-fullhd-3d-monitor/amp/index.html]
[vizulab.com.au/wp-json/oembed/1.0/embedea87.json]
[vizulab.com.au/wp-json/oembed/1.0/embed829b]
[i0.wp.com/vizulab.com.au/wp-content/uploads/2019/11/pluraview-fullhd-header0fe2.jpg]
[i0.wp.com/vizulab.com.au/wp-content/uploads/2019/11/pluraview-tec-specs-FullHD6533.png]
[vizulab.com.au/products/visualisation/pluraview-australia/pluraview-fullhd-3d-monitor/index.html]
[vizulab.com.au/wp-content/uploads/2017/08/redrover-header-1.jpg]
[vizulab.com.au/products/visualisation/redrover/redrover-true3di-sdm-240-3d-monitor/amp/index.html]
[vizulab.com.au/wp-json/oembed/1.0/embeda6f6.json]
[vizulab.com.au/wp-json/oembed/1.0/embedbdd5]
[i0.wp.com/vizulab.com.au/wp-content/uploads/2017/08/redrover-header-10fe2.jpg]
[i0.wp.com/vizulab.com.au/wp-content/uploads/2017/08/rnd036481.jpg]
[i0.wp.com/vizulab.com.au/wp-content/uploads/2019/12/redrover-hero5fde.png]
[vizulab.com.au/products/visualisation/redrover/redrover-true3di-sdm-240-3d-monitor/index.html]
[vizulab.com.au/wp-content/uploads/2022/02/worldviz-vizard-header.jpg]
[vizulab.com.au/products/virtual-reality/worldviz-australia/vizard-virtual-reality-software/amp/index.html]
[vizulab.com.au/wp-json/oembed/1.0/embed1f5b.json]
[vizulab.com.au/wp-json/oembed/1.0/embedca8c]
[i0.wp.com/vizulab.com.au/wp-content/uploads/2022/02/worldviz-vizard-header0fe2.jpg]
[i0.wp.com/vizulab.com.au/wp-content/uploads/2017/08/Inspector_Monitor-1024x723-1024x7238052.jpg]
[i0.wp.com/vizulab.com.au/wp-content/uploads/2017/08/worldvis-vizard-oceans-1024x576f727.jpg]
[vizulab.com.au/products/virtual-reality/worldviz-australia/vizard-virtual-reality-software/index.html]
[pixel.wp.com/g1c16.gif]
[vizulab.com.au/products/virtual-reality/amp/index.html]
[vizulab.com.au/wp-json/wp/v2/pages/344.json]
[vizulab.com.au/index6150.html]
[i2.wp.com/vizulab.com.au/wp-content/uploads/2017/08/VizMove-Seated-VR-Systemc826.jpg]
[vizulab.com.au/virtual-reality/vizmove-seated-vr-system/feed/index.html]
[vizulab.com.au/virtual-reality/vizmove-seated-vr-system/amp/index.html]
[vizulab.com.au/wp-json/oembed/1.0/embed901d.json]
[vizulab.com.au/wp-json/oembed/1.0/embed5f02]
[vizulab.com.au/virtual-reality/vizmove-seated-vr-system/index.html]
[i1.wp.com/vizulab.com.au/wp-content/uploads/2017/08/VizMove-Standing-VR-Systemc826.jpg]
[vizulab.com.au/wp-json/oembed/1.0/embed0efe.json]
[vizulab.com.au/virtual-reality/vizmove-standing-vr-system/feed/index.html]
[vizulab.com.au/virtual-reality/vizmove-standing-vr-system/amp/index.html]
[vizulab.com.au/wp-json/oembed/1.0/embedde87]
[vizulab.com.au/virtual-reality/vizmove-standing-vr-system/index.html]
[i1.wp.com/vizulab.com.au/wp-content/uploads/2017/09/worldviz-pptc826.jpg]
[vizulab.com.au/virtual-reality/worldviz-vizible/amp/index.html]
[vizulab.com.au/virtual-reality/worldviz-vizible/feed/index.html]
[vizulab.com.au/wp-json/oembed/1.0/embed2295.json]
[vizulab.com.au/wp-json/oembed/1.0/embed9ced]
[vizulab.com.au/virtual-reality/worldviz-vizible/index.html]
[i0.wp.com/vizulab.com.au/wp-content/uploads/2017/09/worldviz-pptf59c.jpg]
[vizulab.com.au/category/virtual-reality/amp/index.html]
[i0.wp.com/vizulab.com.au/wp-content/uploads/2017/08/VizMove-Seated-VR-Systemf59c.jpg]
[pixel.wp.com/gfa96.gif]
[vizulab.com.au/virtual-reality/worldviz-precision-position-tracking-ppt/amp/index.html]
[vizulab.com.au/wp-json/wp/v2/posts/661.json]
[vizulab.com.au/indexd4f5.html]
[vizulab.com.au/category/simulation/index.html]
[vizulab.com.au/simulation/amp/index.html]
[vizulab.com.au/wp-json/wp/v2/categories/11.json]
[vizulab.com.au/category/simulation/amp/index.html]
[i0.wp.com/vizulab.com.au/wp-content/uploads/2017/08/openhapticsf59c.jpg]
[pixel.wp.com/ge210.gif]
[vizulab.com.au/simulation/haptics/geomagic-phantom-premium-haptic-devices/amp/index.html]
[vizulab.com.au/wp-json/wp/v2/posts/530.json]
[vizulab.com.au/indexde52.html]
[i0.wp.com/vizulab.com.au/wp-content/uploads/2017/08/hapticsf59c.jpg]
[vizulab.com.au/category/simulation/haptics/amp/index.html]
[pixel.wp.com/g802e.gif]
[vizulab.com.au/simulation/haptics/geomagic-openhaptics-toolkit/amp/index.html]
[vizulab.com.au/wp-json/wp/v2/posts/540.json]
[vizulab.com.au/index092b.html]
[vizulab.com.au/category/visualisation/index.html]
[vizulab.com.au/visualisation/amp/index.html]
[vizulab.com.au/wp-json/wp/v2/categories/19.json]
[vizulab.com.au/category/visualisation/amp/index.html]
[vizulab.com.au/wp-content/uploads/2017/08/Alioscopy-3D-Software.jpg]
[vizulab.com.au/visualisation/alioscopy-3d-software/amp/index.html]
[vizulab.com.au/visualisation/alioscopy-3d-software/feed/index.html]
[vizulab.com.au/wp-json/oembed/1.0/embed3494.json]
[vizulab.com.au/wp-json/oembed/1.0/embede5e2]
[vizulab.com.au/visualisation/alioscopy-3d-software/index.html]
[vizulab.com.au/wp-content/uploads/2017/08/Alioscopy-Glasses-Free-3D-Displays.jpg]
[vizulab.com.au/visualisation/alioscopy-glasses-free-3d-displays/amp/index.html]
[vizulab.com.au/visualisation/alioscopy-glasses-free-3d-displays/feed/index.html]
[vizulab.com.au/wp-json/oembed/1.0/embed71a1.json]
[vizulab.com.au/wp-json/oembed/1.0/embedc347]
[vizulab.com.au/visualisation/alioscopy-glasses-free-3d-displays/index.html]
[vizulab.com.au/wp-content/uploads/2019/12/pluraview-2.5-4k-feature.jpg]
[vizulab.com.au/visualisation/pluraview-2-5k-3d-monitor/amp/index.html]
[vizulab.com.au/visualisation/pluraview-2-5k-3d-monitor/feed/index.html]
[vizulab.com.au/wp-json/oembed/1.0/embedbf1f.json]
[vizulab.com.au/wp-json/oembed/1.0/embedbde9]
[vizulab.com.au/wp-content/plugins/contact-form-7/includes/js/index24b2.js]
[vizulab.com.au/wp-content/plugins/ultimate-social-media-icons/js/customeed8.js]
[vizulab.com.au/wp-content/plugins/contact-form-7/modules/recaptcha/index24b2.js]
[vizulab.com.au/visualisation/pluraview-2-5k-3d-monitor/index.html]
[stats.wp.com/e-202207.js]
[vizulab.com.au/visualisation/pluraview-4k-3d-monitor/amp/index.html]
[vizulab.com.au/visualisation/pluraview-4k-3d-monitor/feed/index.html]
[vizulab.com.au/wp-json/oembed/1.0/embedea1d.json]
[vizulab.com.au/wp-json/oembed/1.0/embedd5e8]
[vizulab.com.au/visualisation/pluraview-4k-3d-monitor/index.html]
[vizulab.com.au/wp-content/uploads/2019/11/pluraview-fullhd-feature.jpg]
[vizulab.com.au/visualisation/pluraview-fullhd-3d-monitor/amp/index.html]
[vizulab.com.au/visualisation/pluraview-fullhd-3d-monitor/feed/index.html]
[vizulab.com.au/wp-json/oembed/1.0/embed057f.json]
[vizulab.com.au/wp-json/oembed/1.0/embed4e86]
[vizulab.com.au/visualisation/pluraview-fullhd-3d-monitor/index.html]
[vizulab.com.au/wp-content/uploads/2017/08/RedRover-True3Di-SDM-240-3D-Monitor.jpg]
[vizulab.com.au/visualisation/true3di-sdm-240-3d-monitor/amp/index.html]
[vizulab.com.au/visualisation/true3di-sdm-240-3d-monitor/feed/index.html]
[vizulab.com.au/wp-json/oembed/1.0/embed4e7c.json]
[vizulab.com.au/wp-json/oembed/1.0/embed933f]
[vizulab.com.au/visualisation/true3di-sdm-240-3d-monitor/index.html]
[cdn.ampproject.org/v0/amp-iframe-latest.js]
[i0.wp.com/vizulab.com.au/wp-content/uploads/2019/12/pluraview-2.5-4k-featuref59c.jpg]
[i0.wp.com/vizulab.com.au/wp-content/uploads/2019/11/pluraview-fullhd-featuref59c.jpg]
[pixel.wp.com/gd677.gif]
[vizulab.com.au/visualisation/worldviz-vizmove-projection-vr-system/amp/index.html]
[vizulab.com.au/wp-json/wp/v2/posts/102.json]
[vizulab.com.au/indexc5eb.html]
[i0.wp.com/vizulab.com.au/wp-content/uploads/2017/09/WorldViz-Vizibleac49.html]
[pixel.wp.com/g6133.gif]
[vizulab.com.au/services/amp/index.html]
[vizulab.com.au/wp-json/wp/v2/pages/16.json]
[vizulab.com.au/index0e62.html]
[pixel.wp.com/g2e8c.gif]
[vizulab.com.au/solutions/amp/index.html]
[vizulab.com.au/wp-json/wp/v2/pages/18.json]
[vizulab.com.au/index0735.html]
[pixel.wp.com/g23c8.gif]
[vizulab.com.au/about/amp/index.html]
[vizulab.com.au/wp-json/wp/v2/pages/20.json]
[vizulab.com.au/index341b.html]
[vizulab.com.au/category/virtual-reality/index.html]
[vizulab.com.au/virtual-reality/amp/index.html]
[vizulab.com.au/wp-json/wp/v2/categories/6.json]
[i1.wp.com/vizulab.com.au/wp-content/uploads/2017/08/Vizard-Virtual-Reality-Softwarec826.jpg]
[vizulab.com.au/virtual-reality/vizard-virtual-reality-software/amp/index.html]
[vizulab.com.au/virtual-reality/vizard-virtual-reality-software/feed/index.html]
[vizulab.com.au/wp-json/oembed/1.0/embed28de.json]
[vizulab.com.au/wp-json/oembed/1.0/embed01a4]
[vizulab.com.au/wp-content/uploads/2017/08/worldviz-vizard-banner.jpg]
[vizulab.com.au/virtual-reality/vizard-virtual-reality-software/index.html]
[vizulab.com.au/category/simulation/haptics/index.html]
[i2.wp.com/vizulab.com.au/wp-content/uploads/2017/08/VizMove-Walking-VR-Systemc826.jpg]
[vizulab.com.au/virtual-reality/worldviz-vizmove-walking-vr-system/amp/index.html]
[vizulab.com.au/wp-json/oembed/1.0/embed5638.json]
[vizulab.com.au/virtual-reality/worldviz-vizmove-walking-vr-system/feed/index.html]
[vizulab.com.au/wp-json/oembed/1.0/embedf498]
[vizulab.com.au/virtual-reality/worldviz-vizmove-walking-vr-system/index.html]
[pixel.wp.com/gf725.gif]
[vizulab.com.au/products/virtual-reality/worldviz-australia/vizmove-seated-vr-system/amp/index.html]
[vizulab.com.au/wp-json/wp/v2/pages/1255.json]
[vizulab.com.au/index3eeb.html]
[vizulab.com.au/wp-content/uploads/2022/02/worldviz-header.jpg]
[vizulab.com.au/products/virtual-reality/worldviz-australia/amp/index.html]
[vizulab.com.au/wp-json/oembed/1.0/embed8d9f.json]
[vizulab.com.au/wp-json/oembed/1.0/embedd374]
[i0.wp.com/vizulab.com.au/wp-content/uploads/2022/02/worldviz-headerac49.jpg]
[i0.wp.com/vizulab.com.au/wp-content/uploads/2022/02/worldviz-header0fe2.jpg]
[i0.wp.com/vizulab.com.au/wp-content/uploads/2017/08/worldvis-vizmove5569.jpg]
[i0.wp.com/vizulab.com.au/wp-content/uploads/2017/08/manufacturing_right-1024x570-1024x5708769.jpg]
[i0.wp.com/vizulab.com.au/wp-content/uploads/2022/02/custom-vr-solutions94e3.jpg]
[i0.wp.com/vizulab.com.au/wp-content/uploads/2022/02/no-code-vr-software94e3.jpg]
[i0.wp.com/vizulab.com.au/wp-content/uploads/2022/02/scalable-vr-systems94e3.jpg]
[vizulab.com.au/products/virtual-reality/worldviz-australia/index.html]
[pixel.wp.com/gc2b0.gif]
[vizulab.com.au/products/virtual-reality/worldviz-australia/vizmove-standing-vr-system/amp/index.html]
[vizulab.com.au/wp-json/wp/v2/pages/1254.json]
[vizulab.com.au/index2fb4.html]
[pixel.wp.com/ge9fe.gif]
[vizulab.com.au/products/virtual-reality/worldviz-australia/vizmove-walking-vr-system/amp/index.html]
[vizulab.com.au/wp-json/wp/v2/pages/1253.json]
[vizulab.com.au/indexa69b.html]
[pixel.wp.com/gdf04.gif]
[vizulab.com.au/products/virtual-reality/worldviz-australia/worldviz-vizible/amp/index.html]
[vizulab.com.au/wp-json/wp/v2/pages/1257.json]
[vizulab.com.au/indexd59f.html]
[pixel.wp.com/g4d0d.gif]
[vizulab.com.au/products/virtual-reality/worldviz-australia/worldviz-precision-position-tracking-ppt/amp/index.html]
[vizulab.com.au/wp-json/wp/v2/pages/1297.json]
[vizulab.com.au/index214b.html]
[pixel.wp.com/g617f.gif]
[vizulab.com.au/products/simulation/amp/index.html]
[vizulab.com.au/wp-json/wp/v2/pages/346.json]
[vizulab.com.au/index17f1.html]
[pixel.wp.com/ga10a.gif]
[vizulab.com.au/products/simulation/geomagic-australia/geomagic-phantom-premium-haptic-devices/amp/index.html]
[vizulab.com.au/wp-json/wp/v2/pages/1293.json]
[vizulab.com.au/index4293.html]
[vizulab.com.au/wp-content/uploads/2022/02/geomagic-haptic-header.jpg]
[vizulab.com.au/products/simulation/geomagic-australia/amp/index.html]
[vizulab.com.au/wp-json/oembed/1.0/embed93df.json]
[vizulab.com.au/wp-json/oembed/1.0/embede09c]
[i0.wp.com/vizulab.com.au/wp-content/uploads/2022/02/geomagic-haptic-headerac49.jpg]
[i0.wp.com/vizulab.com.au/wp-content/uploads/2022/02/geomagic-haptic-header0fe2.jpg]
[i0.wp.com/vizulab.com.au/wp-content/uploads/2017/08/3d-systems-phantom-premium-hero_3cffe.png]
[i0.wp.com/vizulab.com.au/wp-content/uploads/2022/02/3d-systems-touch-herofe95.png]
[vizulab.com.au/products/simulation/geomagic-australia/index.html]
[pixel.wp.com/g51db.gif]
[vizulab.com.au/products/simulation/geomagic-australia/geomagic-openhaptics-toolkit/amp/index.html]
[vizulab.com.au/wp-json/wp/v2/pages/1292.json]
[vizulab.com.au/indexfc88.html]
[pixel.wp.com/g3654.gif]
[vizulab.com.au/products/visualisation/amp/index.html]
[vizulab.com.au/wp-json/wp/v2/pages/348.json]
[vizulab.com.au/index2206.html]
[pixel.wp.com/gdf9f.gif]
[vizulab.com.au/products/virtual-reality/worldviz-australia/vizmove-projection-vr-system/amp/index.html]
[vizulab.com.au/wp-json/wp/v2/pages/1252.json]
[vizulab.com.au/indexb09c.html]
[pixel.wp.com/g9d36.gif]
[vizulab.com.au/products/visualisation/pluraview-australia/amp/index.html]
[vizulab.com.au/wp-json/wp/v2/pages/822.json]
[vizulab.com.au/indexaaf8.html]
[pixel.wp.com/g94dc.gif]
[vizulab.com.au/products/visualisation/aliscopy-3d-displays/amp/index.html]
[vizulab.com.au/wp-json/wp/v2/pages/386.json]
[vizulab.com.au/index2023.html]
[pixel.wp.com/gbebd.gif]
[vizulab.com.au/products/visualisation/redrover/amp/index.html]
[vizulab.com.au/wp-json/wp/v2/pages/419.json]
[vizulab.com.au/indexbdfa.html]
[pixel.wp.com/gf0ff.gif]
[vizulab.com.au/solutions/education/amp/index.html]
[vizulab.com.au/wp-json/wp/v2/pages/498.json]
[vizulab.com.au/index5b8d.html]
[pixel.wp.com/g3227.gif]
[vizulab.com.au/solutions/defence/amp/index.html]
[vizulab.com.au/wp-json/wp/v2/pages/501.json]
[vizulab.com.au/indexc508.html]
[pixel.wp.com/gb63f.gif]
[vizulab.com.au/solutions/manufacturing/amp/index.html]
[vizulab.com.au/wp-json/wp/v2/pages/503.json]
[vizulab.com.au/index6c15.html]
[vizulab.com.au/contact/index494d.html]
[c0.wp.com/c/5.9.2/wp-includes/js/mediaelement/mejs-controls.svg]
[vizulab.com.au/wp-content/plugins/ultimate-social-media-icons/css/fonts/helvetica_bold_0-webfont.svg]
[vizulab.com.au/wp-content/plugins/ultimate-social-media-icons/css/fonts/helvetica_0-webfont.svg]
[vizulab.com.au/wp-content/plugins/ultimate-social-media-icons/css/fonts/helveticaneue-light.svg]
[vizulab.com.au/wp-content/themes/quark/fonts/fontawesome-webfont5b62.svg]
[vizulab.com.au/wp-content/plugins/wc-shortcodes/public/assets/fonts/fontawesome-webfont3e6e.svg]
[vizulab.com.au/products/index494d.html]
[pixel.wp.com/gd4ea.gif]
[vizulab.com.au/products/visualisation/aliscopy-3d-displays/alioscopy-3d-software/amp/index.html]
[vizulab.com.au/wp-json/wp/v2/pages/1276.json]
[vizulab.com.au/index6c09.html]
[pixel.wp.com/gdbe8.gif]
[vizulab.com.au/products/visualisation/aliscopy-3d-displays/alioscopy-glasses-free-3d-displays/amp/index.html]
[vizulab.com.au/wp-json/wp/v2/pages/1277.json]
[vizulab.com.au/indexa414.html]
[pixel.wp.com/gfa2b.gif]
[vizulab.com.au/products/visualisation/pluraview-australia/pluraview-2-5k-3d-monitor/amp/index.html]
[vizulab.com.au/wp-json/wp/v2/pages/1247.json]
[vizulab.com.au/index4407.html]
[i0.wp.com/vizulab.com.au/wp-content/uploads/2019/12/schneider-digital-3d-pluraview-beamsplitter-technologiebd39.html]
[pixel.wp.com/g0f1a.gif]
[vizulab.com.au/products/visualisation/pluraview-australia/pluraview-4k-3d-monitor/amp/index.html]
[vizulab.com.au/wp-json/wp/v2/pages/1246.json]
[vizulab.com.au/index00ab.html]
[pixel.wp.com/g6f2d.gif]
[vizulab.com.au/products/visualisation/pluraview-australia/pluraview-fullhd-3d-monitor/amp/index.html]
[vizulab.com.au/wp-json/wp/v2/pages/1248.json]
[vizulab.com.au/indexfc76.html]
[pixel.wp.com/ga989.gif]
[vizulab.com.au/products/visualisation/redrover/redrover-true3di-sdm-240-3d-monitor/amp/index.html]
[vizulab.com.au/wp-json/wp/v2/pages/1281.json]
[vizulab.com.au/index8152.html]
[pixel.wp.com/gb961.gif]
[vizulab.com.au/products/virtual-reality/worldviz-australia/vizard-virtual-reality-software/amp/index.html]
[vizulab.com.au/wp-json/wp/v2/pages/1256.json]
[vizulab.com.au/index3003.html]
[vizulab.com.au/products/virtual-reality/index494d.html]
[i0.wp.com/vizulab.com.au/wp-content/uploads/2017/09/worldviz-PPT-eyes_wand_4cams-1-e1504661898758297e.jpg]
[pixel.wp.com/g9dea.gif]
[vizulab.com.au/virtual-reality/vizmove-seated-vr-system/amp/index.html]
[vizulab.com.au/wp-json/wp/v2/posts/130.json]
[vizulab.com.au/index8b4e.html]
[pixel.wp.com/gc0b4.gif]
[vizulab.com.au/virtual-reality/vizmove-standing-vr-system/amp/index.html]
[vizulab.com.au/wp-json/wp/v2/posts/122.json]
[vizulab.com.au/indexdb84.html]
[pixel.wp.com/gaad5.gif]
[vizulab.com.au/virtual-reality/worldviz-vizible/amp/index.html]
[vizulab.com.au/wp-json/wp/v2/posts/643.json]
[vizulab.com.au/indexb0f8.html]
[vizulab.com.au/virtual-reality/worldviz-precision-position-tracking-ppt/index494d.html]
[i0.wp.com/vizulab.com.au/wp-content/uploads/2017/09/worldviz-PPT-eyes_wand_4cams-1-e1504661898758796e.jpg]
[i0.wp.com/vizulab.com.au/wp-content/uploads/2017/09/worldviz-ppt85df.jpg]
[i0.wp.com/vizulab.com.au/wp-content/uploads/2017/08/Vizard-Virtual-Reality-Software85df.jpg]
[i0.wp.com/vizulab.com.au/wp-content/uploads/2017/08/VizMove-Seated-VR-System85df.jpg]
[i0.wp.com/vizulab.com.au/wp-content/uploads/2017/08/VizMove-Standing-VR-System85df.jpg]
[i0.wp.com/vizulab.com.au/wp-content/uploads/2017/08/VizMove-Walking-VR-System85df.jpg]
[vizulab.com.au/category/virtual-reality/amp/index.html]
[i0.wp.com/vizulab.com.au/wp-content/uploads/2017/08/openhaptics85df.jpg]
[i0.wp.com/vizulab.com.au/wp-content/uploads/2017/08/haptics85df.jpg]
[vizulab.com.au/category/simulation/amp/index.html]
[vizulab.com.au/simulation/haptics/geomagic-phantom-premium-haptic-devices/index494d.html]
[vizulab.com.au/category/simulation/haptics/amp/index.html]
[vizulab.com.au/simulation/haptics/geomagic-openhaptics-toolkit/index494d.html]
[i0.wp.com/vizulab.com.au/wp-content/uploads/2019/12/pluraview-2.5-4k-feature85df.jpg]
[i0.wp.com/vizulab.com.au/wp-content/uploads/2019/11/pluraview-fullhd-feature85df.jpg]
[i0.wp.com/vizulab.com.au/wp-content/uploads/2017/08/RedRover-True3Di-SDM-240-3D-Monitor85df.jpg]
[i0.wp.com/vizulab.com.au/wp-content/uploads/2017/08/Alioscopy-3D-Software85df.jpg]
[i0.wp.com/vizulab.com.au/wp-content/uploads/2017/08/Alioscopy-Glasses-Free-3D-Displays85df.jpg]
[i0.wp.com/vizulab.com.au/wp-content/uploads/2017/08/VizMove-Projection-VR-System85df.jpg]
[vizulab.com.au/category/visualisation/amp/index.html]
[pixel.wp.com/gad4c.gif]
[vizulab.com.au/visualisation/alioscopy-3d-software/amp/index.html]
[vizulab.com.au/wp-json/wp/v2/posts/411.json]
[vizulab.com.au/index8eaf.html]
[pixel.wp.com/g7bd4.gif]
[vizulab.com.au/visualisation/alioscopy-glasses-free-3d-displays/amp/index.html]
[vizulab.com.au/wp-json/wp/v2/posts/403.json]
[vizulab.com.au/index23ea.html]
[pixel.wp.com/g404b.gif]
[vizulab.com.au/visualisation/pluraview-2-5k-3d-monitor/amp/index.html]
[vizulab.com.au/wp-json/wp/v2/posts/850.json]
[vizulab.com.au/indexfe6b.html]
[pixel.wp.com/ga927.gif]
[vizulab.com.au/visualisation/pluraview-4k-3d-monitor/amp/index.html]
[vizulab.com.au/wp-json/wp/v2/posts/859.json]
[vizulab.com.au/index049d.html]
[pixel.wp.com/g0ea3.gif]
[vizulab.com.au/visualisation/pluraview-fullhd-3d-monitor/amp/index.html]
[vizulab.com.au/wp-json/wp/v2/posts/835.json]
[vizulab.com.au/index7a13.html]
[pixel.wp.com/g18b7.gif]
[vizulab.com.au/visualisation/true3di-sdm-240-3d-monitor/amp/index.html]
[vizulab.com.au/wp-json/wp/v2/posts/418.json]
[vizulab.com.au/index1263.html]
[vizulab.com.au/visualisation/worldviz-vizmove-projection-vr-system/index494d.html]
[vizulab.com.au/services/index494d.html]
[vizulab.com.au/solutions/index494d.html]
[vizulab.com.au/about/index494d.html]
[pixel.wp.com/g3304.gif]
[vizulab.com.au/virtual-reality/vizard-virtual-reality-software/amp/index.html]
[vizulab.com.au/wp-json/wp/v2/posts/139.json]
[vizulab.com.au/indexb4d2.html]
[vizulab.com.au/category/simulation/haptics/feed/index.html]
[vizulab.com.au/category/simulation/haptics/index.html]
[pixel.wp.com/g97ad.gif]
[vizulab.com.au/virtual-reality/worldviz-vizmove-walking-vr-system/amp/index.html]
[vizulab.com.au/wp-json/wp/v2/posts/118.json]
[vizulab.com.au/indexdb4e.html]
[vizulab.com.au/products/virtual-reality/worldviz-australia/vizmove-seated-vr-system/index494d.html]
[pixel.wp.com/gd2dc.gif]
[vizulab.com.au/products/virtual-reality/worldviz-australia/amp/index.html]
[vizulab.com.au/wp-json/wp/v2/pages/92.json]
[vizulab.com.au/index8e15.html]
[vizulab.com.au/worldviz-australia/virtual-reality-development/index.html]
[vizulab.com.au/worldviz-australia/virtual-reality-collaboration-software/index.html]
[vizulab.com.au/products/virtual-reality/worldviz-australia/virtual-reality-development/index.html]
[vizulab.com.au/worldviz-australia/virtual-reality-solutions/index.html]
[vizulab.com.au/products/virtual-reality/worldviz-australia/virtual-reality-collaboration-software/index.html]
[vizulab.com.au/products/virtual-reality/worldviz-australia/vizmove-standing-vr-system/index494d.html]
[vizulab.com.au/products/virtual-reality/worldviz-australia/vizmove-walking-vr-system/index494d.html]
[vizulab.com.au/products/virtual-reality/worldviz-australia/worldviz-vizible/index494d.html]
[vizulab.com.au/products/virtual-reality/worldviz-australia/worldviz-precision-position-tracking-ppt/index494d.html]
[vizulab.com.au/products/simulation/index494d.html]
[vizulab.com.au/products/simulation/geomagic-australia/geomagic-phantom-premium-haptic-devices/index494d.html]
[vizulab.com.au/products/virtual-reality/worldviz-australia/virtual-reality-solutions/index.html]
[pixel.wp.com/gcbcc.gif]
[vizulab.com.au/products/simulation/geomagic-australia/amp/index.html]
[vizulab.com.au/wp-json/wp/v2/pages/654.json]
[vizulab.com.au/indexa818.html]
[vizulab.com.au/products/simulation/geomagic-australia/geomagic-openhaptics-toolkit/index494d.html]
[vizulab.com.au/products/visualisation/index494d.html]
[vizulab.com.au/products/virtual-reality/worldviz-australia/vizmove-projection-vr-system/index494d.html]
[vizulab.com.au/products/visualisation/pluraview-australia/index494d.html]
[vizulab.com.au/products/visualisation/aliscopy-3d-displays/index494d.html]
[vizulab.com.au/products/visualisation/redrover/index494d.html]
[vizulab.com.au/solutions/education/index494d.html]
[vizulab.com.au/solutions/defence/index494d.html]
[vizulab.com.au/solutions/manufacturing/index494d.html]
[vizulab.com.au/products/visualisation/aliscopy-3d-displays/alioscopy-3d-software/index494d.html]
[vizulab.com.au/products/visualisation/aliscopy-3d-displays/alioscopy-glasses-free-3d-displays/index494d.html]
[vizulab.com.au/products/visualisation/pluraview-australia/pluraview-2-5k-3d-monitor/index494d.html]
[vizulab.com.au/products/visualisation/pluraview-australia/pluraview-4k-3d-monitor/index494d.html]
[vizulab.com.au/products/visualisation/pluraview-australia/pluraview-fullhd-3d-monitor/index494d.html]
[vizulab.com.au/products/visualisation/redrover/redrover-true3di-sdm-240-3d-monitor/index494d.html]
[vizulab.com.au/products/virtual-reality/worldviz-australia/vizard-virtual-reality-software/index494d.html]
[vizulab.com.au/virtual-reality/vizmove-seated-vr-system/index494d.html]
[vizulab.com.au/virtual-reality/vizmove-standing-vr-system/index494d.html]
[vizulab.com.au/virtual-reality/worldviz-vizible/index494d.html]
[vizulab.com.au/category/virtual-reality/index494d.html]
[vizulab.com.au/category/simulation/index494d.html]
[vizulab.com.au/category/simulation/haptics/index494d.html]
[vizulab.com.au/category/visualisation/index494d.html]
[vizulab.com.au/visualisation/alioscopy-3d-software/index494d.html]
[vizulab.com.au/visualisation/alioscopy-glasses-free-3d-displays/index494d.html]
[vizulab.com.au/visualisation/pluraview-2-5k-3d-monitor/index494d.html]
[vizulab.com.au/visualisation/pluraview-4k-3d-monitor/index494d.html]
[vizulab.com.au/visualisation/pluraview-fullhd-3d-monitor/index494d.html]
[vizulab.com.au/visualisation/true3di-sdm-240-3d-monitor/index494d.html]
[vizulab.com.au/virtual-reality/vizard-virtual-reality-software/index494d.html]
[vizulab.com.au/wp-json/wp/v2/categories/28.json]
[vizulab.com.au/virtual-reality/worldviz-vizmove-walking-vr-system/index494d.html]
[vizulab.com.au/products/virtual-reality/worldviz-australia/index494d.html]
[vizulab.com.au/wp-content/uploads/2022/02/custom-vr-solutions-header.jpg]
[vizulab.com.au/products/virtual-reality/worldviz-australia/virtual-reality-development/amp/index.html]
[vizulab.com.au/wp-json/oembed/1.0/embed27d9.json]
[vizulab.com.au/wp-json/oembed/1.0/embedbac1]
[i0.wp.com/vizulab.com.au/wp-content/uploads/2022/02/custom-vr-solutions-headerac49.jpg]
[i0.wp.com/vizulab.com.au/wp-content/uploads/2022/02/custom-vr-solutions-header0fe2.jpg]
[i0.wp.com/vizulab.com.au/wp-content/uploads/2022/02/VR-DEVELOPMENTa13a.gif]
[i0.wp.com/vizulab.com.au/wp-content/uploads/2022/02/HARDWARE-INTEGRATION01cd.jpg]
[vizulab.com.au/products/virtual-reality/worldviz-australia/virtual-reality-development/index.html]
[vizulab.com.au/wp-content/uploads/2022/02/worldviz-virtual-reality-collaboration-software-header.jpg]
[vizulab.com.au/products/virtual-reality/worldviz-australia/virtual-reality-collaboration-software/amp/index.html]
[vizulab.com.au/wp-json/oembed/1.0/embed67b8.json]
[vizulab.com.au/wp-json/oembed/1.0/embedf368]
[i0.wp.com/vizulab.com.au/wp-content/uploads/2022/02/worldviz-virtual-reality-collaboration-software-headerb731.jpg]
[i0.wp.com/vizulab.com.au/wp-content/uploads/2022/02/worldviz-virtual-reality-collaboration-software-header0fe2.jpg]
[i0.wp.com/vizulab.com.au/wp-content/uploads/2022/02/5a90a0d4c5d7a600017d0eb8_Place-Videosphere-GIF1529.gif]
[i0.wp.com/vizulab.com.au/wp-content/uploads/2022/02/5a90a1e55881c00001caa274_Brain-360-Video-GIF-Small1529.gif]
[i0.wp.com/vizulab.com.au/wp-content/uploads/2022/02/5a90a2e063f6e3000194747f_2D-3D-Collaboration-Small1529.gif]
[vizulab.com.au/products/virtual-reality/worldviz-australia/virtual-reality-collaboration-software/index.html]
[vizulab.com.au/wp-content/uploads/2022/02/scalable-vr-systems-header-dark.jpg]
[vizulab.com.au/products/virtual-reality/worldviz-australia/virtual-reality-solutions/amp/index.html]
[vizulab.com.au/wp-json/oembed/1.0/embedf2df.json]
[vizulab.com.au/wp-json/oembed/1.0/embed2567]
[i0.wp.com/vizulab.com.au/wp-content/uploads/2022/02/scalable-vr-systems-header-darkac49.jpg]
[i0.wp.com/vizulab.com.au/wp-content/uploads/2022/02/scalable-vr-systems-header-dark0fe2.jpg]
[i0.wp.com/vizulab.com.au/wp-content/uploads/2022/02/vizulab-two-user-vizmove-projectionfd5e.jpg]
[i0.wp.com/vizulab.com.au/wp-content/uploads/2022/02/vizulab-5adfb4a9098d2063b03fafae_Sequence-01.00_02_08_02.Still003a553.jpg]
[i0.wp.com/vizulab.com.au/wp-content/uploads/2022/02/vizulab-5b92d83604c97440e4350327_635894220018376878-screen-1a553.jpg]
[i0.wp.com/vizulab.com.au/wp-content/uploads/2022/02/vizulab-5b16f05bd34e0d364acb06e4_suffolk-imagea553.jpg]
[vizulab.com.au/products/virtual-reality/worldviz-australia/virtual-reality-solutions/index.html]
[vizulab.com.au/products/simulation/geomagic-australia/index494d.html]
[cdn.ampproject.org/v0/amp-anim-latest.js]
[pixel.wp.com/gc16e.gif]
[vizulab.com.au/products/virtual-reality/worldviz-australia/virtual-reality-development/amp/index.html]
[vizulab.com.au/wp-json/wp/v2/pages/1170.json]
[vizulab.com.au/indexe6cc.html]
[i0.wp.com/vizulab.com.au/wp-content/uploads/2022/02/VR-DESIGN-SERVICESa13a.html]
[i0.wp.com/vizulab.com.au/wp-content/uploads/2022/02/INSTALLATION-and-TRAINING46bc.html]
[cdn.ampproject.org/v0/amp-position-observer-0.1.js]
[cdn.ampproject.org/v0/amp-animation-0.1.js]
[cdn.ampproject.org/v0/amp-form-0.1.js]
[pixel.wp.com/ge858.gif]
[vizulab.com.au/products/virtual-reality/worldviz-australia/virtual-reality-collaboration-software/amp/index.html]
[vizulab.com.au/wp-json/wp/v2/pages/1184.json]
[vizulab.com.au/index0ae6.html]
[pixel.wp.com/g1dea.gif]
[vizulab.com.au/products/virtual-reality/worldviz-australia/virtual-reality-solutions/amp/index.html]
[vizulab.com.au/wp-json/wp/v2/pages/1196.json]
[vizulab.com.au/index570b.html]
[vizulab.com.au/products/virtual-reality/worldviz-australia/virtual-reality-development/index494d.html]
[vizulab.com.au/products/virtual-reality/worldviz-australia/virtual-reality-collaboration-software/index494d.html]
[vizulab.com.au/products/virtual-reality/worldviz-australia/virtual-reality-solutions/index494d.html]
