******************************************************************************
                  TI ARM Linker PC v20.2.4                     
******************************************************************************
>> Linked Tue May 11 15:07:12 2021

OUTPUT FILE NAME:   <GSM_test.out>
ENTRY POINT SYMBOL: "_c_int00_noargs"  address: 0000100d


MEMORY CONFIGURATION

         name            origin    length      used     unused   attr    fill
----------------------  --------  ---------  --------  --------  ----  --------
  FLASH                 00000000   00100000  00001508  000feaf8  R  X
  SRAM                  20000000   00040000  00000182  0003fe7e  RW X


SEGMENT ALLOCATION MAP

run origin  load origin   length   init length attrs members
----------  ----------- ---------- ----------- ----- -------
00000000    00000000    00001508   00001508    r-x
  00000000    00000000    00000200   00000200    r-- .intvecs
  00000200    00000200    00000fdc   00000fdc    r-x .text
  000011dc    000011dc    000002fc   000002fc    r-- .const
  000014d8    000014d8    00000030   00000030    r-- .cinit
20000000    20000000    00000182   00000000    rw-
  20000000    20000000    00000100   00000000    rw- .stack
  20000100    20000100    0000006c   00000000    rw- .data
  2000016c    2000016c    00000016   00000000    rw- .bss


SECTION ALLOCATION MAP

 output                                  attributes/
section   page    origin      length       input sections
--------  ----  ----------  ----------   ----------------
.intvecs   0    00000000    00000200     
                  00000000    00000200     startup_ccs.obj (.intvecs)

.text      0    00000200    00000fdc     
                  00000200    00000200     driverlib.lib : sysctl.obj (.text:SysCtlClockFreqSet)
                  00000400    000001ee     GSM_main_U2.obj (.text:UARTvprintf)
                  000005ee    00000002     startup_ccs.obj (.text:FaultISR)
                  000005f0    000001bc     dbg.obj (.text:dbg_printf)
                  000007ac    0000016c     driverlib.lib : gpio.obj (.text:GPIOPadConfigSet)
                  00000918    000000c4     GSM.obj (.text:GSM_init)
                  000009dc    0000009c     rtsv7M4_T_le_v4SPD16_eabi.lib : memcpy_t2.asm.obj (.text)
                  00000a78    0000007c     GSM.obj (.text:GPRS_init)
                  00000af4    00000068     rtsv7M4_T_le_v4SPD16_eabi.lib : copy_decompress_lzss.c.obj (.text:decompress:lzss:__TI_decompress_lzss)
                  00000b5c    00000064     RS_232.obj (.text:UART0_init)
                  00000bc0    00000060     GSM_main_U2.obj (.text:UARTStdioConfig)
                  00000c20    0000005c     GSM_main_U2.obj (.text:main)
                  00000c7c    00000050     RS_232.obj (.text:UART2_init)
                  00000ccc    00000050     GSM_main_U2.obj (.text:UARTwrite)
                  00000d1c    0000004c     driverlib.lib : gpio.obj (.text:GPIOPinConfigure)
                  00000d68    0000004c     GSM.obj (.text:GSM_gen_APN)
                  00000db4    0000004c     heartbeat.obj (.text:Timer0IntHandler)
                  00000e00    0000004c     GSM.obj (.text:sendcmdg)
                  00000e4c    00000048     driverlib.lib : sysctl.obj (.text:_SysCtlFrequencyGet)
                  00000e94    00000046                   : uart.obj (.text:UARTConfigSetExpClk)
                  00000eda    00000002     startup_ccs.obj (.text:IntDefaultHandler)
                  00000edc    00000044     rtsv7M4_T_le_v4SPD16_eabi.lib : autoinit.c.obj (.text:__TI_auto_init_nobinit_nopinit:__TI_auto_init_nobinit_nopinit)
                  00000f20    00000040     GSM.obj (.text:response_check)
                  00000f60    00000040     rtsv7M4_T_le_v4SPD16_eabi.lib : u_divt2.asm.obj (.text)
                  00000fa0    00000038     dbg.obj (.text:divOut)
                  00000fd8    00000034     driverlib.lib : sysctl.obj (.text:SysCtlPeripheralEnable)
                  0000100c    00000034     rtsv7M4_T_le_v4SPD16_eabi.lib : boot_cortex_m.c.obj (.text:_c_int00_noargs:_c_int00_noargs)
                  00001040    00000030     dbg.obj (.text:outDgt)
                  00001070    0000002c     driverlib.lib : gpio.obj (.text:GPIODirModeSet)
                  0000109c    00000020                   : uart.obj (.text:UARTDisable)
                  000010bc    00000020                   : sysctl.obj (.text:_SysCtlMemTimingGet)
                  000010dc    0000001e     RS_232.obj (.text:rs232_init)
                  000010fa    0000001e     rtsv7M4_T_le_v4SPD16_eabi.lib : strcat.c.obj (.text:strcat)
                  00001118    0000001c                                   : copy_zero_init.c.obj (.text:decompress:ZI:__TI_zero_init_nomemset:__TI_zero_init_nomemset)
                  00001134    0000001a     GSM_main_U2.obj (.text:UARTprintf)
                  0000114e    00000002     startup_ccs.obj (.text:NmiSR)
                  00001150    00000018     dbg.obj (.text:uart_putc)
                  00001168    00000016     driverlib.lib : gpio.obj (.text:GPIOPinTypeUART)
                  0000117e    00000014                   : uart.obj (.text:UARTEnable)
                  00001192    00000002     rtsv7M4_T_le_v4SPD16_eabi.lib : div0.asm.obj (.text)
                  00001194    00000010     dbg.obj (.text:out)
                  000011a4    0000000e     rtsv7M4_T_le_v4SPD16_eabi.lib : copy_decompress_none.c.obj (.text:decompress:none:__TI_decompress_none)
                  000011b2    00000006     driverlib.lib : gpio.obj (.text:GPIOPinRead)
                  000011b8    00000006                   : gpio.obj (.text:GPIOPinWrite)
                  000011be    00000006     startup_ccs.obj (.text:ResetISR)
                  000011c4    00000006     driverlib.lib : sysctl.obj (.text:SysCtlDelay)
                  000011ca    00000006                   : uart.obj (.text:UARTClockSourceSet)
                  000011d0    00000004                   : timer.obj (.text:TimerIntClear)
                  000011d4    00000004     rtsv7M4_T_le_v4SPD16_eabi.lib : pre_init.c.obj (.text:_system_pre_init)
                  000011d8    00000004                                   : exit.c.obj (.text:abort:abort)

.const     0    000011dc    000002fc     
                  000011dc    000001b0     driverlib.lib : sysctl.obj (.const:g_pppui32XTALtoVCO)
                  0000138c    00000090                   : gpio.obj (.const:g_pui32GPIOBaseAddrs)
                  0000141c    0000006c                   : sysctl.obj (.const:g_pui32Xtals)
                  00001488    00000030                   : sysctl.obj (.const:g_sXTALtoMEMTIM)
                  000014b8    0000000c     GSM_main_U2.obj (.const:g_ui32UARTBase)
                  000014c4    0000000c     GSM_main_U2.obj (.const:g_ui32UARTPeriph)
                  000014d0    00000008     driverlib.lib : sysctl.obj (.const:g_pui32VCOFrequencies)

.cinit     0    000014d8    00000030     
                  000014d8    0000000c     (__TI_handler_table)
                  000014e4    00000004     --HOLE-- [fill = 0]
                  000014e8    00000008     (.cinit..bss.load) [load image, compression = zero_init]
                  000014f0    00000008     (.cinit..data.load) [load image, compression = lzss]
                  000014f8    00000010     (__TI_cinit_table)

.init_array 
*          0    00000000    00000000     UNINITIALIZED

.data      0    20000100    0000006c     UNINITIALIZED
                  20000100    00000064     GSM.obj (.data:apn)
                  20000164    00000008     GSM_main_U2.obj (.data)

.bss       0    2000016c    00000016     UNINITIALIZED
                  2000016c    0000000c     dbg.obj (.bss:buf)
                  20000178    0000000a     dbg.obj (.bss)

.stack     0    20000000    00000100     UNINITIALIZED
                  20000000    00000004     rtsv7M4_T_le_v4SPD16_eabi.lib : boot_cortex_m.c.obj (.stack)
                  20000004    000000fc     --HOLE--

__llvm_prf_cnts 
*          0    20000000    00000000     UNINITIALIZED

.binit     0    00000000    00000000     

MODULE SUMMARY

       Module                       code   ro data   rw data
       ------                       ----   -------   -------
    .\
       GSM_main_U2.obj              788    24        8      
       startup_ccs.obj              12     512       0      
    +--+----------------------------+------+---------+---------+
       Total:                       800    536       8      
                                                            
    .\src\
       GSM.obj                      536    0         100    
       dbg.obj                      588    0         22     
       RS_232.obj                   210    0         0      
       heartbeat.obj                76     0         0      
    +--+----------------------------+------+---------+---------+
       Total:                       1410   0         122    
                                                            
    C:/ti/TivaWare_C_Series-2.2.0.295/driverlib/ccs/Debug/driverlib.lib
       sysctl.obj                   674    596       0      
       gpio.obj                     518    144       0      
       uart.obj                     128    0         0      
       timer.obj                    4      0         0      
    +--+----------------------------+------+---------+---------+
       Total:                       1324   740       0      
                                                            
    C:\ti\ccs1031\ccs\tools\compiler\ti-cgt-arm_20.2.4.LTS\lib\rtsv7M4_T_le_v4SPD16_eabi.lib
       memcpy_t2.asm.obj            156    0         0      
       copy_decompress_lzss.c.obj   104    0         0      
       autoinit.c.obj               68     0         0      
       u_divt2.asm.obj              64     0         0      
       boot_cortex_m.c.obj          52     0         0      
       strcat.c.obj                 30     0         0      
       copy_zero_init.c.obj         28     0         0      
       copy_decompress_none.c.obj   14     0         0      
       exit.c.obj                   4      0         0      
       pre_init.c.obj               4      0         0      
       div0.asm.obj                 2      0         0      
    +--+----------------------------+------+---------+---------+
       Total:                       526    0         0      
                                                            
       Stack:                       0      0         256    
       Linker Generated:            0      44        0      
    +--+----------------------------+------+---------+---------+
       Grand Total:                 4060   1320      386    


LINKER GENERATED COPY TABLES

__TI_cinit_table @ 000014f8 records: 2, size/record: 8, table size: 16
	.bss: load addr=000014e8, load size=00000008 bytes, run addr=2000016c, run size=00000016 bytes, compression=zero_init
	.data: load addr=000014f0, load size=00000008 bytes, run addr=20000100, run size=0000006c bytes, compression=lzss


LINKER GENERATED HANDLER TABLE

__TI_handler_table @ 000014d8 records: 3, size/record: 4, table size: 12
	index: 0, handler: __TI_decompress_lzss
	index: 1, handler: __TI_decompress_none
	index: 2, handler: __TI_zero_init


GLOBAL SYMBOLS: SORTED ALPHABETICALLY BY Name 

address   name                          
-------   ----                          
000011d9  C$$EXIT                       
00001071  GPIODirModeSet                
000007ad  GPIOPadConfigSet              
00000d1d  GPIOPinConfigure              
000011b3  GPIOPinRead                   
00001169  GPIOPinTypeUART               
000011b9  GPIOPinWrite                  
00000a79  GPRS_init                     
00000d69  GSM_gen_APN                   
00000919  GSM_init                      
2000016a  OV_status                     
000011bf  ResetISR                      
20000169  SC_status                     
00000201  SysCtlClockFreqSet            
000011c5  SysCtlDelay                   
00000fd9  SysCtlPeripheralEnable        
00000db5  Timer0IntHandler              
000011d1  TimerIntClear                 
00000b5d  UART0_init                    
00000c7d  UART2_init                    
000011cb  UARTClockSourceSet            
00000e95  UARTConfigSetExpClk           
0000109d  UARTDisable                   
0000117f  UARTEnable                    
00000bc1  UARTStdioConfig               
00001135  UARTprintf                    
00000401  UARTvprintf                   
00000ccd  UARTwrite                     
20000100  __STACK_END                   
00000100  __STACK_SIZE                  
20000100  __STACK_TOP                   
000014f8  __TI_CINIT_Base               
00001508  __TI_CINIT_Limit              
000014d8  __TI_Handler_Table_Base       
000014e4  __TI_Handler_Table_Limit      
00000edd  __TI_auto_init_nobinit_nopinit
00000af5  __TI_decompress_lzss          
000011a5  __TI_decompress_none          
ffffffff  __TI_pprof_out_hndl           
ffffffff  __TI_prof_data_size           
ffffffff  __TI_prof_data_start          
00000000  __TI_static_base__            
00001119  __TI_zero_init_nomemset       
00001193  __aeabi_idiv0                 
00001193  __aeabi_ldiv0                 
000009dd  __aeabi_memcpy                
000009dd  __aeabi_memcpy4               
000009dd  __aeabi_memcpy8               
00000f61  __aeabi_uidiv                 
00000f61  __aeabi_uidivmod              
ffffffff  __binit__                     
ffffffff  __c_args__                    
UNDEFED   __mpu_init                    
20000000  __stack                       
20000000  __start___llvm_prf_cnts       
20000000  __stop___llvm_prf_cnts        
0000100d  _c_int00_noargs               
UNDEFED   _system_post_cinit            
000011d5  _system_pre_init              
000011d9  abort                         
20000100  apn                           
ffffffff  binit                         
000005f1  dbg_printf                    
00000000  g_pfnVectors                  
00000c21  main                          
000009dd  memcpy                        
00000f21  response_check                
000010dd  rs232_init                    
00000e01  sendcmdg                      
000010fb  strcat                        
20000168  test_count                    


GLOBAL SYMBOLS: SORTED BY Symbol Address 

address   name                          
-------   ----                          
00000000  __TI_static_base__            
00000000  g_pfnVectors                  
00000100  __STACK_SIZE                  
00000201  SysCtlClockFreqSet            
00000401  UARTvprintf                   
000005f1  dbg_printf                    
000007ad  GPIOPadConfigSet              
00000919  GSM_init                      
000009dd  __aeabi_memcpy                
000009dd  __aeabi_memcpy4               
000009dd  __aeabi_memcpy8               
000009dd  memcpy                        
00000a79  GPRS_init                     
00000af5  __TI_decompress_lzss          
00000b5d  UART0_init                    
00000bc1  UARTStdioConfig               
00000c21  main                          
00000c7d  UART2_init                    
00000ccd  UARTwrite                     
00000d1d  GPIOPinConfigure              
00000d69  GSM_gen_APN                   
00000db5  Timer0IntHandler              
00000e01  sendcmdg                      
00000e95  UARTConfigSetExpClk           
00000edd  __TI_auto_init_nobinit_nopinit
00000f21  response_check                
00000f61  __aeabi_uidiv                 
00000f61  __aeabi_uidivmod              
00000fd9  SysCtlPeripheralEnable        
0000100d  _c_int00_noargs               
00001071  GPIODirModeSet                
0000109d  UARTDisable                   
000010dd  rs232_init                    
000010fb  strcat                        
00001119  __TI_zero_init_nomemset       
00001135  UARTprintf                    
00001169  GPIOPinTypeUART               
0000117f  UARTEnable                    
00001193  __aeabi_idiv0                 
00001193  __aeabi_ldiv0                 
000011a5  __TI_decompress_none          
000011b3  GPIOPinRead                   
000011b9  GPIOPinWrite                  
000011bf  ResetISR                      
000011c5  SysCtlDelay                   
000011cb  UARTClockSourceSet            
000011d1  TimerIntClear                 
000011d5  _system_pre_init              
000011d9  C$$EXIT                       
000011d9  abort                         
000014d8  __TI_Handler_Table_Base       
000014e4  __TI_Handler_Table_Limit      
000014f8  __TI_CINIT_Base               
00001508  __TI_CINIT_Limit              
20000000  __stack                       
20000000  __start___llvm_prf_cnts       
20000000  __stop___llvm_prf_cnts        
20000100  __STACK_END                   
20000100  __STACK_TOP                   
20000100  apn                           
20000168  test_count                    
20000169  SC_status                     
2000016a  OV_status                     
ffffffff  __TI_pprof_out_hndl           
ffffffff  __TI_prof_data_size           
ffffffff  __TI_prof_data_start          
ffffffff  __binit__                     
ffffffff  __c_args__                    
ffffffff  binit                         
UNDEFED   __mpu_init                    
UNDEFED   _system_post_cinit            

[71 symbols]
