******************************************************************************
                  TI ARM Linker PC v20.2.4                     
******************************************************************************
>> Linked Fri May 21 16:08:25 2021

OUTPUT FILE NAME:   <Tiva_GSM.out>
ENTRY POINT SYMBOL: "_c_int00_noargs"  address: 00000ee5


MEMORY CONFIGURATION

         name            origin    length      used     unused   attr    fill
----------------------  --------  ---------  --------  --------  ----  --------
  FLASH                 00000000   00100000  000013b2  000fec4e  R  X
  SRAM                  20000000   00040000  0000011b  0003fee5  RW X


SEGMENT ALLOCATION MAP

run origin  load origin   length   init length attrs members
----------  ----------- ---------- ----------- ----- -------
00000000    00000000    000013b8   000013b8    r-x
  00000000    00000000    00000200   00000200    r-- .intvecs
  00000200    00000200    00000e86   00000e86    r-x .text
  00001088    00001088    000002fc   000002fc    r-- .const
  00001388    00001388    00000030   00000030    r-- .cinit
20000000    20000000    0000011d   00000000    rw-
  20000000    20000000    00000100   00000000    rw- .stack
  20000100    20000100    00000016   00000000    rw- .bss
  20000118    20000118    00000005   00000000    rw- .data


SECTION ALLOCATION MAP

 output                                  attributes/
section   page    origin      length       input sections
--------  ----  ----------  ----------   ----------------
.intvecs   0    00000000    00000200     
                  00000000    00000200     startup_ccs.obj (.intvecs)

.text      0    00000200    00000e86     
                  00000200    00000200     driverlib.lib : sysctl.obj (.text:SysCtlClockFreqSet)
                  00000400    000001ee     atcommand.obj (.text:UARTvprintf)
                  000005ee    00000002     startup_ccs.obj (.text:FaultISR)
                  000005f0    000001bc     dbg.obj (.text:dbg_printf)
                  000007ac    0000016c     driverlib.lib : gpio.obj (.text:GPIOPadConfigSet)
                  00000918    0000009c     rtsv7M4_T_le_v4SPD16_eabi.lib : memcpy_t2.asm.obj (.text)
                  000009b4    0000008c     GSM.obj (.text:Gsm_readyf)
                  00000a40    00000072     RS_232.obj (.text:rs232_init)
                  00000ab2    00000068     rtsv7M4_T_le_v4SPD16_eabi.lib : copy_decompress_lzss.c.obj (.text:decompress:lzss:__TI_decompress_lzss)
                  00000b1a    00000002     startup_ccs.obj (.text:IntDefaultHandler)
                  00000b1c    00000064     RS_232.obj (.text:UART0_init)
                  00000b80    00000060     atcommand.obj (.text:UARTStdioConfig)
                  00000be0    00000055     GSM_main_U2.obj (.text:main)
                  00000c35    00000001     --HOLE-- [fill = 0]
                  00000c36    00000002     startup_ccs.obj (.text:NmiSR)
                  00000c38    00000050     RS_232.obj (.text:UART2_init)
                  00000c88    00000050     atcommand.obj (.text:UARTwrite)
                  00000cd8    0000004c     driverlib.lib : gpio.obj (.text:GPIOPinConfigure)
                  00000d24    00000048                   : sysctl.obj (.text:_SysCtlFrequencyGet)
                  00000d6c    00000046                   : uart.obj (.text:UARTConfigSetExpClk)
                  00000db2    00000002     rtsv7M4_T_le_v4SPD16_eabi.lib : div0.asm.obj (.text)
                  00000db4    00000044                                   : autoinit.c.obj (.text:__TI_auto_init_nobinit_nopinit:__TI_auto_init_nobinit_nopinit)
                  00000df8    00000040     GSM.obj (.text:response_check)
                  00000e38    00000040     rtsv7M4_T_le_v4SPD16_eabi.lib : u_divt2.asm.obj (.text)
                  00000e78    00000038     dbg.obj (.text:divOut)
                  00000eb0    00000034     driverlib.lib : sysctl.obj (.text:SysCtlPeripheralEnable)
                  00000ee4    00000034     rtsv7M4_T_le_v4SPD16_eabi.lib : boot_cortex_m.c.obj (.text:_c_int00_noargs:_c_int00_noargs)
                  00000f18    00000030     dbg.obj (.text:outDgt)
                  00000f48    0000002c     driverlib.lib : gpio.obj (.text:GPIODirModeSet)
                  00000f74    00000020                   : uart.obj (.text:UARTDisable)
                  00000f94    00000020                   : sysctl.obj (.text:_SysCtlMemTimingGet)
                  00000fb4    0000001c     rtsv7M4_T_le_v4SPD16_eabi.lib : copy_zero_init.c.obj (.text:decompress:ZI:__TI_zero_init_nomemset:__TI_zero_init_nomemset)
                  00000fd0    0000001a     atcommand.obj (.text:UARTprintf)
                  00000fea    00000002     --HOLE-- [fill = 0]
                  00000fec    00000018     dbg.obj (.text:uart_putc)
                  00001004    00000016     driverlib.lib : gpio.obj (.text:GPIOPinTypeUART)
                  0000101a    00000014                   : uart.obj (.text:UARTEnable)
                  0000102e    00000002     --HOLE-- [fill = 0]
                  00001030    00000010     hardware.obj (.text:Configure_clk)
                  00001040    00000010     dbg.obj (.text:out)
                  00001050    0000000e     rtsv7M4_T_le_v4SPD16_eabi.lib : copy_decompress_none.c.obj (.text:decompress:none:__TI_decompress_none)
                  0000105e    0000000e     hardware.obj (.text:hw_init)
                  0000106c    00000006     startup_ccs.obj (.text:ResetISR)
                  00001072    00000006     driverlib.lib : sysctl.obj (.text:SysCtlDelay)
                  00001078    00000006                   : uart.obj (.text:UARTClockSourceSet)
                  0000107e    00000004     rtsv7M4_T_le_v4SPD16_eabi.lib : pre_init.c.obj (.text:_system_pre_init)
                  00001082    00000004                                   : exit.c.obj (.text:abort:abort)

.const     0    00001088    000002fc     
                  00001088    000001b0     driverlib.lib : sysctl.obj (.const:g_pppui32XTALtoVCO)
                  00001238    00000090                   : gpio.obj (.const:g_pui32GPIOBaseAddrs)
                  000012c8    0000006c                   : sysctl.obj (.const:g_pui32Xtals)
                  00001334    00000030                   : sysctl.obj (.const:g_sXTALtoMEMTIM)
                  00001364    0000000c     atcommand.obj (.const:g_ui32UARTBase)
                  00001370    0000000c     atcommand.obj (.const:g_ui32UARTPeriph)
                  0000137c    00000008     driverlib.lib : sysctl.obj (.const:g_pui32VCOFrequencies)

.cinit     0    00001388    00000030     
                  00001388    0000000c     (__TI_handler_table)
                  00001394    00000004     --HOLE-- [fill = 0]
                  00001398    00000008     (.cinit..bss.load) [load image, compression = zero_init]
                  000013a0    00000007     (.cinit..data.load) [load image, compression = lzss]
                  000013a7    00000001     --HOLE-- [fill = 0]
                  000013a8    00000010     (__TI_cinit_table)

.init_array 
*          0    00000000    00000000     UNINITIALIZED

.bss       0    20000100    00000016     UNINITIALIZED
                  20000100    0000000c     dbg.obj (.bss:buf)
                  2000010c    0000000a     dbg.obj (.bss)

.data      0    20000118    00000005     UNINITIALIZED
                  20000118    00000005     atcommand.obj (.data)

.stack     0    20000000    00000100     UNINITIALIZED
                  20000000    00000004     rtsv7M4_T_le_v4SPD16_eabi.lib : boot_cortex_m.c.obj (.stack)
                  20000004    000000fc     --HOLE--

__llvm_prf_cnts 
*          0    20000000    00000000     UNINITIALIZED

.binit     0    00000000    00000000     

MODULE SUMMARY

       Module                       code   ro data   rw data
       ------                       ----   -------   -------
    .\
       startup_ccs.obj              12     512       0      
       GSM_main_U2.obj              85     0         0      
    +--+----------------------------+------+---------+---------+
       Total:                       97     512       0      
                                                            
    .\src\
       atcommand.obj                696    24        5      
       dbg.obj                      588    0         22     
       RS_232.obj                   294    0         0      
       GSM.obj                      204    0         0      
       hardware.obj                 30     0         0      
    +--+----------------------------+------+---------+---------+
       Total:                       1812   24        27     
                                                            
    C:/ti/TivaWare_C_Series-2.2.0.295/driverlib/ccs/Debug/driverlib.lib
       sysctl.obj                   674    596       0      
       gpio.obj                     506    144       0      
       uart.obj                     128    0         0      
    +--+----------------------------+------+---------+---------+
       Total:                       1308   740       0      
                                                            
    C:\ti\ccs1031\ccs\tools\compiler\ti-cgt-arm_20.2.4.LTS\lib\rtsv7M4_T_le_v4SPD16_eabi.lib
       memcpy_t2.asm.obj            156    0         0      
       copy_decompress_lzss.c.obj   104    0         0      
       autoinit.c.obj               68     0         0      
       u_divt2.asm.obj              64     0         0      
       boot_cortex_m.c.obj          52     0         0      
       copy_zero_init.c.obj         28     0         0      
       copy_decompress_none.c.obj   14     0         0      
       exit.c.obj                   4      0         0      
       pre_init.c.obj               4      0         0      
       div0.asm.obj                 2      0         0      
    +--+----------------------------+------+---------+---------+
       Total:                       496    0         0      
                                                            
       Stack:                       0      0         256    
       Linker Generated:            0      43        0      
    +--+----------------------------+------+---------+---------+
       Grand Total:                 3713   1319      283    


LINKER GENERATED COPY TABLES

__TI_cinit_table @ 000013a8 records: 2, size/record: 8, table size: 16
	.bss: load addr=00001398, load size=00000008 bytes, run addr=20000100, run size=00000016 bytes, compression=zero_init
	.data: load addr=000013a0, load size=00000007 bytes, run addr=20000118, run size=00000005 bytes, compression=lzss


LINKER GENERATED HANDLER TABLE

__TI_handler_table @ 00001388 records: 3, size/record: 4, table size: 12
	index: 0, handler: __TI_decompress_lzss
	index: 1, handler: __TI_decompress_none
	index: 2, handler: __TI_zero_init


GLOBAL SYMBOLS: SORTED ALPHABETICALLY BY Name 

address   name                          
-------   ----                          
00001083  C$$EXIT                       
00001031  Configure_clk                 
00000f49  GPIODirModeSet                
000007ad  GPIOPadConfigSet              
00000cd9  GPIOPinConfigure              
00001005  GPIOPinTypeUART               
000009b5  Gsm_readyf                    
0000106d  ResetISR                      
00000201  SysCtlClockFreqSet            
00001073  SysCtlDelay                   
00000eb1  SysCtlPeripheralEnable        
00000b1d  UART0_init                    
00000c39  UART2_init                    
00001079  UARTClockSourceSet            
00000d6d  UARTConfigSetExpClk           
00000f75  UARTDisable                   
0000101b  UARTEnable                    
00000b81  UARTStdioConfig               
00000fd1  UARTprintf                    
00000401  UARTvprintf                   
00000c89  UARTwrite                     
20000100  __STACK_END                   
00000100  __STACK_SIZE                  
20000100  __STACK_TOP                   
000013a8  __TI_CINIT_Base               
000013b8  __TI_CINIT_Limit              
00001388  __TI_Handler_Table_Base       
00001394  __TI_Handler_Table_Limit      
00000db5  __TI_auto_init_nobinit_nopinit
00000ab3  __TI_decompress_lzss          
00001051  __TI_decompress_none          
ffffffff  __TI_pprof_out_hndl           
ffffffff  __TI_prof_data_size           
ffffffff  __TI_prof_data_start          
00000000  __TI_static_base__            
00000fb5  __TI_zero_init_nomemset       
00000db3  __aeabi_idiv0                 
00000db3  __aeabi_ldiv0                 
00000919  __aeabi_memcpy                
00000919  __aeabi_memcpy4               
00000919  __aeabi_memcpy8               
00000e39  __aeabi_uidiv                 
00000e39  __aeabi_uidivmod              
ffffffff  __binit__                     
ffffffff  __c_args__                    
UNDEFED   __mpu_init                    
20000000  __stack                       
20000000  __start___llvm_prf_cnts       
20000000  __stop___llvm_prf_cnts        
00000ee5  _c_int00_noargs               
UNDEFED   _system_post_cinit            
0000107f  _system_pre_init              
00001083  abort                         
ffffffff  binit                         
000005f1  dbg_printf                    
00000000  g_pfnVectors                  
0000105f  hw_init                       
00000be1  main                          
00000919  memcpy                        
00000df9  response_check                
00000a41  rs232_init                    


GLOBAL SYMBOLS: SORTED BY Symbol Address 

address   name                          
-------   ----                          
00000000  __TI_static_base__            
00000000  g_pfnVectors                  
00000100  __STACK_SIZE                  
00000201  SysCtlClockFreqSet            
00000401  UARTvprintf                   
000005f1  dbg_printf                    
000007ad  GPIOPadConfigSet              
00000919  __aeabi_memcpy                
00000919  __aeabi_memcpy4               
00000919  __aeabi_memcpy8               
00000919  memcpy                        
000009b5  Gsm_readyf                    
00000a41  rs232_init                    
00000ab3  __TI_decompress_lzss          
00000b1d  UART0_init                    
00000b81  UARTStdioConfig               
00000be1  main                          
00000c39  UART2_init                    
00000c89  UARTwrite                     
00000cd9  GPIOPinConfigure              
00000d6d  UARTConfigSetExpClk           
00000db3  __aeabi_idiv0                 
00000db3  __aeabi_ldiv0                 
00000db5  __TI_auto_init_nobinit_nopinit
00000df9  response_check                
00000e39  __aeabi_uidiv                 
00000e39  __aeabi_uidivmod              
00000eb1  SysCtlPeripheralEnable        
00000ee5  _c_int00_noargs               
00000f49  GPIODirModeSet                
00000f75  UARTDisable                   
00000fb5  __TI_zero_init_nomemset       
00000fd1  UARTprintf                    
00001005  GPIOPinTypeUART               
0000101b  UARTEnable                    
00001031  Configure_clk                 
00001051  __TI_decompress_none          
0000105f  hw_init                       
0000106d  ResetISR                      
00001073  SysCtlDelay                   
00001079  UARTClockSourceSet            
0000107f  _system_pre_init              
00001083  C$$EXIT                       
00001083  abort                         
00001388  __TI_Handler_Table_Base       
00001394  __TI_Handler_Table_Limit      
000013a8  __TI_CINIT_Base               
000013b8  __TI_CINIT_Limit              
20000000  __stack                       
20000000  __start___llvm_prf_cnts       
20000000  __stop___llvm_prf_cnts        
20000100  __STACK_END                   
20000100  __STACK_TOP                   
ffffffff  __TI_pprof_out_hndl           
ffffffff  __TI_prof_data_size           
ffffffff  __TI_prof_data_start          
ffffffff  __binit__                     
ffffffff  __c_args__                    
ffffffff  binit                         
UNDEFED   __mpu_init                    
UNDEFED   _system_post_cinit            

[61 symbols]
