[freedspace.com.au/index.html]
[backblue.gif]
[fade.gif]
[index.html]
[www.freedspace.com.au/wp-content/uploads/2019/11/formlabs-form3-3d-printer-eco-system.jpg]
[freedspace.com.au/wp-content/cache/wpfc-minified/2ypiulcu/64l21.css]
[freedspace.com.au/wp-content/cache/wpfc-minified/kookjn2t/64l21.css]
[freedspace.com.au/wp-content/cache/wpfc-minified/lbekw1g9/64l21.css]
[freedspace.com.au/amp/index.html]
[freedspace.com.au/wp-content/cache/wpfc-minified/e5fpvfg6/64l21.css]
[freedspace.com.au/wp-content/cache/wpfc-minified/epub36kp/64l21.css]
[freedspace.com.au/wp-content/cache/wpfc-minified/13zjzatv/64l21.css]
[freedspace.com.au/feed/index.html]
[freedspace.com.au/comments/feed/index.html]
[freedspace.com.au/wp-includes/js/jquery/jquery.minaf6c.js]
[freedspace.com.au/wp-includes/js/jquery/jquery-migrate.mind617.js]
[freedspace.com.au/wp-content/plugins/LayerSlider/assets/static/layerslider/js/layerslider.utilsbf7d.js]
[freedspace.com.au/wp-content/plugins/LayerSlider/assets/static/layerslider/js/layerslider.transitionsbf7d.js]
[freedspace.com.au/wp-content/plugins/LayerSlider/assets/static/layerslider/js/layerslider.kreaturamedia.jquerybf7d.js]
[freedspace.com.au/wp-content/plugins/equal-height-columns/public/js/equal-height-columns-publiccfa9.js]
[freedspace.com.au/wp-content/plugins/responsive-menu/v4.0.0/assets/js/rmp-menu5fa1.js]
[freedspace.com.au/wp-content/plugins/sticky-menu-or-anything-on-scroll/assets/js/jq-sticky-anything.mine1fc.js]
[freedspace.com.au/wp-includes/js/jquery/ui/core.min0028.js]
[freedspace.com.au/wp-content/themes/quark-child/js/custom6dcf.js]
[freedspace.com.au/wp-content/themes/quark/js/modernizr-min3b71.js]
[freedspace.com.au/wp-content/plugins/google-analyticator/external-tracking.min380f.js]
[freedspace.com.au/wp-json/index.html]
[freedspace.com.au/xmlrpc0db0.php]
[freedspace.com.au/wp-includes/wlwmanifest.xml]
[freedspace.com.au/wp-json/oembed/1.0/embedbb2a.json]
[freedspace.com.au/wp-json/oembed/1.0/embed6c3b]
[freedspace.com.au/wp-content/uploads/2017/08/cropped-freedspace-mothership-launch-512x512-1-32x32.png]
[freedspace.com.au/wp-content/uploads/2017/08/cropped-freedspace-mothership-launch-512x512-1-192x192.png]
[freedspace.com.au/wp-content/uploads/2017/08/cropped-freedspace-mothership-launch-512x512-1-180x180.png]
[www.freedspace.com.au/wp-content/uploads/2017/08/site-dividers.png]
[www.freedspace.com.au/wp-content/uploads/2020/07/freedspace-320x54-1.png]
[freedspace.com.au/wp-content/uploads/2017/08/3d-printing.jpg]
[freedspace.com.au/wp-content/uploads/2017/08/artec-3d-scanning3.jpg]
[freedspace.com.au/wp-content/uploads/2017/08/geomagic3.jpg]
[freedspace.com.au/wp-content/uploads/2017/08/vr-worldvis.jpg]
[freedspace.com.au/wp-content/uploads/2017/08/optitrack-mocap.jpg]
[www.freedspace.com.au/wp-content/uploads/2017/08/thinglab-freedspace.png]
[www.freedspace.com.au/wp-content/uploads/2019/11/xsens-animate.jpg]
[www.freedspace.com.au/wp-content/uploads/2017/08/tracklab-freedspace.png]
[freedspace.com.au/wp-content/uploads/2021/05/3d-pluraview-display.jpg]
[www.freedspace.com.au/wp-content/uploads/2017/08/vizulab-freedspace.png]
[freedspace.com.au/wp-content/uploads/2021/05/pluraview.png]
[freedspace.com.au/wp-content/uploads/2017/08/worldvis-174x81.png]
[freedspace.com.au/wp-content/uploads/2017/08/tiertime-1-174x81.png]
[freedspace.com.au/wp-content/uploads/2017/08/geomagic-174x81.png]
[freedspace.com.au/wp-content/uploads/2017/08/shining-174x81.png]
[freedspace.com.au/wp-content/uploads/2017/08/makerbot-174x81.png]
[freedspace.com.au/wp-content/uploads/2017/08/formlabs-1-174x81.png]
[freedspace.com.au/wp-content/uploads/2017/08/artec-174x81.png]
[freedspace.com.au/wp-content/uploads/2017/08/c-motion-174x81.png]
[freedspace.com.au/wp-content/uploads/2017/08/ipi-soft-174x81.png]
[freedspace.com.au/wp-content/uploads/2017/08/ndi-174x81.png]
[freedspace.com.au/wp-content/uploads/2017/08/phasespace_bw-174x81.png]
[freedspace.com.au/wp-content/uploads/2017/08/optitrack-logo-174x81.png]
[freedspace.com.au/wp-content/uploads/2021/11/freedspace-office-yarraville.jpg]
[www.freedspace.com.au/wp-content/uploads/2020/07/freedspace-245x40-1.png]
[freedspace.com.au/wp-content/cache/wpfc-minified/k9w7ycye/64l20.css]
[freedspace.com.au/wp-includes/js/dist/vendor/regenerator-runtime.min3937.js]
[freedspace.com.au/wp-includes/js/dist/vendor/wp-polyfill.min2c7c.js]
[freedspace.com.au/wp-content/plugins/contact-form-7/includes/js/index5406.js]
[freedspace.com.au/wp-content/plugins/sticky-menu-or-anything-on-scroll/assets/js/stickThise1fc.js]
[freedspace.com.au/wp-includes/js/imagesloaded.mineda1.js]
[freedspace.com.au/wp-includes/js/masonry.min3a05.js]
[freedspace.com.au/wp-includes/js/jquery/jquery.masonry.minef70.js]
[freedspace.com.au/wp-content/plugins/wc-shortcodes/public/assets/js/rsvp3f1e.js]
[www.google.com/recaptcha/api9555.js]
[freedspace.com.au/wp-content/plugins/contact-form-7/modules/recaptcha/index5406.js]
[freedspace.com.au/wp-content/plugins/logo-carousel-slider-pro/js/owl.carousele7f0.js]
[freedspace.com.au/wp-content/plugins/logo-carousel-slider-pro/js/jquery.tooltipster.min9b70.js]
[freedspace.com.au/wp-content/plugins/referrer-input-for-contact-form-7/script.min8a54.js]
[freedspace.com.au/index.html]
[freedspace.com.au/xmlrpc.php]
[stats.wp.com/e-202212.js]
[cdn.ampproject.org/v0/amp-form-latest.js]
[cdn.ampproject.org/v0/amp-analytics-latest.js]
[freedspace.com.au/wp-content/plugins/accelerated-mobile-pages/templates/design-manager/swift/fonts/icomoon.ttf]
[cdn.ampproject.org/v0.js]
[cdn.ampproject.org/v0/amp-bind-latest.js]
[freedspace.com.au/wp-content/plugins/accelerated-mobile-pages/images/SD-default-image.png]
[pixel.wp.com/g2769.gif]
[freedspace.com.au/amp/index.html]
[freedspace.com.au/wp-content/plugins/LayerSlider/assets/static/layerslider/img/icon-muted-white.png]
[freedspace.com.au/wp-content/plugins/LayerSlider/assets/static/layerslider/img/icon-unmuted-white.png]
[freedspace.com.au/wp-content/cache/wpfc-minified/2ypiulcu/64l21.css]
[freedspace.com.au/wp-content/cache/wpfc-minified/kookjn2t/64l21.css]
[freedspace.com.au/wp-includes/js/mediaelement/mejs-controls.svg]
[freedspace.com.au/wp-content/cache/wpfc-minified/lbekw1g9/64l21.css]
[freedspace.com.au/wp-content/cache/wpfc-minified/e5fpvfg6/64l21.css]
[freedspace.com.au/wp-includes/fonts/dashicons7d4b.eot]
[freedspace.com.au/wp-content/plugins/wc-shortcodes/public/assets/img/circle-border.png]
[freedspace.com.au/wp-content/plugins/wc-shortcodes/public/assets/img/dash-border.png]
[freedspace.com.au/wp-content/plugins/wc-shortcodes/public/assets/img/rustic-border.png]
[freedspace.com.au/wp-content/plugins/wc-shortcodes/public/assets/img/slide-arrow-left.png]
[freedspace.com.au/wp-content/plugins/wc-shortcodes/public/assets/img/slide-arrow-right.png]
[freedspace.com.au/wp-content/plugins/wc-shortcodes/public/assets/img/ring-alt.svg]
[freedspace.com.au/wp-content/themes/quark-child/fonts/ProximaNovaRegular.woff]
[freedspace.com.au/wp-content/themes/quark-child/fonts/ProximaNovaRegular.eot]
[freedspace.com.au/wp-content/themes/quark-child/fonts/ProximaNovaRegular.svg]
[freedspace.com.au/wp-content/themes/quark-child/fonts/ProximaNovaSemibold.woff]
[freedspace.com.au/wp-content/themes/quark-child/fonts/ProximaNovaRegular.ttf]
[freedspace.com.au/wp-content/themes/quark-child/fonts/ProximaNovaSemibold.svg]
[freedspace.com.au/wp-content/themes/quark-child/fonts/ProximaNovaSemibold.eot]
[freedspace.com.au/wp-content/themes/quark-child/fonts/Exo2-Regular.woff2]
[freedspace.com.au/wp-content/themes/quark-child/fonts/ProximaNovaSemibold.ttf]
[freedspace.com.au/wp-content/themes/quark-child/fonts/Exo2-Regular.woff]
[freedspace.com.au/wp-content/themes/quark-child/fonts/Exo2-Regular.eot]
[freedspace.com.au/wp-content/themes/quark-child/fonts/Exo2-Regular.svg]
[freedspace.com.au/wp-content/themes/quark-child/fonts/Exo2-Regulard41d.eot]
[freedspace.com.au/wp-content/themes/quark-child/fonts/LeagueGothic-Regular.woff]
[freedspace.com.au/wp-content/themes/quark-child/fonts/LeagueGothic-Regular.eot]
[freedspace.com.au/wp-content/themes/quark-child/fonts/Exo2-Regular.ttf]
[freedspace.com.au/wp-content/themes/quark-child/fonts/LeagueGothic-Regular.ttf]
[freedspace.com.au/wp-content/themes/quark-child/fonts/LeagueGothic-Regular.svg]
[freedspace.com.au/wp-content/themes/quark-child/images/capabilities-arrow.png]
[freedspace.com.au/wp-content/themes/quark-child/images/search-icon.png]
[freedspace.com.au/wp-content/cache/wpfc-minified/epub36kp/64l21.css]
[freedspace.com.au/wp-content/plugins/jetpack/modules/shortcodes/img/slideshow-controls.png]
[freedspace.com.au/wp-content/plugins/jetpack/modules/shortcodes/images/slide-nav.png]
[freedspace.com.au/wp-content/themes/quark/fonts/fontawesome-webfont5b62.eot]
[secure.gravatar.com/images/grav-share-sprite.png]
[freedspace.com.au/wp-content/cache/wpfc-minified/13zjzatv/64l21.css]
[freedspace.com.au/wp-json/wp/v2/pages/13.json]
[freedspace.com.au/wp-content/plugins/logo-carousel-slider-pro/css/grabbing.png]
[freedspace.com.au/wp-content/plugins/logo-carousel-slider-pro/css/AjaxLoader.gif]
[freedspace.com.au/wp-content/cache/wpfc-minified/k9w7ycye/64l20.css]
[freedspace.com.au/wp-includes/js/mediaelement/mejs-controls.svg]
[freedspace.com.au/wp-content/plugins/wc-shortcodes/public/assets/img/ring-alt.svg]
[freedspace.com.au/wp-content/themes/quark-child/fonts/ProximaNovaRegular.svg]
[freedspace.com.au/wp-content/themes/quark-child/fonts/ProximaNovaSemibold.svg]
[freedspace.com.au/wp-content/plugins/wc-shortcodes/public/assets/fonts/fontawesome-webfont3e6e.eot]
[freedspace.com.au/wp-content/themes/quark-child/fonts/Exo2-Regular.svg]
[freedspace.com.au/wp-content/themes/quark-child/fonts/LeagueGothic-Regular.svg]
