******************************************************************************
                  TI ARM Linker PC v20.2.1                     
******************************************************************************
>> Linked Fri Jun 11 10:26:55 2021

OUTPUT FILE NAME:   <CAN_slave_str1.out>
ENTRY POINT SYMBOL: "_c_int00_noargs"  address: 000011b1


MEMORY CONFIGURATION

         name            origin    length      used     unused   attr    fill
----------------------  --------  ---------  --------  --------  ----  --------
  FLASH                 00000000   00100000  000016ce  000fe932  R  X
  SRAM                  20000000   00040000  00000299  0003fd67  RW X


SEGMENT ALLOCATION MAP

run origin  load origin   length   init length attrs members
----------  ----------- ---------- ----------- ----- -------
00000000    00000000    000016d0   000016d0    r-x
  00000000    00000000    00000200   00000200    r-- .intvecs
  00000200    00000200    0000116e   0000116e    r-x .text
  00001370    00001370    00000330   00000330    r-- .const
  000016a0    000016a0    00000030   00000030    r-- .cinit
20000000    20000000    00000299   00000000    rw-
  20000000    20000000    00000200   00000000    rw- .stack
  20000200    20000200    00000084   00000000    rw- .bss
  20000284    20000284    00000015   00000000    rw- .data


SECTION ALLOCATION MAP

 output                                  attributes/
section   page    origin      length       input sections
--------  ----  ----------  ----------   ----------------
.intvecs   0    00000000    00000200     
                  00000000    00000200     startup_ccs.obj (.intvecs)

.text      0    00000200    0000116e     
                  00000200    00000200     driverlib.lib : sysctl.obj (.text:SysCtlClockFreqSet)
                  00000400    000001ee     uartstdio.obj (.text:UARTvprintf)
                  000005ee    00000002     startup_ccs.obj (.text:FaultISR)
                  000005f0    0000016c     driverlib.lib : gpio.obj (.text:GPIOPadConfigSet)
                  0000075c    00000140     can_slave.obj (.text:main)
                  0000089c    00000130     driverlib.lib : can.obj (.text:CANMessageSet)
                  000009cc    00000116                   : can.obj (.text:CANMessageGet)
                  00000ae2    00000002     startup_ccs.obj (.text:IntDefaultHandler)
                  00000ae4    00000114     can_slave.obj (.text:CANErrorHandler)
                  00000bf8    000000c8     can_slave.obj (.text:InitCAN1)
                  00000cc0    0000009c     rtsv7M4_T_le_v4SPD16_eabi.lib : memcpy_t2.asm.obj (.text)
                  00000d5c    0000006c     driverlib.lib : can.obj (.text:CANBitRateSet)
                  00000dc8    00000068                   : interrupt.obj (.text:IntEnable)
                  00000e30    00000068     rtsv7M4_T_le_v4SPD16_eabi.lib : copy_decompress_lzss.c.obj (.text:decompress:lzss:__TI_decompress_lzss)
                  00000e98    00000060     uartstdio.obj (.text:UARTStdioConfig)
                  00000ef8    00000054     can_slave.obj (.text:CAN1IntHandler)
                  00000f4c    00000050     uartstdio.obj (.text:UARTwrite)
                  00000f9c    0000004c     can_slave.obj (.text:ConfigureUART)
                  00000fe8    0000004c     driverlib.lib : gpio.obj (.text:GPIOPinConfigure)
                  00001034    00000048                   : sysctl.obj (.text:_SysCtlFrequencyGet)
                  0000107c    00000044     rtsv7M4_T_le_v4SPD16_eabi.lib : autoinit.c.obj (.text:__TI_auto_init_nobinit_nopinit:__TI_auto_init_nobinit_nopinit)
                  000010c0    00000040     driverlib.lib : can.obj (.text:CANStatusGet)
                  00001100    00000040     rtsv7M4_T_le_v4SPD16_eabi.lib : u_divt2.asm.obj (.text)
                  00001140    0000003a     driverlib.lib : can.obj (.text:CANInit)
                  0000117a    00000002     startup_ccs.obj (.text:NmiSR)
                  0000117c    00000034     driverlib.lib : sysctl.obj (.text:SysCtlPeripheralEnable)
                  000011b0    00000034     rtsv7M4_T_le_v4SPD16_eabi.lib : boot_cortex_m.c.obj (.text:_c_int00_noargs:_c_int00_noargs)
                  000011e4    0000002c     driverlib.lib : gpio.obj (.text:GPIODirModeSet)
                  00001210    0000002a                   : can.obj (.text:_CANDataRegRead)
                  0000123a    00000024                   : can.obj (.text:_CANDataRegWrite)
                  0000125e    00000022                   : can.obj (.text:CANIntClear)
                  00001280    00000020                   : can.obj (.text:CANIntStatus)
                  000012a0    00000020                   : sysctl.obj (.text:_SysCtlMemTimingGet)
                  000012c0    0000001c     rtsv7M4_T_le_v4SPD16_eabi.lib : copy_zero_init.c.obj (.text:decompress:ZI:__TI_zero_init_nomemset:__TI_zero_init_nomemset)
                  000012dc    0000001a     uartstdio.obj (.text:UARTprintf)
                  000012f6    00000016     driverlib.lib : gpio.obj (.text:GPIOPinTypeCAN)
                  0000130c    00000016                   : gpio.obj (.text:GPIOPinTypeUART)
                  00001322    00000002     rtsv7M4_T_le_v4SPD16_eabi.lib : div0.asm.obj (.text)
                  00001324    00000010     driverlib.lib : fpu.obj (.text:FPULazyStackingEnable)
                  00001334    0000000e     rtsv7M4_T_le_v4SPD16_eabi.lib : copy_decompress_none.c.obj (.text:decompress:none:__TI_decompress_none)
                  00001342    0000000a     driverlib.lib : can.obj (.text:CANEnable)
                  0000134c    00000008                   : can.obj (.text:CANIntEnable)
                  00001354    00000006     startup_ccs.obj (.text:ResetISR)
                  0000135a    00000006     driverlib.lib : sysctl.obj (.text:SysCtlDelay)
                  00001360    00000006                   : uart.obj (.text:UARTClockSourceSet)
                  00001366    00000004     rtsv7M4_T_le_v4SPD16_eabi.lib : pre_init.c.obj (.text:_system_pre_init)
                  0000136a    00000004                                   : exit.c.obj (.text:abort:abort)

.const     0    00001370    00000330     
                  00001370    000001b0     driverlib.lib : sysctl.obj (.const:g_pppui32XTALtoVCO)
                  00001520    00000090                   : gpio.obj (.const:g_pui32GPIOBaseAddrs)
                  000015b0    0000006c                   : sysctl.obj (.const:g_pui32Xtals)
                  0000161c    00000030                   : sysctl.obj (.const:g_sXTALtoMEMTIM)
                  0000164c    00000020                   : can.obj (.const:g_ui16CANBitValues)
                  0000166c    00000014                   : interrupt.obj (.const:g_pui32EnRegs)
                  00001680    0000000c     uartstdio.obj (.const:g_ui32UARTBase)
                  0000168c    0000000c     uartstdio.obj (.const:g_ui32UARTPeriph)
                  00001698    00000008     driverlib.lib : sysctl.obj (.const:g_pui32VCOFrequencies)

.cinit     0    000016a0    00000030     
                  000016a0    0000000c     (.cinit..data.load) [load image, compression = lzss]
                  000016ac    0000000c     (__TI_handler_table)
                  000016b8    00000008     (.cinit..bss.load) [load image, compression = zero_init]
                  000016c0    00000010     (__TI_cinit_table)

.init_array 
*          0    00000000    00000000     UNINITIALIZED

.bss       0    20000200    00000084     UNINITIALIZED
                  20000200    00000050     (.common:g_ui8RXMsgData)
                  20000250    00000014     (.common:g_sCAN1RxMessage)
                  20000264    00000014     (.common:g_sCAN1TxMessage)
                  20000278    00000008     (.common:g_ui8TXMsgData)
                  20000280    00000004     (.common:g_ui32SysClock)

.data      0    20000284    00000015     UNINITIALIZED
                  20000284    00000010     can_slave.obj (.data)
                  20000294    00000005     uartstdio.obj (.data)

.stack     0    20000000    00000200     UNINITIALIZED
                  20000000    00000004     rtsv7M4_T_le_v4SPD16_eabi.lib : boot_cortex_m.c.obj (.stack)
                  20000004    000001fc     --HOLE--

__llvm_prf_cnts 
*          0    20000000    00000000     UNINITIALIZED

.binit     0    00000000    00000000     

MODULE SUMMARY

       Module                       code   ro data   rw data
       ------                       ----   -------   -------
    .\
       can_slave.obj                956    0         148    
       startup_ccs.obj              12     512       0      
    +--+----------------------------+------+---------+---------+
       Total:                       968    512       148    
                                                            
    .\utils\
       uartstdio.obj                696    24        5      
    +--+----------------------------+------+---------+---------+
       Total:                       696    24        5      
                                                            
    C:/ti/TivaWare_C_Series-2.2.0.295/driverlib/ccs/Debug/driverlib.lib
       sysctl.obj                   674    596       0      
       can.obj                      974    32        0      
       gpio.obj                     528    144       0      
       interrupt.obj                104    20        0      
       fpu.obj                      16     0         0      
       uart.obj                     6      0         0      
    +--+----------------------------+------+---------+---------+
       Total:                       2302   792       0      
                                                            
    C:\ti\ccs1011\ccs\tools\compiler\ti-cgt-arm_20.2.1.LTS\lib\rtsv7M4_T_le_v4SPD16_eabi.lib
       memcpy_t2.asm.obj            156    0         0      
       copy_decompress_lzss.c.obj   104    0         0      
       autoinit.c.obj               68     0         0      
       u_divt2.asm.obj              64     0         0      
       boot_cortex_m.c.obj          52     0         0      
       copy_zero_init.c.obj         28     0         0      
       copy_decompress_none.c.obj   14     0         0      
       exit.c.obj                   4      0         0      
       pre_init.c.obj               4      0         0      
       div0.asm.obj                 2      0         0      
    +--+----------------------------+------+---------+---------+
       Total:                       496    0         0      
                                                            
       Stack:                       0      0         512    
       Linker Generated:            0      48        0      
    +--+----------------------------+------+---------+---------+
       Grand Total:                 4462   1376      665    


LINKER GENERATED COPY TABLES

__TI_cinit_table @ 000016c0 records: 2, size/record: 8, table size: 16
	.data: load addr=000016a0, load size=0000000c bytes, run addr=20000284, run size=00000015 bytes, compression=lzss
	.bss: load addr=000016b8, load size=00000008 bytes, run addr=20000200, run size=00000084 bytes, compression=zero_init


LINKER GENERATED HANDLER TABLE

__TI_handler_table @ 000016ac records: 3, size/record: 4, table size: 12
	index: 0, handler: __TI_decompress_lzss
	index: 1, handler: __TI_decompress_none
	index: 2, handler: __TI_zero_init


GLOBAL SYMBOLS: SORTED ALPHABETICALLY BY Name 

address   name                          
-------   ----                          
0000136b  C$$EXIT                       
00000ef9  CAN1IntHandler                
00000d5d  CANBitRateSet                 
00001343  CANEnable                     
00000ae5  CANErrorHandler               
00001141  CANInit                       
0000125f  CANIntClear                   
0000134d  CANIntEnable                  
00001281  CANIntStatus                  
000009cd  CANMessageGet                 
0000089d  CANMessageSet                 
000010c1  CANStatusGet                  
00000f9d  ConfigureUART                 
00001325  FPULazyStackingEnable         
000011e5  GPIODirModeSet                
000005f1  GPIOPadConfigSet              
00000fe9  GPIOPinConfigure              
000012f7  GPIOPinTypeCAN                
0000130d  GPIOPinTypeUART               
00000bf9  InitCAN1                      
00000dc9  IntEnable                     
00001355  ResetISR                      
00000201  SysCtlClockFreqSet            
0000135b  SysCtlDelay                   
0000117d  SysCtlPeripheralEnable        
00001361  UARTClockSourceSet            
00000e99  UARTStdioConfig               
000012dd  UARTprintf                    
00000401  UARTvprintf                   
00000f4d  UARTwrite                     
20000200  __STACK_END                   
00000200  __STACK_SIZE                  
20000200  __STACK_TOP                   
000016c0  __TI_CINIT_Base               
000016d0  __TI_CINIT_Limit              
000016ac  __TI_Handler_Table_Base       
000016b8  __TI_Handler_Table_Limit      
0000107d  __TI_auto_init_nobinit_nopinit
00000e31  __TI_decompress_lzss          
00001335  __TI_decompress_none          
ffffffff  __TI_pprof_out_hndl           
ffffffff  __TI_prof_data_size           
ffffffff  __TI_prof_data_start          
00000000  __TI_static_base__            
000012c1  __TI_zero_init_nomemset       
00001323  __aeabi_idiv0                 
00001323  __aeabi_ldiv0                 
00000cc1  __aeabi_memcpy                
00000cc1  __aeabi_memcpy4               
00000cc1  __aeabi_memcpy8               
00001101  __aeabi_uidiv                 
00001101  __aeabi_uidivmod              
ffffffff  __binit__                     
ffffffff  __c_args__                    
UNDEFED   __mpu_init                    
20000000  __stack                       
20000000  __start___llvm_prf_cnts       
20000000  __stop___llvm_prf_cnts        
000011b1  _c_int00_noargs               
UNDEFED   _system_post_cinit            
00001367  _system_pre_init              
0000136b  abort                         
ffffffff  binit                         
2000028c  g_bRXFlag                     
00000000  g_pfnVectors                  
20000250  g_sCAN1RxMessage              
20000264  g_sCAN1TxMessage              
20000290  g_ui32ErrFlag                 
20000284  g_ui32RXMsgCount              
20000280  g_ui32SysClock                
20000288  g_ui32TXMsgCount              
20000200  g_ui8RXMsgData                
20000278  g_ui8TXMsgData                
0000075d  main                          
00000cc1  memcpy                        


GLOBAL SYMBOLS: SORTED BY Symbol Address 

address   name                          
-------   ----                          
00000000  __TI_static_base__            
00000000  g_pfnVectors                  
00000200  __STACK_SIZE                  
00000201  SysCtlClockFreqSet            
00000401  UARTvprintf                   
000005f1  GPIOPadConfigSet              
0000075d  main                          
0000089d  CANMessageSet                 
000009cd  CANMessageGet                 
00000ae5  CANErrorHandler               
00000bf9  InitCAN1                      
00000cc1  __aeabi_memcpy                
00000cc1  __aeabi_memcpy4               
00000cc1  __aeabi_memcpy8               
00000cc1  memcpy                        
00000d5d  CANBitRateSet                 
00000dc9  IntEnable                     
00000e31  __TI_decompress_lzss          
00000e99  UARTStdioConfig               
00000ef9  CAN1IntHandler                
00000f4d  UARTwrite                     
00000f9d  ConfigureUART                 
00000fe9  GPIOPinConfigure              
0000107d  __TI_auto_init_nobinit_nopinit
000010c1  CANStatusGet                  
00001101  __aeabi_uidiv                 
00001101  __aeabi_uidivmod              
00001141  CANInit                       
0000117d  SysCtlPeripheralEnable        
000011b1  _c_int00_noargs               
000011e5  GPIODirModeSet                
0000125f  CANIntClear                   
00001281  CANIntStatus                  
000012c1  __TI_zero_init_nomemset       
000012dd  UARTprintf                    
000012f7  GPIOPinTypeCAN                
0000130d  GPIOPinTypeUART               
00001323  __aeabi_idiv0                 
00001323  __aeabi_ldiv0                 
00001325  FPULazyStackingEnable         
00001335  __TI_decompress_none          
00001343  CANEnable                     
0000134d  CANIntEnable                  
00001355  ResetISR                      
0000135b  SysCtlDelay                   
00001361  UARTClockSourceSet            
00001367  _system_pre_init              
0000136b  C$$EXIT                       
0000136b  abort                         
000016ac  __TI_Handler_Table_Base       
000016b8  __TI_Handler_Table_Limit      
000016c0  __TI_CINIT_Base               
000016d0  __TI_CINIT_Limit              
20000000  __stack                       
20000000  __start___llvm_prf_cnts       
20000000  __stop___llvm_prf_cnts        
20000200  __STACK_END                   
20000200  __STACK_TOP                   
20000200  g_ui8RXMsgData                
20000250  g_sCAN1RxMessage              
20000264  g_sCAN1TxMessage              
20000278  g_ui8TXMsgData                
20000280  g_ui32SysClock                
20000284  g_ui32RXMsgCount              
20000288  g_ui32TXMsgCount              
2000028c  g_bRXFlag                     
20000290  g_ui32ErrFlag                 
ffffffff  __TI_pprof_out_hndl           
ffffffff  __TI_prof_data_size           
ffffffff  __TI_prof_data_start          
ffffffff  __binit__                     
ffffffff  __c_args__                    
ffffffff  binit                         
UNDEFED   __mpu_init                    
UNDEFED   _system_post_cinit            

[75 symbols]
