******************************************************************************
                  TI ARM Linker PC v20.2.1                     
******************************************************************************
>> Linked Sat Jan  2 22:06:27 2021

OUTPUT FILE NAME:   <SPI_FLASH.out>
ENTRY POINT SYMBOL: "_c_int00_noargs"  address: 00001261


MEMORY CONFIGURATION

         name            origin    length      used     unused   attr    fill
----------------------  --------  ---------  --------  --------  ----  --------
  FLASH                 00000000   00100000  00001772  000fe88e  R  X
  SRAM                  20000000   00040000  00000235  0003fdcb  RW X


SEGMENT ALLOCATION MAP

run origin  load origin   length   init length attrs members
----------  ----------- ---------- ----------- ----- -------
00000000    00000000    00001778   00001778    r-x
  00000000    00000000    00000208   00000208    r-- .intvecs
  00000208    00000208    00001226   00001226    r-x .text
  00001430    00001430    00000314   00000314    r-- .const
  00001748    00001748    00000030   00000030    r-- .cinit
20000000    20000000    00000235   00000000    rw-
  20000000    20000000    00000200   00000000    rw- .stack
  20000200    20000200    00000028   00000000    rw- .bss
  20000228    20000228    0000000d   00000000    rw- .data


SECTION ALLOCATION MAP

 output                                  attributes/
section   page    origin      length       input sections
--------  ----  ----------  ----------   ----------------
.intvecs   0    00000000    00000208     
                  00000000    00000208     tm4c1294ncpdt_startup_ccs.obj (.intvecs)

.text      0    00000208    00001226     
                  00000208    000009e0     spi_main.obj (.text)
                  00000be8    00000200     driverlib.lib : sysctl.obj (.text:SysCtlClockFreqSet)
                  00000de8    0000016c                   : gpio.obj (.text:GPIOPadConfigSet)
                  00000f54    0000009c     rtsv7M4_T_le_v4SPD16_eabi.lib : memcpy_t2.asm.obj (.text)
                  00000ff0    00000068                                   : copy_decompress_lzss.c.obj (.text:decompress:lzss:__TI_decompress_lzss)
                  00001058    0000004c     driverlib.lib : gpio.obj (.text:GPIOPinConfigure)
                  000010a4    00000048                   : sysctl.obj (.text:_SysCtlFrequencyGet)
                  000010ec    00000046                   : uart.obj (.text:UARTConfigSetExpClk)
                  00001132    00000002     rtsv7M4_T_le_v4SPD16_eabi.lib : div0.asm.obj (.text)
                  00001134    00000044                                   : autoinit.c.obj (.text:__TI_auto_init_nobinit_nopinit:__TI_auto_init_nobinit_nopinit)
                  00001178    00000040                                   : u_divt2.asm.obj (.text)
                  000011b8    0000003c     driverlib.lib : ssi.obj (.text:SSIConfigSetExpClk)
                  000011f4    00000038                   : sysctl.obj (.text:SysCtlPeripheralPresent)
                  0000122c    00000034                   : sysctl.obj (.text:SysCtlPeripheralEnable)
                  00001260    00000034     rtsv7M4_T_le_v4SPD16_eabi.lib : boot_cortex_m.c.obj (.text:_c_int00_noargs:_c_int00_noargs)
                  00001294    0000002c     driverlib.lib : gpio.obj (.text:GPIODirModeSet)
                  000012c0    00000020                   : uart.obj (.text:UARTDisable)
                  000012e0    00000020                   : sysctl.obj (.text:_SysCtlMemTimingGet)
                  00001300    0000001c     rtsv7M4_T_le_v4SPD16_eabi.lib : copy_zero_init.c.obj (.text:decompress:ZI:__TI_zero_init_nomemset:__TI_zero_init_nomemset)
                  0000131c    0000001a     driverlib.lib : gpio.obj (.text:GPIOPinTypeGPIOOutput)
                  00001336    00000016                   : gpio.obj (.text:GPIOPinTypeGPIOInput)
                  0000134c    00000016                   : gpio.obj (.text:GPIOPinTypeSSI)
                  00001362    00000016                   : gpio.obj (.text:GPIOPinTypeUART)
                  00001378    00000014                   : uart.obj (.text:UARTEnable)
                  0000138c    00000012                   : ssi.obj (.text:SSIAdvDataPutFrameEnd)
                  0000139e    00000012                   : ssi.obj (.text:SSIDataGetNonBlocking)
                  000013b0    0000000e     rtsv7M4_T_le_v4SPD16_eabi.lib : copy_decompress_none.c.obj (.text:decompress:none:__TI_decompress_none)
                  000013be    0000000c     driverlib.lib : ssi.obj (.text:SSIAdvModeSet)
                  000013ca    0000000c                   : ssi.obj (.text:SSIDataGet)
                  000013d6    0000000c     tm4c1294ncpdt_startup_ccs.obj (.text)
                  000013e2    0000000a     driverlib.lib : ssi.obj (.text:SSIAdvFrameHoldEnable)
                  000013ec    0000000a                   : ssi.obj (.text:SSIDataPut)
                  000013f6    0000000a                   : ssi.obj (.text:SSIEnable)
                  00001400    0000000a                   : uart.obj (.text:UARTCharGet)
                  0000140a    0000000a                   : uart.obj (.text:UARTCharPut)
                  00001414    00000006                   : gpio.obj (.text:GPIOPinWrite)
                  0000141a    00000006                   : sysctl.obj (.text:SysCtlDelay)
                  00001420    00000006                   : uart.obj (.text:UARTClockSourceSet)
                  00001426    00000004     rtsv7M4_T_le_v4SPD16_eabi.lib : pre_init.c.obj (.text:_system_pre_init)
                  0000142a    00000004                                   : exit.c.obj (.text:abort:abort)

.const     0    00001430    00000314     
                  00001430    000001b0     driverlib.lib : sysctl.obj (.const:g_pppui32XTALtoVCO)
                  000015e0    00000090                   : gpio.obj (.const:g_pui32GPIOBaseAddrs)
                  00001670    0000006c                   : sysctl.obj (.const:g_pui32Xtals)
                  000016dc    00000030                   : sysctl.obj (.const:g_sXTALtoMEMTIM)
                  0000170c    00000012     spi_main.obj (.const:.string)
                  0000171e    00000002     --HOLE-- [fill = 0]
                  00001720    0000000c     spi_main.obj (.const:g_ui32UARTBase)
                  0000172c    0000000c     spi_main.obj (.const:g_ui32UARTPeriph)
                  00001738    00000008     driverlib.lib : sysctl.obj (.const:g_pui32VCOFrequencies)
                  00001740    00000004     spi_main.obj (.const)

.cinit     0    00001748    00000030     
                  00001748    0000000c     (__TI_handler_table)
                  00001754    0000000a     (.cinit..data.load) [load image, compression = lzss]
                  0000175e    00000002     --HOLE-- [fill = 0]
                  00001760    00000008     (.cinit..bss.load) [load image, compression = zero_init]
                  00001768    00000010     (__TI_cinit_table)

.init_array 
*          0    00000000    00000000     UNINITIALIZED

.bss       0    20000200    00000028     UNINITIALIZED
                  20000200    0000000c     (.common:pui32DataRx)
                  2000020c    0000000c     (.common:pui32DataTx)
                  20000218    00000004     (.common:g_ui32SysClock)
                  2000021c    00000004     (.common:pui16DeviceID)
                  20000220    00000004     (.common:pui8ManufacturerID)
                  20000224    00000004     (.common:ui32Index)

.data      0    20000228    0000000d     UNINITIALIZED
                  20000228    0000000d     spi_main.obj (.data)

.stack     0    20000000    00000200     UNINITIALIZED
                  20000000    00000004     rtsv7M4_T_le_v4SPD16_eabi.lib : boot_cortex_m.c.obj (.stack)
                  20000004    000001fc     --HOLE--

__llvm_prf_cnts 
*          0    20000000    00000000     UNINITIALIZED

MODULE SUMMARY

       Module                          code   ro data   rw data
       ------                          ----   -------   -------
    .\
       spi_main.obj                    2528   46        53     
       tm4c1294ncpdt_startup_ccs.obj   12     520       0      
    +--+-------------------------------+------+---------+---------+
       Total:                          2540   566       53     
                                                               
    C:/ti/TivaWare_C_Series-2.2.0.295/driverlib/ccs/Debug/driverlib.lib
       sysctl.obj                      730    596       0      
       gpio.obj                        582    144       0      
       ssi.obj                         150    0         0      
       uart.obj                        148    0         0      
    +--+-------------------------------+------+---------+---------+
       Total:                          1610   740       0      
                                                               
    C:\ti\ccs1011\ccs\tools\compiler\ti-cgt-arm_20.2.1.LTS\lib\rtsv7M4_T_le_v4SPD16_eabi.lib
       memcpy_t2.asm.obj               156    0         0      
       copy_decompress_lzss.c.obj      104    0         0      
       autoinit.c.obj                  68     0         0      
       u_divt2.asm.obj                 64     0         0      
       boot_cortex_m.c.obj             52     0         0      
       copy_zero_init.c.obj            28     0         0      
       copy_decompress_none.c.obj      14     0         0      
       exit.c.obj                      4      0         0      
       pre_init.c.obj                  4      0         0      
       div0.asm.obj                    2      0         0      
    +--+-------------------------------+------+---------+---------+
       Total:                          496    0         0      
                                                               
       Stack:                          0      0         512    
       Linker Generated:               0      46        0      
    +--+-------------------------------+------+---------+---------+
       Grand Total:                    4646   1352      565    


LINKER GENERATED COPY TABLES

__TI_cinit_table @ 00001768 records: 2, size/record: 8, table size: 16
	.data: load addr=00001754, load size=0000000a bytes, run addr=20000228, run size=0000000d bytes, compression=lzss
	.bss: load addr=00001760, load size=00000008 bytes, run addr=20000200, run size=00000028 bytes, compression=zero_init


LINKER GENERATED HANDLER TABLE

__TI_handler_table @ 00001748 records: 3, size/record: 4, table size: 12
	index: 0, handler: __TI_decompress_lzss
	index: 1, handler: __TI_decompress_none
	index: 2, handler: __TI_zero_init


GLOBAL SYMBOLS: SORTED ALPHABETICALLY BY Name 

address   name                          
-------   ----                          
0000142b  C$$EXIT                       
0000084d  CE_Clear                      
00000833  CE_Set                        
00001295  GPIODirModeSet                
00000de9  GPIOPadConfigSet              
00001059  GPIOPinConfigure              
00001337  GPIOPinTypeGPIOInput          
0000131d  GPIOPinTypeGPIOOutput         
0000134d  GPIOPinTypeSSI                
00001363  GPIOPinTypeUART               
00001415  GPIOPinWrite                  
000008d3  ReadStatus                    
00000a7d  Read_Flash                    
000013d7  ResetISR                      
000007a9  SPIFlashReadID                
00000923  SPIFlashSectorErase           
000008a5  SPIFlashWriteStatus           
00000883  SPI_Write_Disable             
00000867  SPI_Write_Enable              
0000069f  SSI0_init                     
0000138d  SSIAdvDataPutFrameEnd         
000013e3  SSIAdvFrameHoldEnable         
000013bf  SSIAdvModeSet                 
000011b9  SSIConfigSetExpClk            
000013cb  SSIDataGet                    
0000139f  SSIDataGetNonBlocking         
000013ed  SSIDataPut                    
000013f7  SSIEnable                     
00000be9  SysCtlClockFreqSet            
0000141b  SysCtlDelay                   
0000122d  SysCtlPeripheralEnable        
000011f5  SysCtlPeripheralPresent       
00001401  UARTCharGet                   
0000140b  UARTCharPut                   
00001421  UARTClockSourceSet            
000010ed  UARTConfigSetExpClk           
000012c1  UARTDisable                   
00001379  UARTEnable                    
00000209  UARTStdioConfig               
00000725  UART_Init                     
00000359  UARTgetc                      
0000029f  UARTgets                      
0000067b  UARTprintf                    
00000381  UARTvprintf                   
0000024f  UARTwrite                     
00000985  Write_Flash                   
20000200  __STACK_END                   
00000200  __STACK_SIZE                  
20000200  __STACK_TOP                   
00001768  __TI_CINIT_Base               
00001778  __TI_CINIT_Limit              
00001748  __TI_Handler_Table_Base       
00001754  __TI_Handler_Table_Limit      
00001135  __TI_auto_init_nobinit_nopinit
00000ff1  __TI_decompress_lzss          
000013b1  __TI_decompress_none          
ffffffff  __TI_pprof_out_hndl           
ffffffff  __TI_prof_data_size           
ffffffff  __TI_prof_data_start          
00000000  __TI_static_base__            
00001301  __TI_zero_init_nomemset       
00001133  __aeabi_idiv0                 
00001133  __aeabi_ldiv0                 
00000f55  __aeabi_memcpy                
00000f55  __aeabi_memcpy4               
00000f55  __aeabi_memcpy8               
00001179  __aeabi_uidiv                 
00001179  __aeabi_uidivmod              
ffffffff  __binit__                     
ffffffff  __c_args__                    
UNDEFED   __mpu_init                    
20000000  __stack                       
20000000  __start___llvm_prf_cnts       
20000000  __stop___llvm_prf_cnts        
00001261  _c_int00_noargs               
UNDEFED   _system_post_cinit            
00001427  _system_pre_init              
0000142b  abort                         
ffffffff  binit                         
00000000  g_pfnVectors                  
20000218  g_ui32SysClock                
0000076f  main                          
00000f55  memcpy                        
2000021c  pui16DeviceID                 
20000200  pui32DataRx                   
2000020c  pui32DataTx                   
20000220  pui8ManufacturerID            
2000022c  ui32Address                   
20000230  ui32Count                     
20000224  ui32Index                     


GLOBAL SYMBOLS: SORTED BY Symbol Address 

address   name                          
-------   ----                          
00000000  __TI_static_base__            
00000000  g_pfnVectors                  
00000200  __STACK_SIZE                  
00000209  UARTStdioConfig               
0000024f  UARTwrite                     
0000029f  UARTgets                      
00000359  UARTgetc                      
00000381  UARTvprintf                   
0000067b  UARTprintf                    
0000069f  SSI0_init                     
00000725  UART_Init                     
0000076f  main                          
000007a9  SPIFlashReadID                
00000833  CE_Set                        
0000084d  CE_Clear                      
00000867  SPI_Write_Enable              
00000883  SPI_Write_Disable             
000008a5  SPIFlashWriteStatus           
000008d3  ReadStatus                    
00000923  SPIFlashSectorErase           
00000985  Write_Flash                   
00000a7d  Read_Flash                    
00000be9  SysCtlClockFreqSet            
00000de9  GPIOPadConfigSet              
00000f55  __aeabi_memcpy                
00000f55  __aeabi_memcpy4               
00000f55  __aeabi_memcpy8               
00000f55  memcpy                        
00000ff1  __TI_decompress_lzss          
00001059  GPIOPinConfigure              
000010ed  UARTConfigSetExpClk           
00001133  __aeabi_idiv0                 
00001133  __aeabi_ldiv0                 
00001135  __TI_auto_init_nobinit_nopinit
00001179  __aeabi_uidiv                 
00001179  __aeabi_uidivmod              
000011b9  SSIConfigSetExpClk            
000011f5  SysCtlPeripheralPresent       
0000122d  SysCtlPeripheralEnable        
00001261  _c_int00_noargs               
00001295  GPIODirModeSet                
000012c1  UARTDisable                   
00001301  __TI_zero_init_nomemset       
0000131d  GPIOPinTypeGPIOOutput         
00001337  GPIOPinTypeGPIOInput          
0000134d  GPIOPinTypeSSI                
00001363  GPIOPinTypeUART               
00001379  UARTEnable                    
0000138d  SSIAdvDataPutFrameEnd         
0000139f  SSIDataGetNonBlocking         
000013b1  __TI_decompress_none          
000013bf  SSIAdvModeSet                 
000013cb  SSIDataGet                    
000013d7  ResetISR                      
000013e3  SSIAdvFrameHoldEnable         
000013ed  SSIDataPut                    
000013f7  SSIEnable                     
00001401  UARTCharGet                   
0000140b  UARTCharPut                   
00001415  GPIOPinWrite                  
0000141b  SysCtlDelay                   
00001421  UARTClockSourceSet            
00001427  _system_pre_init              
0000142b  C$$EXIT                       
0000142b  abort                         
00001748  __TI_Handler_Table_Base       
00001754  __TI_Handler_Table_Limit      
00001768  __TI_CINIT_Base               
00001778  __TI_CINIT_Limit              
20000000  __stack                       
20000000  __start___llvm_prf_cnts       
20000000  __stop___llvm_prf_cnts        
20000200  __STACK_END                   
20000200  __STACK_TOP                   
20000200  pui32DataRx                   
2000020c  pui32DataTx                   
20000218  g_ui32SysClock                
2000021c  pui16DeviceID                 
20000220  pui8ManufacturerID            
20000224  ui32Index                     
2000022c  ui32Address                   
20000230  ui32Count                     
ffffffff  __TI_pprof_out_hndl           
ffffffff  __TI_prof_data_size           
ffffffff  __TI_prof_data_start          
ffffffff  __binit__                     
ffffffff  __c_args__                    
ffffffff  binit                         
UNDEFED   __mpu_init                    
UNDEFED   _system_post_cinit            

[90 symbols]
