******************************************************************************
                  TI ARM Linker PC v20.2.1                     
******************************************************************************
>> Linked Sat May 15 22:17:09 2021

OUTPUT FILE NAME:   <SPI_Pendios3.out>
ENTRY POINT SYMBOL: "_c_int00_noargs"  address: 000016f5


MEMORY CONFIGURATION

         name            origin    length      used     unused   attr    fill
----------------------  --------  ---------  --------  --------  ----  --------
  FLASH                 00000000   00100000  00001c78  000fe388  R  X
  SRAM                  20000000   00040000  00000617  0003f9e9  RW X


SEGMENT ALLOCATION MAP

run origin  load origin   length   init length attrs members
----------  ----------- ---------- ----------- ----- -------
00000000    00000000    00001c78   00001c78    r-x
  00000000    00000000    00000208   00000208    r-- .intvecs
  00000208    00000208    000016ec   000016ec    r-x .text
  000018f4    000018f4    00000314   00000314    r-- .const
  00001c08    00001c08    00000070   00000070    r-- .cinit
20000000    20000000    0000061e   00000000    rw-
  20000000    20000000    00000409   00000000    rw- .data
  20000410    20000410    00000200   00000000    rw- .stack
  20000610    20000610    0000000e   00000000    rw- .bss


SECTION ALLOCATION MAP

 output                                  attributes/
section   page    origin      length       input sections
--------  ----  ----------  ----------   ----------------
.intvecs   0    00000000    00000208     
                  00000000    00000208     tm4c1294ncpdt_startup_ccs.obj (.intvecs)

.text      0    00000208    000016ec     
                  00000208    00000c3c     spi_flash.obj (.text)
                  00000e44    00000200     driverlib.lib : sysctl.obj (.text:SysCtlClockFreqSet)
                  00001044    000001b8     controller.obj (.text)
                  000011fc    0000016c     driverlib.lib : gpio.obj (.text:GPIOPadConfigSet)
                  00001368    0000009c     rtsv7M4_T_le_v4SPD16_eabi.lib : memcpy_t2.asm.obj (.text)
                  00001404    00000080     address_mapping.obj (.text)
                  00001484    00000068     rtsv7M4_T_le_v4SPD16_eabi.lib : copy_decompress_lzss.c.obj (.text:decompress:lzss:__TI_decompress_lzss)
                  000014ec    0000004c     driverlib.lib : gpio.obj (.text:GPIOPinConfigure)
                  00001538    00000048                   : sysctl.obj (.text:_SysCtlFrequencyGet)
                  00001580    00000046                   : uart.obj (.text:UARTConfigSetExpClk)
                  000015c6    00000002     rtsv7M4_T_le_v4SPD16_eabi.lib : div0.asm.obj (.text)
                  000015c8    00000044                                   : autoinit.c.obj (.text:__TI_auto_init_nobinit_nopinit:__TI_auto_init_nobinit_nopinit)
                  0000160c    00000040                                   : u_divt2.asm.obj (.text)
                  0000164c    0000003c     driverlib.lib : ssi.obj (.text:SSIConfigSetExpClk)
                  00001688    00000038                   : sysctl.obj (.text:SysCtlPeripheralPresent)
                  000016c0    00000034                   : sysctl.obj (.text:SysCtlPeripheralEnable)
                  000016f4    00000034     rtsv7M4_T_le_v4SPD16_eabi.lib : boot_cortex_m.c.obj (.text:_c_int00_noargs:_c_int00_noargs)
                  00001728    0000002c     driverlib.lib : gpio.obj (.text:GPIODirModeSet)
                  00001754    00000020                   : uart.obj (.text:UARTDisable)
                  00001774    00000020                   : sysctl.obj (.text:_SysCtlMemTimingGet)
                  00001794    0000001c     rtsv7M4_T_le_v4SPD16_eabi.lib : copy_zero_init.c.obj (.text:decompress:ZI:__TI_zero_init_nomemset:__TI_zero_init_nomemset)
                  000017b0    0000001a     driverlib.lib : gpio.obj (.text:GPIOPinTypeGPIOOutput)
                  000017ca    00000016                   : gpio.obj (.text:GPIOPinTypeGPIOInput)
                  000017e0    00000016                   : gpio.obj (.text:GPIOPinTypeSSI)
                  000017f6    00000016                   : gpio.obj (.text:GPIOPinTypeUART)
                  0000180c    00000016     spi_main.obj (.text)
                  00001822    00000014     driverlib.lib : uart.obj (.text:UARTEnable)
                  00001836    00000012                   : ssi.obj (.text:SSIAdvDataPutFrameEnd)
                  00001848    00000012                   : ssi.obj (.text:SSIDataGetNonBlocking)
                  0000185a    0000000e                   : uart.obj (.text:UARTCharGetNonBlocking)
                  00001868    0000000e                   : uart.obj (.text:UARTCharsAvail)
                  00001876    0000000e     rtsv7M4_T_le_v4SPD16_eabi.lib : copy_decompress_none.c.obj (.text:decompress:none:__TI_decompress_none)
                  00001884    0000000c     driverlib.lib : ssi.obj (.text:SSIAdvModeSet)
                  00001890    0000000c                   : ssi.obj (.text:SSIDataGet)
                  0000189c    0000000c     tm4c1294ncpdt_startup_ccs.obj (.text)
                  000018a8    0000000a     driverlib.lib : ssi.obj (.text:SSIAdvFrameHoldEnable)
                  000018b2    0000000a                   : ssi.obj (.text:SSIDataPut)
                  000018bc    0000000a                   : ssi.obj (.text:SSIEnable)
                  000018c6    0000000a                   : uart.obj (.text:UARTCharGet)
                  000018d0    0000000a                   : uart.obj (.text:UARTCharPut)
                  000018da    00000006                   : gpio.obj (.text:GPIOPinWrite)
                  000018e0    00000006                   : sysctl.obj (.text:SysCtlDelay)
                  000018e6    00000006                   : uart.obj (.text:UARTClockSourceSet)
                  000018ec    00000004     rtsv7M4_T_le_v4SPD16_eabi.lib : pre_init.c.obj (.text:_system_pre_init)
                  000018f0    00000004                                   : exit.c.obj (.text:abort:abort)

.const     0    000018f4    00000314     
                  000018f4    000001b0     driverlib.lib : sysctl.obj (.const:g_pppui32XTALtoVCO)
                  00001aa4    00000090                   : gpio.obj (.const:g_pui32GPIOBaseAddrs)
                  00001b34    0000006c                   : sysctl.obj (.const:g_pui32Xtals)
                  00001ba0    00000030                   : sysctl.obj (.const:g_sXTALtoMEMTIM)
                  00001bd0    00000012     spi_flash.obj (.const:.string)
                  00001be2    00000002     --HOLE-- [fill = 0]
                  00001be4    0000000c     spi_flash.obj (.const:g_ui32UARTBase)
                  00001bf0    0000000c     spi_flash.obj (.const:g_ui32UARTPeriph)
                  00001bfc    00000008     driverlib.lib : sysctl.obj (.const:g_pui32VCOFrequencies)
                  00001c04    00000004     spi_flash.obj (.const)

.cinit     0    00001c08    00000070     
                  00001c08    00000048     (.cinit..data.load) [load image, compression = lzss]
                  00001c50    0000000c     (__TI_handler_table)
                  00001c5c    00000004     --HOLE-- [fill = 0]
                  00001c60    00000008     (.cinit..bss.load) [load image, compression = zero_init]
                  00001c68    00000010     (__TI_cinit_table)

.init_array 
*          0    00000000    00000000     UNINITIALIZED

.data      0    20000000    00000409     UNINITIALIZED
                  20000000    000000ff     spi_flash.obj (.data:TransmitBuffer)
                  200000ff    000000ff     controller.obj (.data:conf_buffer)
                  200001fe    000000ff     controller.obj (.data:mem_map_pagebuffer)
                  200002fd    000000ff     controller.obj (.data:page_buf)
                  200003fc    00000008     controller.obj (.data)
                  20000404    00000005     spi_flash.obj (.data)

.bss       0    20000610    0000000e     UNINITIALIZED
                  20000610    00000004     (.common:g_ui32SysClock)
                  20000614    00000004     (.common:mem_address)
                  20000618    00000002     (.common:pui16DeviceID)
                  2000061a    00000001     (.common:confRx)
                  2000061b    00000001     (.common:pui8DataRx)
                  2000061c    00000001     (.common:pui8ManufacturerID)
                  2000061d    00000001     (.common:uc8cmd)

.stack     0    20000410    00000200     UNINITIALIZED
                  20000410    00000004     rtsv7M4_T_le_v4SPD16_eabi.lib : boot_cortex_m.c.obj (.stack)
                  20000414    000001fc     --HOLE--

__llvm_prf_cnts 
*          0    20000000    00000000     UNINITIALIZED

MODULE SUMMARY

       Module                          code   ro data   rw data
       ------                          ----   -------   -------
    .\
       tm4c1294ncpdt_startup_ccs.obj   12     520       0      
       spi_main.obj                    22     0         0      
    +--+-------------------------------+------+---------+---------+
       Total:                          34     520       0      
                                                               
    .\src\
       spi_flash.obj                   3132   46        267    
       controller.obj                  440    0         776    
       address_mapping.obj             128    0         4      
    +--+-------------------------------+------+---------+---------+
       Total:                          3700   46        1047   
                                                               
    C:/ti/TivaWare_C_Series-2.2.0.295/driverlib/ccs/Debug/driverlib.lib
       sysctl.obj                      730    596       0      
       gpio.obj                        582    144       0      
       uart.obj                        176    0         0      
       ssi.obj                         150    0         0      
    +--+-------------------------------+------+---------+---------+
       Total:                          1638   740       0      
                                                               
    C:\ti\ccs1011\ccs\tools\compiler\ti-cgt-arm_20.2.1.LTS\lib\rtsv7M4_T_le_v4SPD16_eabi.lib
       memcpy_t2.asm.obj               156    0         0      
       copy_decompress_lzss.c.obj      104    0         0      
       autoinit.c.obj                  68     0         0      
       u_divt2.asm.obj                 64     0         0      
       boot_cortex_m.c.obj             52     0         0      
       copy_zero_init.c.obj            28     0         0      
       copy_decompress_none.c.obj      14     0         0      
       exit.c.obj                      4      0         0      
       pre_init.c.obj                  4      0         0      
       div0.asm.obj                    2      0         0      
    +--+-------------------------------+------+---------+---------+
       Total:                          496    0         0      
                                                               
       Stack:                          0      0         512    
       Linker Generated:               0      108       0      
    +--+-------------------------------+------+---------+---------+
       Grand Total:                    5868   1414      1559   


LINKER GENERATED COPY TABLES

__TI_cinit_table @ 00001c68 records: 2, size/record: 8, table size: 16
	.data: load addr=00001c08, load size=00000048 bytes, run addr=20000000, run size=00000409 bytes, compression=lzss
	.bss: load addr=00001c60, load size=00000008 bytes, run addr=20000610, run size=0000000e bytes, compression=zero_init


LINKER GENERATED HANDLER TABLE

__TI_handler_table @ 00001c50 records: 3, size/record: 4, table size: 12
	index: 0, handler: __TI_decompress_lzss
	index: 1, handler: __TI_decompress_none
	index: 2, handler: __TI_zero_init


GLOBAL SYMBOLS: SORTED ALPHABETICALLY BY Name 

address   name                          
-------   ----                          
000018f1  C$$EXIT                       
00001045  ControllerFunc                
00000d31  CopyArray                     
00001729  GPIODirModeSet                
000011fd  GPIOPadConfigSet              
000014ed  GPIOPinConfigure              
000017cb  GPIOPinTypeGPIOInput          
000017b1  GPIOPinTypeGPIOOutput         
000017e1  GPIOPinTypeSSI                
000017f7  GPIOPinTypeUART               
000018db  GPIOPinWrite                  
0000189d  ResetISR                      
000008bb  SPIFlashBlockErase64          
00000bd3  SPIFlashCharPageProgram       
00000c85  SPIFlashCharRead              
00000a4d  SPIFlashPageProgram           
00000b13  SPIFlashRead                  
00000981  SPIFlashReadID                
00000859  SPIFlashSectorErase           
00000801  SPIFlashSectorErase1          
000007e5  SPI_Write_Disable             
000007c9  SPI_Write_Enable              
000006d7  SSI0_init                     
00001837  SSIAdvDataPutFrameEnd         
000018a9  SSIAdvFrameHoldEnable         
00001885  SSIAdvModeSet                 
0000164d  SSIConfigSetExpClk            
00001891  SSIDataGet                    
00001849  SSIDataGetNonBlocking         
000018b3  SSIDataPut                    
000018bd  SSIEnable                     
00000e45  SysCtlClockFreqSet            
000018e1  SysCtlDelay                   
000016c1  SysCtlPeripheralEnable        
00001689  SysCtlPeripheralPresent       
20000000  TransmitBuffer                
000018c7  UARTCharGet                   
0000185b  UARTCharGetNonBlocking        
000018d1  UARTCharPut                   
00001869  UARTCharsAvail                
000018e7  UARTClockSourceSet            
00001581  UARTConfigSetExpClk           
00001755  UARTDisable                   
00001823  UARTEnable                    
00000209  UARTStdioConfig               
00000753  UART_Init                     
00000359  UARTgetc                      
0000029f  UARTgets                      
0000067b  UARTprintf                    
00000381  UARTvprintf                   
0000024f  UARTwrite                     
20000610  __STACK_END                   
00000200  __STACK_SIZE                  
20000610  __STACK_TOP                   
00001c68  __TI_CINIT_Base               
00001c78  __TI_CINIT_Limit              
00001c50  __TI_Handler_Table_Base       
00001c5c  __TI_Handler_Table_Limit      
000015c9  __TI_auto_init_nobinit_nopinit
00001485  __TI_decompress_lzss          
00001877  __TI_decompress_none          
ffffffff  __TI_pprof_out_hndl           
ffffffff  __TI_prof_data_size           
ffffffff  __TI_prof_data_start          
00000000  __TI_static_base__            
00001795  __TI_zero_init_nomemset       
000015c7  __aeabi_idiv0                 
000015c7  __aeabi_ldiv0                 
00001369  __aeabi_memcpy                
00001369  __aeabi_memcpy4               
00001369  __aeabi_memcpy8               
0000160d  __aeabi_uidiv                 
0000160d  __aeabi_uidivmod              
ffffffff  __binit__                     
ffffffff  __c_args__                    
UNDEFED   __mpu_init                    
20000410  __stack                       
20000000  __start___llvm_prf_cnts       
20000000  __stop___llvm_prf_cnts        
000016f5  _c_int00_noargs               
UNDEFED   _system_post_cinit            
000018ed  _system_pre_init              
000018f1  abort                         
00001405  address_mapping               
ffffffff  binit                         
00000795  chip_select_high              
000007af  chip_select_low               
2000061a  confRx                        
200000ff  conf_buffer                   
000006b7  device_information            
00000000  g_pfnVectors                  
20000610  g_ui32SysClock                
0000069f  hardware_init                 
0000180d  main                          
20000614  mem_address                   
200001fe  mem_map_pagebuffer            
00001369  memcpy                        
200002fd  page_buf                      
00001413  page_index                    
200003fc  pagebase_addr                 
20000400  pagebase_addr1                
20000618  pui16DeviceID                 
2000061b  pui8DataRx                    
2000061c  pui8ManufacturerID            
2000061d  uc8cmd                        
0000090f  w25q80_spi_ChipErase          


GLOBAL SYMBOLS: SORTED BY Symbol Address 

address   name                          
-------   ----                          
00000000  __TI_static_base__            
00000000  g_pfnVectors                  
00000200  __STACK_SIZE                  
00000209  UARTStdioConfig               
0000024f  UARTwrite                     
0000029f  UARTgets                      
00000359  UARTgetc                      
00000381  UARTvprintf                   
0000067b  UARTprintf                    
0000069f  hardware_init                 
000006b7  device_information            
000006d7  SSI0_init                     
00000753  UART_Init                     
00000795  chip_select_high              
000007af  chip_select_low               
000007c9  SPI_Write_Enable              
000007e5  SPI_Write_Disable             
00000801  SPIFlashSectorErase1          
00000859  SPIFlashSectorErase           
000008bb  SPIFlashBlockErase64          
0000090f  w25q80_spi_ChipErase          
00000981  SPIFlashReadID                
00000a4d  SPIFlashPageProgram           
00000b13  SPIFlashRead                  
00000bd3  SPIFlashCharPageProgram       
00000c85  SPIFlashCharRead              
00000d31  CopyArray                     
00000e45  SysCtlClockFreqSet            
00001045  ControllerFunc                
000011fd  GPIOPadConfigSet              
00001369  __aeabi_memcpy                
00001369  __aeabi_memcpy4               
00001369  __aeabi_memcpy8               
00001369  memcpy                        
00001405  address_mapping               
00001413  page_index                    
00001485  __TI_decompress_lzss          
000014ed  GPIOPinConfigure              
00001581  UARTConfigSetExpClk           
000015c7  __aeabi_idiv0                 
000015c7  __aeabi_ldiv0                 
000015c9  __TI_auto_init_nobinit_nopinit
0000160d  __aeabi_uidiv                 
0000160d  __aeabi_uidivmod              
0000164d  SSIConfigSetExpClk            
00001689  SysCtlPeripheralPresent       
000016c1  SysCtlPeripheralEnable        
000016f5  _c_int00_noargs               
00001729  GPIODirModeSet                
00001755  UARTDisable                   
00001795  __TI_zero_init_nomemset       
000017b1  GPIOPinTypeGPIOOutput         
000017cb  GPIOPinTypeGPIOInput          
000017e1  GPIOPinTypeSSI                
000017f7  GPIOPinTypeUART               
0000180d  main                          
00001823  UARTEnable                    
00001837  SSIAdvDataPutFrameEnd         
00001849  SSIDataGetNonBlocking         
0000185b  UARTCharGetNonBlocking        
00001869  UARTCharsAvail                
00001877  __TI_decompress_none          
00001885  SSIAdvModeSet                 
00001891  SSIDataGet                    
0000189d  ResetISR                      
000018a9  SSIAdvFrameHoldEnable         
000018b3  SSIDataPut                    
000018bd  SSIEnable                     
000018c7  UARTCharGet                   
000018d1  UARTCharPut                   
000018db  GPIOPinWrite                  
000018e1  SysCtlDelay                   
000018e7  UARTClockSourceSet            
000018ed  _system_pre_init              
000018f1  C$$EXIT                       
000018f1  abort                         
00001c50  __TI_Handler_Table_Base       
00001c5c  __TI_Handler_Table_Limit      
00001c68  __TI_CINIT_Base               
00001c78  __TI_CINIT_Limit              
20000000  TransmitBuffer                
20000000  __start___llvm_prf_cnts       
20000000  __stop___llvm_prf_cnts        
200000ff  conf_buffer                   
200001fe  mem_map_pagebuffer            
200002fd  page_buf                      
200003fc  pagebase_addr                 
20000400  pagebase_addr1                
20000410  __stack                       
20000610  __STACK_END                   
20000610  __STACK_TOP                   
20000610  g_ui32SysClock                
20000614  mem_address                   
20000618  pui16DeviceID                 
2000061a  confRx                        
2000061b  pui8DataRx                    
2000061c  pui8ManufacturerID            
2000061d  uc8cmd                        
ffffffff  __TI_pprof_out_hndl           
ffffffff  __TI_prof_data_size           
ffffffff  __TI_prof_data_start          
ffffffff  __binit__                     
ffffffff  __c_args__                    
ffffffff  binit                         
UNDEFED   __mpu_init                    
UNDEFED   _system_post_cinit            

[106 symbols]
