******************************************************************************
                  TI ARM Linker PC v20.2.1                     
******************************************************************************
>> Linked Sat Mar 13 14:22:50 2021

OUTPUT FILE NAME:   <SPI_Pendios.out>
ENTRY POINT SYMBOL: "_c_int00_noargs"  address: 00001351


MEMORY CONFIGURATION

         name            origin    length      used     unused   attr    fill
----------------------  --------  ---------  --------  --------  ----  --------
  FLASH                 00000000   00100000  00001872  000fe78e  R  X
  SRAM                  20000000   00040000  0000022d  0003fdd3  RW X


SEGMENT ALLOCATION MAP

run origin  load origin   length   init length attrs members
----------  ----------- ---------- ----------- ----- -------
00000000    00000000    00001878   00001878    r-x
  00000000    00000000    00000208   00000208    r-- .intvecs
  00000208    00000208    0000131e   0000131e    r-x .text
  00001528    00001528    00000314   00000314    r-- .const
  00001840    00001840    00000038   00000038    r-- .cinit
20000000    20000000    0000022d   00000000    rw-
  20000000    20000000    00000200   00000000    rw- .stack
  20000200    20000200    00000020   00000000    rw- .bss
  20000220    20000220    0000000d   00000000    rw- .data


SECTION ALLOCATION MAP

 output                                  attributes/
section   page    origin      length       input sections
--------  ----  ----------  ----------   ----------------
.intvecs   0    00000000    00000208     
                  00000000    00000208     tm4c1294ncpdt_startup_ccs.obj (.intvecs)

.text      0    00000208    0000131e     
                  00000208    00000ad0     spi_main.obj (.text)
                  00000cd8    00000200     driverlib.lib : sysctl.obj (.text:SysCtlClockFreqSet)
                  00000ed8    0000016c                   : gpio.obj (.text:GPIOPadConfigSet)
                  00001044    0000009c     rtsv7M4_T_le_v4SPD16_eabi.lib : memcpy_t2.asm.obj (.text)
                  000010e0    00000068                                   : copy_decompress_lzss.c.obj (.text:decompress:lzss:__TI_decompress_lzss)
                  00001148    0000004c     driverlib.lib : gpio.obj (.text:GPIOPinConfigure)
                  00001194    00000048                   : sysctl.obj (.text:_SysCtlFrequencyGet)
                  000011dc    00000046                   : uart.obj (.text:UARTConfigSetExpClk)
                  00001222    00000002     rtsv7M4_T_le_v4SPD16_eabi.lib : div0.asm.obj (.text)
                  00001224    00000044                                   : autoinit.c.obj (.text:__TI_auto_init_nobinit_nopinit:__TI_auto_init_nobinit_nopinit)
                  00001268    00000040                                   : u_divt2.asm.obj (.text)
                  000012a8    0000003c     driverlib.lib : ssi.obj (.text:SSIConfigSetExpClk)
                  000012e4    00000038                   : sysctl.obj (.text:SysCtlPeripheralPresent)
                  0000131c    00000034                   : sysctl.obj (.text:SysCtlPeripheralEnable)
                  00001350    00000034     rtsv7M4_T_le_v4SPD16_eabi.lib : boot_cortex_m.c.obj (.text:_c_int00_noargs:_c_int00_noargs)
                  00001384    0000002c     driverlib.lib : gpio.obj (.text:GPIODirModeSet)
                  000013b0    00000020                   : uart.obj (.text:UARTDisable)
                  000013d0    00000020                   : sysctl.obj (.text:_SysCtlMemTimingGet)
                  000013f0    0000001c     rtsv7M4_T_le_v4SPD16_eabi.lib : copy_zero_init.c.obj (.text:decompress:ZI:__TI_zero_init_nomemset:__TI_zero_init_nomemset)
                  0000140c    0000001a     driverlib.lib : gpio.obj (.text:GPIOPinTypeGPIOOutput)
                  00001426    00000016                   : gpio.obj (.text:GPIOPinTypeGPIOInput)
                  0000143c    00000016                   : gpio.obj (.text:GPIOPinTypeSSI)
                  00001452    00000016                   : gpio.obj (.text:GPIOPinTypeUART)
                  00001468    00000014                   : uart.obj (.text:UARTEnable)
                  0000147c    00000012                   : ssi.obj (.text:SSIAdvDataPutFrameEnd)
                  0000148e    00000012                   : ssi.obj (.text:SSIDataGetNonBlocking)
                  000014a0    0000000e     rtsv7M4_T_le_v4SPD16_eabi.lib : copy_decompress_none.c.obj (.text:decompress:none:__TI_decompress_none)
                  000014ae    0000000c     driverlib.lib : ssi.obj (.text:SSIAdvModeSet)
                  000014ba    0000000c                   : ssi.obj (.text:SSIDataGet)
                  000014c6    0000000c     tm4c1294ncpdt_startup_ccs.obj (.text)
                  000014d2    0000000a     driverlib.lib : ssi.obj (.text:SSIAdvFrameHoldEnable)
                  000014dc    0000000a                   : ssi.obj (.text:SSIDataPut)
                  000014e6    0000000a                   : ssi.obj (.text:SSIEnable)
                  000014f0    0000000a                   : uart.obj (.text:UARTCharGet)
                  000014fa    0000000a                   : uart.obj (.text:UARTCharPut)
                  00001504    00000008                   : ssi.obj (.text:SSIBusy)
                  0000150c    00000006                   : gpio.obj (.text:GPIOPinWrite)
                  00001512    00000006                   : sysctl.obj (.text:SysCtlDelay)
                  00001518    00000006                   : uart.obj (.text:UARTClockSourceSet)
                  0000151e    00000004     rtsv7M4_T_le_v4SPD16_eabi.lib : pre_init.c.obj (.text:_system_pre_init)
                  00001522    00000004                                   : exit.c.obj (.text:abort:abort)

.const     0    00001528    00000314     
                  00001528    000001b0     driverlib.lib : sysctl.obj (.const:g_pppui32XTALtoVCO)
                  000016d8    00000090                   : gpio.obj (.const:g_pui32GPIOBaseAddrs)
                  00001768    0000006c                   : sysctl.obj (.const:g_pui32Xtals)
                  000017d4    00000030                   : sysctl.obj (.const:g_sXTALtoMEMTIM)
                  00001804    00000012     spi_main.obj (.const:.string)
                  00001816    00000002     --HOLE-- [fill = 0]
                  00001818    0000000c     spi_main.obj (.const:g_ui32UARTBase)
                  00001824    0000000c     spi_main.obj (.const:g_ui32UARTPeriph)
                  00001830    00000008     driverlib.lib : sysctl.obj (.const:g_pui32VCOFrequencies)
                  00001838    00000004     spi_main.obj (.const)

.cinit     0    00001840    00000038     
                  00001840    0000000d     (.cinit..data.load) [load image, compression = lzss]
                  0000184d    00000003     --HOLE-- [fill = 0]
                  00001850    0000000c     (__TI_handler_table)
                  0000185c    00000004     --HOLE-- [fill = 0]
                  00001860    00000008     (.cinit..bss.load) [load image, compression = zero_init]
                  00001868    00000010     (__TI_cinit_table)

.init_array 
*          0    00000000    00000000     UNINITIALIZED

.bss       0    20000200    00000020     UNINITIALIZED
                  20000200    00000014     (.common:pui8DataRx)
                  20000214    00000004     (.common:g_ui32SysClock)
                  20000218    00000004     (.common:pui16DeviceID)
                  2000021c    00000004     (.common:pui8ManufacturerID)

.data      0    20000220    0000000d     UNINITIALIZED
                  20000220    0000000d     spi_main.obj (.data)

.stack     0    20000000    00000200     UNINITIALIZED
                  20000000    00000004     rtsv7M4_T_le_v4SPD16_eabi.lib : boot_cortex_m.c.obj (.stack)
                  20000004    000001fc     --HOLE--

__llvm_prf_cnts 
*          0    20000000    00000000     UNINITIALIZED

MODULE SUMMARY

       Module                          code   ro data   rw data
       ------                          ----   -------   -------
    .\
       spi_main.obj                    2768   46        45     
       tm4c1294ncpdt_startup_ccs.obj   12     520       0      
    +--+-------------------------------+------+---------+---------+
       Total:                          2780   566       45     
                                                               
    C:/ti/TivaWare_C_Series-2.2.0.295/driverlib/ccs/Debug/driverlib.lib
       sysctl.obj                      730    596       0      
       gpio.obj                        582    144       0      
       ssi.obj                         158    0         0      
       uart.obj                        148    0         0      
    +--+-------------------------------+------+---------+---------+
       Total:                          1618   740       0      
                                                               
    C:\ti\ccs1011\ccs\tools\compiler\ti-cgt-arm_20.2.1.LTS\lib\rtsv7M4_T_le_v4SPD16_eabi.lib
       memcpy_t2.asm.obj               156    0         0      
       copy_decompress_lzss.c.obj      104    0         0      
       autoinit.c.obj                  68     0         0      
       u_divt2.asm.obj                 64     0         0      
       boot_cortex_m.c.obj             52     0         0      
       copy_zero_init.c.obj            28     0         0      
       copy_decompress_none.c.obj      14     0         0      
       exit.c.obj                      4      0         0      
       pre_init.c.obj                  4      0         0      
       div0.asm.obj                    2      0         0      
    +--+-------------------------------+------+---------+---------+
       Total:                          496    0         0      
                                                               
       Stack:                          0      0         512    
       Linker Generated:               0      49        0      
    +--+-------------------------------+------+---------+---------+
       Grand Total:                    4894   1355      557    


LINKER GENERATED COPY TABLES

__TI_cinit_table @ 00001868 records: 2, size/record: 8, table size: 16
	.data: load addr=00001840, load size=0000000d bytes, run addr=20000220, run size=0000000d bytes, compression=lzss
	.bss: load addr=00001860, load size=00000008 bytes, run addr=20000200, run size=00000020 bytes, compression=zero_init


LINKER GENERATED HANDLER TABLE

__TI_handler_table @ 00001850 records: 3, size/record: 4, table size: 12
	index: 0, handler: __TI_decompress_lzss
	index: 1, handler: __TI_decompress_none
	index: 2, handler: __TI_zero_init


GLOBAL SYMBOLS: SORTED ALPHABETICALLY BY Name 

address   name                          
-------   ----                          
00001523  C$$EXIT                       
0000083b  CE_Clear                      
00000821  CE_Set                        
00001385  GPIODirModeSet                
00000ed9  GPIOPadConfigSet              
00001149  GPIOPinConfigure              
00001427  GPIOPinTypeGPIOInput          
0000140d  GPIOPinTypeGPIOOutput         
0000143d  GPIOPinTypeSSI                
00001453  GPIOPinTypeUART               
0000150d  GPIOPinWrite                  
000008cd  ReadStatus                    
000014c7  ResetISR                      
000009c1  SPIFlashPageProgram           
00000aad  SPIFlashRead                  
00000797  SPIFlashReadID                
0000092f  SPIFlashSectorErase           
00000891  SPIFlashWriteStatus           
00000871  SPI_Write_Disable             
00000855  SPI_Write_Enable              
0000069f  SSI0_init                     
0000147d  SSIAdvDataPutFrameEnd         
000014d3  SSIAdvFrameHoldEnable         
000014af  SSIAdvModeSet                 
00001505  SSIBusy                       
000012a9  SSIConfigSetExpClk            
000014bb  SSIDataGet                    
0000148f  SSIDataGetNonBlocking         
000014dd  SSIDataPut                    
000014e7  SSIEnable                     
00000cd9  SysCtlClockFreqSet            
00001513  SysCtlDelay                   
0000131d  SysCtlPeripheralEnable        
000012e5  SysCtlPeripheralPresent       
000014f1  UARTCharGet                   
000014fb  UARTCharPut                   
00001519  UARTClockSourceSet            
000011dd  UARTConfigSetExpClk           
000013b1  UARTDisable                   
00001469  UARTEnable                    
00000209  UARTStdioConfig               
00000719  UART_Init                     
00000359  UARTgetc                      
0000029f  UARTgets                      
0000067b  UARTprintf                    
00000381  UARTvprintf                   
0000024f  UARTwrite                     
20000200  __STACK_END                   
00000200  __STACK_SIZE                  
20000200  __STACK_TOP                   
00001868  __TI_CINIT_Base               
00001878  __TI_CINIT_Limit              
00001850  __TI_Handler_Table_Base       
0000185c  __TI_Handler_Table_Limit      
00001225  __TI_auto_init_nobinit_nopinit
000010e1  __TI_decompress_lzss          
000014a1  __TI_decompress_none          
ffffffff  __TI_pprof_out_hndl           
ffffffff  __TI_prof_data_size           
ffffffff  __TI_prof_data_start          
00000000  __TI_static_base__            
000013f1  __TI_zero_init_nomemset       
00001223  __aeabi_idiv0                 
00001223  __aeabi_ldiv0                 
00001045  __aeabi_memcpy                
00001045  __aeabi_memcpy4               
00001045  __aeabi_memcpy8               
00001269  __aeabi_uidiv                 
00001269  __aeabi_uidivmod              
ffffffff  __binit__                     
ffffffff  __c_args__                    
UNDEFED   __mpu_init                    
20000000  __stack                       
20000000  __start___llvm_prf_cnts       
20000000  __stop___llvm_prf_cnts        
00001351  _c_int00_noargs               
UNDEFED   _system_post_cinit            
0000151f  _system_pre_init              
00001523  abort                         
ffffffff  binit                         
00000000  g_pfnVectors                  
20000214  g_ui32SysClock                
0000075f  main                          
00001045  memcpy                        
20000218  pui16DeviceID                 
20000200  pui8DataRx                    
2000021c  pui8ManufacturerID            
20000224  ui32Addr                      
20000228  ui32Count                     


GLOBAL SYMBOLS: SORTED BY Symbol Address 

address   name                          
-------   ----                          
00000000  __TI_static_base__            
00000000  g_pfnVectors                  
00000200  __STACK_SIZE                  
00000209  UARTStdioConfig               
0000024f  UARTwrite                     
0000029f  UARTgets                      
00000359  UARTgetc                      
00000381  UARTvprintf                   
0000067b  UARTprintf                    
0000069f  SSI0_init                     
00000719  UART_Init                     
0000075f  main                          
00000797  SPIFlashReadID                
00000821  CE_Set                        
0000083b  CE_Clear                      
00000855  SPI_Write_Enable              
00000871  SPI_Write_Disable             
00000891  SPIFlashWriteStatus           
000008cd  ReadStatus                    
0000092f  SPIFlashSectorErase           
000009c1  SPIFlashPageProgram           
00000aad  SPIFlashRead                  
00000cd9  SysCtlClockFreqSet            
00000ed9  GPIOPadConfigSet              
00001045  __aeabi_memcpy                
00001045  __aeabi_memcpy4               
00001045  __aeabi_memcpy8               
00001045  memcpy                        
000010e1  __TI_decompress_lzss          
00001149  GPIOPinConfigure              
000011dd  UARTConfigSetExpClk           
00001223  __aeabi_idiv0                 
00001223  __aeabi_ldiv0                 
00001225  __TI_auto_init_nobinit_nopinit
00001269  __aeabi_uidiv                 
00001269  __aeabi_uidivmod              
000012a9  SSIConfigSetExpClk            
000012e5  SysCtlPeripheralPresent       
0000131d  SysCtlPeripheralEnable        
00001351  _c_int00_noargs               
00001385  GPIODirModeSet                
000013b1  UARTDisable                   
000013f1  __TI_zero_init_nomemset       
0000140d  GPIOPinTypeGPIOOutput         
00001427  GPIOPinTypeGPIOInput          
0000143d  GPIOPinTypeSSI                
00001453  GPIOPinTypeUART               
00001469  UARTEnable                    
0000147d  SSIAdvDataPutFrameEnd         
0000148f  SSIDataGetNonBlocking         
000014a1  __TI_decompress_none          
000014af  SSIAdvModeSet                 
000014bb  SSIDataGet                    
000014c7  ResetISR                      
000014d3  SSIAdvFrameHoldEnable         
000014dd  SSIDataPut                    
000014e7  SSIEnable                     
000014f1  UARTCharGet                   
000014fb  UARTCharPut                   
00001505  SSIBusy                       
0000150d  GPIOPinWrite                  
00001513  SysCtlDelay                   
00001519  UARTClockSourceSet            
0000151f  _system_pre_init              
00001523  C$$EXIT                       
00001523  abort                         
00001850  __TI_Handler_Table_Base       
0000185c  __TI_Handler_Table_Limit      
00001868  __TI_CINIT_Base               
00001878  __TI_CINIT_Limit              
20000000  __stack                       
20000000  __start___llvm_prf_cnts       
20000000  __stop___llvm_prf_cnts        
20000200  __STACK_END                   
20000200  __STACK_TOP                   
20000200  pui8DataRx                    
20000214  g_ui32SysClock                
20000218  pui16DeviceID                 
2000021c  pui8ManufacturerID            
20000224  ui32Addr                      
20000228  ui32Count                     
ffffffff  __TI_pprof_out_hndl           
ffffffff  __TI_prof_data_size           
ffffffff  __TI_prof_data_start          
ffffffff  __binit__                     
ffffffff  __c_args__                    
ffffffff  binit                         
UNDEFED   __mpu_init                    
UNDEFED   _system_post_cinit            

[89 symbols]
