******************************************************************************
                  TI ARM Linker PC v20.2.1                     
******************************************************************************
>> Linked Fri Mar 12 13:03:48 2021

OUTPUT FILE NAME:   <SPI_FLASH2.out>
ENTRY POINT SYMBOL: "_c_int00_noargs"  address: 00001305


MEMORY CONFIGURATION

         name            origin    length      used     unused   attr    fill
----------------------  --------  ---------  --------  --------  ----  --------
  FLASH                 00000000   00100000  0000181e  000fe7e2  R  X
  SRAM                  20000000   00040000  0000021d  0003fde3  RW X


SEGMENT ALLOCATION MAP

run origin  load origin   length   init length attrs members
----------  ----------- ---------- ----------- ----- -------
00000000    00000000    00001820   00001820    r-x
  00000000    00000000    00000208   00000208    r-- .intvecs
  00000208    00000208    000012d2   000012d2    r-x .text
  000014dc    000014dc    00000314   00000314    r-- .const
  000017f0    000017f0    00000030   00000030    r-- .cinit
20000000    20000000    0000021d   00000000    rw-
  20000000    20000000    00000200   00000000    rw- .stack
  20000200    20000200    00000010   00000000    rw- .bss
  20000210    20000210    0000000d   00000000    rw- .data


SECTION ALLOCATION MAP

 output                                  attributes/
section   page    origin      length       input sections
--------  ----  ----------  ----------   ----------------
.intvecs   0    00000000    00000208     
                  00000000    00000208     tm4c1294ncpdt_startup_ccs.obj (.intvecs)

.text      0    00000208    000012d2     
                  00000208    00000a84     spi_main.obj (.text)
                  00000c8c    00000200     driverlib.lib : sysctl.obj (.text:SysCtlClockFreqSet)
                  00000e8c    0000016c                   : gpio.obj (.text:GPIOPadConfigSet)
                  00000ff8    0000009c     rtsv7M4_T_le_v4SPD16_eabi.lib : memcpy_t2.asm.obj (.text)
                  00001094    00000068                                   : copy_decompress_lzss.c.obj (.text:decompress:lzss:__TI_decompress_lzss)
                  000010fc    0000004c     driverlib.lib : gpio.obj (.text:GPIOPinConfigure)
                  00001148    00000048                   : sysctl.obj (.text:_SysCtlFrequencyGet)
                  00001190    00000046                   : uart.obj (.text:UARTConfigSetExpClk)
                  000011d6    00000002     rtsv7M4_T_le_v4SPD16_eabi.lib : div0.asm.obj (.text)
                  000011d8    00000044                                   : autoinit.c.obj (.text:__TI_auto_init_nobinit_nopinit:__TI_auto_init_nobinit_nopinit)
                  0000121c    00000040                                   : u_divt2.asm.obj (.text)
                  0000125c    0000003c     driverlib.lib : ssi.obj (.text:SSIConfigSetExpClk)
                  00001298    00000038                   : sysctl.obj (.text:SysCtlPeripheralPresent)
                  000012d0    00000034                   : sysctl.obj (.text:SysCtlPeripheralEnable)
                  00001304    00000034     rtsv7M4_T_le_v4SPD16_eabi.lib : boot_cortex_m.c.obj (.text:_c_int00_noargs:_c_int00_noargs)
                  00001338    0000002c     driverlib.lib : gpio.obj (.text:GPIODirModeSet)
                  00001364    00000020                   : uart.obj (.text:UARTDisable)
                  00001384    00000020                   : sysctl.obj (.text:_SysCtlMemTimingGet)
                  000013a4    0000001c     rtsv7M4_T_le_v4SPD16_eabi.lib : copy_zero_init.c.obj (.text:decompress:ZI:__TI_zero_init_nomemset:__TI_zero_init_nomemset)
                  000013c0    0000001a     driverlib.lib : gpio.obj (.text:GPIOPinTypeGPIOOutput)
                  000013da    00000016                   : gpio.obj (.text:GPIOPinTypeGPIOInput)
                  000013f0    00000016                   : gpio.obj (.text:GPIOPinTypeSSI)
                  00001406    00000016                   : gpio.obj (.text:GPIOPinTypeUART)
                  0000141c    00000014                   : uart.obj (.text:UARTEnable)
                  00001430    00000012                   : ssi.obj (.text:SSIAdvDataPutFrameEnd)
                  00001442    00000012                   : ssi.obj (.text:SSIDataGetNonBlocking)
                  00001454    0000000e     rtsv7M4_T_le_v4SPD16_eabi.lib : copy_decompress_none.c.obj (.text:decompress:none:__TI_decompress_none)
                  00001462    0000000c     driverlib.lib : ssi.obj (.text:SSIAdvModeSet)
                  0000146e    0000000c                   : ssi.obj (.text:SSIDataGet)
                  0000147a    0000000c     tm4c1294ncpdt_startup_ccs.obj (.text)
                  00001486    0000000a     driverlib.lib : ssi.obj (.text:SSIAdvFrameHoldEnable)
                  00001490    0000000a                   : ssi.obj (.text:SSIDataPut)
                  0000149a    0000000a                   : ssi.obj (.text:SSIEnable)
                  000014a4    0000000a                   : uart.obj (.text:UARTCharGet)
                  000014ae    0000000a                   : uart.obj (.text:UARTCharPut)
                  000014b8    00000008                   : ssi.obj (.text:SSIBusy)
                  000014c0    00000006                   : gpio.obj (.text:GPIOPinWrite)
                  000014c6    00000006                   : sysctl.obj (.text:SysCtlDelay)
                  000014cc    00000006                   : uart.obj (.text:UARTClockSourceSet)
                  000014d2    00000004     rtsv7M4_T_le_v4SPD16_eabi.lib : pre_init.c.obj (.text:_system_pre_init)
                  000014d6    00000004                                   : exit.c.obj (.text:abort:abort)

.const     0    000014dc    00000314     
                  000014dc    000001b0     driverlib.lib : sysctl.obj (.const:g_pppui32XTALtoVCO)
                  0000168c    00000090                   : gpio.obj (.const:g_pui32GPIOBaseAddrs)
                  0000171c    0000006c                   : sysctl.obj (.const:g_pui32Xtals)
                  00001788    00000030                   : sysctl.obj (.const:g_sXTALtoMEMTIM)
                  000017b8    00000012     spi_main.obj (.const:.string)
                  000017ca    00000002     --HOLE-- [fill = 0]
                  000017cc    0000000c     spi_main.obj (.const:g_ui32UARTBase)
                  000017d8    0000000c     spi_main.obj (.const:g_ui32UARTPeriph)
                  000017e4    00000008     driverlib.lib : sysctl.obj (.const:g_pui32VCOFrequencies)
                  000017ec    00000004     spi_main.obj (.const)

.cinit     0    000017f0    00000030     
                  000017f0    0000000c     (__TI_handler_table)
                  000017fc    0000000a     (.cinit..data.load) [load image, compression = lzss]
                  00001806    00000002     --HOLE-- [fill = 0]
                  00001808    00000008     (.cinit..bss.load) [load image, compression = zero_init]
                  00001810    00000010     (__TI_cinit_table)

.init_array 
*          0    00000000    00000000     UNINITIALIZED

.bss       0    20000200    00000010     UNINITIALIZED
                  20000200    00000004     (.common:g_ui32SysClock)
                  20000204    00000004     (.common:pui16DeviceID)
                  20000208    00000004     (.common:pui8DataRx)
                  2000020c    00000004     (.common:pui8ManufacturerID)

.data      0    20000210    0000000d     UNINITIALIZED
                  20000210    0000000d     spi_main.obj (.data)

.stack     0    20000000    00000200     UNINITIALIZED
                  20000000    00000004     rtsv7M4_T_le_v4SPD16_eabi.lib : boot_cortex_m.c.obj (.stack)
                  20000004    000001fc     --HOLE--

__llvm_prf_cnts 
*          0    20000000    00000000     UNINITIALIZED

MODULE SUMMARY

       Module                          code   ro data   rw data
       ------                          ----   -------   -------
    .\
       spi_main.obj                    2692   46        29     
       tm4c1294ncpdt_startup_ccs.obj   12     520       0      
    +--+-------------------------------+------+---------+---------+
       Total:                          2704   566       29     
                                                               
    C:/ti/TivaWare_C_Series-2.2.0.295/driverlib/ccs/Debug/driverlib.lib
       sysctl.obj                      730    596       0      
       gpio.obj                        582    144       0      
       ssi.obj                         158    0         0      
       uart.obj                        148    0         0      
    +--+-------------------------------+------+---------+---------+
       Total:                          1618   740       0      
                                                               
    C:\ti\ccs1011\ccs\tools\compiler\ti-cgt-arm_20.2.1.LTS\lib\rtsv7M4_T_le_v4SPD16_eabi.lib
       memcpy_t2.asm.obj               156    0         0      
       copy_decompress_lzss.c.obj      104    0         0      
       autoinit.c.obj                  68     0         0      
       u_divt2.asm.obj                 64     0         0      
       boot_cortex_m.c.obj             52     0         0      
       copy_zero_init.c.obj            28     0         0      
       copy_decompress_none.c.obj      14     0         0      
       exit.c.obj                      4      0         0      
       pre_init.c.obj                  4      0         0      
       div0.asm.obj                    2      0         0      
    +--+-------------------------------+------+---------+---------+
       Total:                          496    0         0      
                                                               
       Stack:                          0      0         512    
       Linker Generated:               0      46        0      
    +--+-------------------------------+------+---------+---------+
       Grand Total:                    4818   1352      541    


LINKER GENERATED COPY TABLES

__TI_cinit_table @ 00001810 records: 2, size/record: 8, table size: 16
	.data: load addr=000017fc, load size=0000000a bytes, run addr=20000210, run size=0000000d bytes, compression=lzss
	.bss: load addr=00001808, load size=00000008 bytes, run addr=20000200, run size=00000010 bytes, compression=zero_init


LINKER GENERATED HANDLER TABLE

__TI_handler_table @ 000017f0 records: 3, size/record: 4, table size: 12
	index: 0, handler: __TI_decompress_lzss
	index: 1, handler: __TI_decompress_none
	index: 2, handler: __TI_zero_init


GLOBAL SYMBOLS: SORTED ALPHABETICALLY BY Name 

address   name                          
-------   ----                          
000014d7  C$$EXIT                       
00000843  CE_Clear                      
00000829  CE_Set                        
00001339  GPIODirModeSet                
00000e8d  GPIOPadConfigSet              
000010fd  GPIOPinConfigure              
000013db  GPIOPinTypeGPIOInput          
000013c1  GPIOPinTypeGPIOOutput         
000013f1  GPIOPinTypeSSI                
00001407  GPIOPinTypeUART               
000014c1  GPIOPinWrite                  
000008c9  ReadStatus                    
0000147b  ResetISR                      
000009a5  SPIFlashPageProgram           
00000a99  SPIFlashRead                  
0000079f  SPIFlashReadID                
0000091f  SPIFlashSectorErase           
00000895  SPIFlashWriteStatus           
00000879  SPI_Write_Disable             
0000085d  SPI_Write_Enable              
0000069f  SSI0_init                     
00001431  SSIAdvDataPutFrameEnd         
00001487  SSIAdvFrameHoldEnable         
00001463  SSIAdvModeSet                 
000014b9  SSIBusy                       
0000125d  SSIConfigSetExpClk            
0000146f  SSIDataGet                    
00001443  SSIDataGetNonBlocking         
00001491  SSIDataPut                    
0000149b  SSIEnable                     
00000c8d  SysCtlClockFreqSet            
000014c7  SysCtlDelay                   
000012d1  SysCtlPeripheralEnable        
00001299  SysCtlPeripheralPresent       
000014a5  UARTCharGet                   
000014af  UARTCharPut                   
000014cd  UARTClockSourceSet            
00001191  UARTConfigSetExpClk           
00001365  UARTDisable                   
0000141d  UARTEnable                    
00000209  UARTStdioConfig               
00000719  UART_Init                     
00000359  UARTgetc                      
0000029f  UARTgets                      
0000067b  UARTprintf                    
00000381  UARTvprintf                   
0000024f  UARTwrite                     
20000200  __STACK_END                   
00000200  __STACK_SIZE                  
20000200  __STACK_TOP                   
00001810  __TI_CINIT_Base               
00001820  __TI_CINIT_Limit              
000017f0  __TI_Handler_Table_Base       
000017fc  __TI_Handler_Table_Limit      
000011d9  __TI_auto_init_nobinit_nopinit
00001095  __TI_decompress_lzss          
00001455  __TI_decompress_none          
ffffffff  __TI_pprof_out_hndl           
ffffffff  __TI_prof_data_size           
ffffffff  __TI_prof_data_start          
00000000  __TI_static_base__            
000013a5  __TI_zero_init_nomemset       
000011d7  __aeabi_idiv0                 
000011d7  __aeabi_ldiv0                 
00000ff9  __aeabi_memcpy                
00000ff9  __aeabi_memcpy4               
00000ff9  __aeabi_memcpy8               
0000121d  __aeabi_uidiv                 
0000121d  __aeabi_uidivmod              
ffffffff  __binit__                     
ffffffff  __c_args__                    
UNDEFED   __mpu_init                    
20000000  __stack                       
20000000  __start___llvm_prf_cnts       
20000000  __stop___llvm_prf_cnts        
00001305  _c_int00_noargs               
UNDEFED   _system_post_cinit            
000014d3  _system_pre_init              
000014d7  abort                         
ffffffff  binit                         
00000000  g_pfnVectors                  
20000200  g_ui32SysClock                
0000075f  main                          
00000ff9  memcpy                        
20000204  pui16DeviceID                 
20000208  pui8DataRx                    
2000020c  pui8ManufacturerID            
20000214  ui32Addr                      
20000218  ui32Count                     


GLOBAL SYMBOLS: SORTED BY Symbol Address 

address   name                          
-------   ----                          
00000000  __TI_static_base__            
00000000  g_pfnVectors                  
00000200  __STACK_SIZE                  
00000209  UARTStdioConfig               
0000024f  UARTwrite                     
0000029f  UARTgets                      
00000359  UARTgetc                      
00000381  UARTvprintf                   
0000067b  UARTprintf                    
0000069f  SSI0_init                     
00000719  UART_Init                     
0000075f  main                          
0000079f  SPIFlashReadID                
00000829  CE_Set                        
00000843  CE_Clear                      
0000085d  SPI_Write_Enable              
00000879  SPI_Write_Disable             
00000895  SPIFlashWriteStatus           
000008c9  ReadStatus                    
0000091f  SPIFlashSectorErase           
000009a5  SPIFlashPageProgram           
00000a99  SPIFlashRead                  
00000c8d  SysCtlClockFreqSet            
00000e8d  GPIOPadConfigSet              
00000ff9  __aeabi_memcpy                
00000ff9  __aeabi_memcpy4               
00000ff9  __aeabi_memcpy8               
00000ff9  memcpy                        
00001095  __TI_decompress_lzss          
000010fd  GPIOPinConfigure              
00001191  UARTConfigSetExpClk           
000011d7  __aeabi_idiv0                 
000011d7  __aeabi_ldiv0                 
000011d9  __TI_auto_init_nobinit_nopinit
0000121d  __aeabi_uidiv                 
0000121d  __aeabi_uidivmod              
0000125d  SSIConfigSetExpClk            
00001299  SysCtlPeripheralPresent       
000012d1  SysCtlPeripheralEnable        
00001305  _c_int00_noargs               
00001339  GPIODirModeSet                
00001365  UARTDisable                   
000013a5  __TI_zero_init_nomemset       
000013c1  GPIOPinTypeGPIOOutput         
000013db  GPIOPinTypeGPIOInput          
000013f1  GPIOPinTypeSSI                
00001407  GPIOPinTypeUART               
0000141d  UARTEnable                    
00001431  SSIAdvDataPutFrameEnd         
00001443  SSIDataGetNonBlocking         
00001455  __TI_decompress_none          
00001463  SSIAdvModeSet                 
0000146f  SSIDataGet                    
0000147b  ResetISR                      
00001487  SSIAdvFrameHoldEnable         
00001491  SSIDataPut                    
0000149b  SSIEnable                     
000014a5  UARTCharGet                   
000014af  UARTCharPut                   
000014b9  SSIBusy                       
000014c1  GPIOPinWrite                  
000014c7  SysCtlDelay                   
000014cd  UARTClockSourceSet            
000014d3  _system_pre_init              
000014d7  C$$EXIT                       
000014d7  abort                         
000017f0  __TI_Handler_Table_Base       
000017fc  __TI_Handler_Table_Limit      
00001810  __TI_CINIT_Base               
00001820  __TI_CINIT_Limit              
20000000  __stack                       
20000000  __start___llvm_prf_cnts       
20000000  __stop___llvm_prf_cnts        
20000200  __STACK_END                   
20000200  __STACK_TOP                   
20000200  g_ui32SysClock                
20000204  pui16DeviceID                 
20000208  pui8DataRx                    
2000020c  pui8ManufacturerID            
20000214  ui32Addr                      
20000218  ui32Count                     
ffffffff  __TI_pprof_out_hndl           
ffffffff  __TI_prof_data_size           
ffffffff  __TI_prof_data_start          
ffffffff  __binit__                     
ffffffff  __c_args__                    
ffffffff  binit                         
UNDEFED   __mpu_init                    
UNDEFED   _system_post_cinit            

[89 symbols]
