15:33:28 **** Incremental Build of configuration Debug for project ADC ****
make -j4 all 
arm-none-eabi-gcc -o "ADC.elf" @"objects.list"   -mcpu=cortex-m4 -T"D:\Imbrute_khaleel\STM32_workspace\ADC\STM32F401RETX_FLASH.ld" --specs=nosys.specs -Wl,-Map="ADC.map" -Wl,--gc-sections -static --specs=nano.specs -mfpu=fpv4-sp-d16 -mfloat-abi=hard -mthumb -Wl,--start-group -lc -lm -Wl,--end-group
Finished building target: ADC.elf
 
arm-none-eabi-size   ADC.elf 
arm-none-eabi-objdump -h -S  ADC.elf  > "ADC.list"
arm-none-eabi-objcopy  -O ihex  ADC.elf  "ADC.hex"
arm-none-eabi-objcopy  -O binary  ADC.elf  "ADC.bin"
   text	   data	    bss	    dec	    hex	filename
   5320	    112	   1696	   7128	   1bd8	ADC.elf
Finished building: default.size.stdout
 
Finished building: ADC.hex
Finished building: ADC.list
Finished building: ADC.bin
 
 
 

15:33:29 Build Finished. 0 errors, 0 warnings. (took 901ms)

