11:36:52 **** Build of configuration Debug for project I2C ****
make -j4 all 
arm-none-eabi-gcc -o "I2C.elf" @"objects.list"   -mcpu=cortex-m4 -T"D:\Imbrute_khaleel\STM32_workspace\I2C\STM32F401RETX_FLASH.ld" --specs=nosys.specs -Wl,-Map="I2C.map" -Wl,--gc-sections -static --specs=nano.specs -mfpu=fpv4-sp-d16 -mfloat-abi=hard -mthumb -u _printf_float -Wl,--start-group -lc -lm -Wl,--end-group
Finished building target: I2C.elf
 
arm-none-eabi-size   I2C.elf 
arm-none-eabi-objdump -h -S  I2C.elf  > "I2C.list"
arm-none-eabi-objcopy  -O ihex  I2C.elf  "I2C.hex"
arm-none-eabi-objcopy  -O binary  I2C.elf  "I2C.bin"
   text	   data	    bss	    dec	    hex	filename
  17828	    476	   1596	  19900	   4dbc	I2C.elf
Finished building: default.size.stdout
 
Finished building: I2C.hex
Finished building: I2C.bin
 
 
Finished building: I2C.list
 
