00:54:18 **** Incremental Build of configuration Debug for project Led_7_segment_timer_interrupt ****
make -j4 all 
arm-none-eabi-gcc "../Core/Src/main.c" -mcpu=cortex-m4 -std=gnu11 -g3 -DDEBUG -DUSE_HAL_DRIVER -DSTM32F401xE -c -I../Core/Inc -I../Drivers/STM32F4xx_HAL_Driver/Inc -I../Drivers/STM32F4xx_HAL_Driver/Inc/Legacy -I../Drivers/CMSIS/Device/ST/STM32F4xx/Include -I../Drivers/CMSIS/Include -O0 -ffunction-sections -fdata-sections -Wall -fstack-usage -MMD -MP -MF"Core/Src/main.d" -MT"Core/Src/main.o" --specs=nano.specs -mfpu=fpv4-sp-d16 -mfloat-abi=hard -mthumb -o "Core/Src/main.o"
arm-none-eabi-gcc -o "Led_7_segment_timer_interrupt.elf" @"objects.list"   -mcpu=cortex-m4 -T"D:\Imbrute_khaleel\STM32_workspace\Led_7_segment_timer_interrupt\STM32F401RETX_FLASH.ld" --specs=nosys.specs -Wl,-Map="Led_7_segment_timer_interrupt.map" -Wl,--gc-sections -static --specs=nano.specs -mfpu=fpv4-sp-d16 -mfloat-abi=hard -mthumb -Wl,--start-group -lc -lm -Wl,--end-group
Finished building target: Led_7_segment_timer_interrupt.elf
 
arm-none-eabi-size   Led_7_segment_timer_interrupt.elf 
arm-none-eabi-objdump -h -S  Led_7_segment_timer_interrupt.elf  > "Led_7_segment_timer_interrupt.list"
arm-none-eabi-objcopy  -O ihex  Led_7_segment_timer_interrupt.elf  "Led_7_segment_timer_interrupt.hex"
arm-none-eabi-objcopy  -O binary  Led_7_segment_timer_interrupt.elf  "Led_7_segment_timer_interrupt.bin"
   text	   data	    bss	    dec	    hex	filename
   1380	     20	   1580	   2980	    ba4	Led_7_segment_timer_interrupt.elf
Finished building: default.size.stdout
 
Finished building: Led_7_segment_timer_interrupt.hex
Finished building: Led_7_segment_timer_interrupt.list
Finished building: Led_7_segment_timer_interrupt.bin
 
 
 

00:54:19 Build Finished. 0 errors, 0 warnings. (took 1s.364ms)

