20:40:11 **** Build of configuration Debug for project Relay_control ****
make -j4 all 
arm-none-eabi-gcc "../Core/Src/main.c" -mcpu=cortex-m4 -std=gnu11 -g3 -DDEBUG -DUSE_HAL_DRIVER -DSTM32F401xE -c -I../Core/Inc -I../Drivers/STM32F4xx_HAL_Driver/Inc -I../Drivers/STM32F4xx_HAL_Driver/Inc/Legacy -I../Drivers/CMSIS/Device/ST/STM32F4xx/Include -I../Drivers/CMSIS/Include -O0 -ffunction-sections -fdata-sections -Wall -fstack-usage -MMD -MP -MF"Core/Src/main.d" -MT"Core/Src/main.o" --specs=nano.specs -mfpu=fpv4-sp-d16 -mfloat-abi=hard -mthumb -o "Core/Src/main.o"
arm-none-eabi-gcc -o "Relay_control.elf" @"objects.list"   -mcpu=cortex-m4 -T"D:\Imbrute_khaleel\STM32_workspace\Relay_control\STM32F401RETX_FLASH.ld" --specs=nosys.specs -Wl,-Map="Relay_control.map" -Wl,--gc-sections -static --specs=nano.specs -mfpu=fpv4-sp-d16 -mfloat-abi=hard -mthumb -Wl,--start-group -lc -lm -Wl,--end-group
Finished building target: Relay_control.elf
 
arm-none-eabi-size   Relay_control.elf 
arm-none-eabi-objdump -h -S  Relay_control.elf  > "Relay_control.list"
arm-none-eabi-objcopy  -O ihex  Relay_control.elf  "Relay_control.hex"
arm-none-eabi-objcopy  -O binary  Relay_control.elf  "Relay_control.bin"
   text	   data	    bss	    dec	    hex	filename
    948	     12	   1572	   2532	    9e4	Relay_control.elf
Finished building: default.size.stdout
 
Finished building: Relay_control.list
Finished building: Relay_control.bin
Finished building: Relay_control.hex
 
 
 

20:40:12 Build Finished. 0 errors, 0 warnings. (took 1s.393ms)

