11:00:24 **** Incremental Build of configuration Debug for project Tut1_Led_Blink ****
make -j4 all 
arm-none-eabi-gcc "../Core/Src/main.c" -mcpu=cortex-m4 -std=gnu11 -g3 -DDEBUG -DUSE_HAL_DRIVER -DSTM32F401xE -c -I../Core/Inc -I../Drivers/STM32F4xx_HAL_Driver/Inc -I../Drivers/STM32F4xx_HAL_Driver/Inc/Legacy -I../Drivers/CMSIS/Device/ST/STM32F4xx/Include -I../Drivers/CMSIS/Include -O0 -ffunction-sections -fdata-sections -Wall -fstack-usage -MMD -MP -MF"Core/Src/main.d" -MT"Core/Src/main.o" --specs=nano.specs -mfpu=fpv4-sp-d16 -mfloat-abi=hard -mthumb -o "Core/Src/main.o"
arm-none-eabi-gcc -o "Tut1_Led_Blink.elf" @"objects.list"   -mcpu=cortex-m4 -T"D:\Imbrute_khaleel\STM32_workspace\Tut1_Led_Blink\STM32F401RETX_FLASH.ld" --specs=nosys.specs -Wl,-Map="Tut1_Led_Blink.map" -Wl,--gc-sections -static --specs=nano.specs -mfpu=fpv4-sp-d16 -mfloat-abi=hard -mthumb -Wl,--start-group -lc -lm -Wl,--end-group
Finished building target: Tut1_Led_Blink.elf
 
arm-none-eabi-size   Tut1_Led_Blink.elf 
arm-none-eabi-objdump -h -S  Tut1_Led_Blink.elf  > "Tut1_Led_Blink.list"
arm-none-eabi-objcopy  -O binary  Tut1_Led_Blink.elf  "Tut1_Led_Blink.bin"
   text	   data	    bss	    dec	    hex	filename
    948	     12	   1572	   2532	    9e4	Tut1_Led_Blink.elf
Finished building: default.size.stdout
Finished building: Tut1_Led_Blink.bin
Finished building: Tut1_Led_Blink.list
 
 
 

11:00:25 Build Finished. 0 errors, 0 warnings. (took 1s.370ms)

