02:22:40 **** Incremental Build of configuration Debug for project UART_rx_tx ****
make -j4 all 
arm-none-eabi-gcc "../Core/Src/main.c" -mcpu=cortex-m4 -std=gnu11 -g3 -DDEBUG -DUSE_HAL_DRIVER -DSTM32F401xE -c -I../Core/Inc -I../Drivers/STM32F4xx_HAL_Driver/Inc -I../Drivers/STM32F4xx_HAL_Driver/Inc/Legacy -I../Drivers/CMSIS/Device/ST/STM32F4xx/Include -I../Drivers/CMSIS/Include -O0 -ffunction-sections -fdata-sections -Wall -fstack-usage -MMD -MP -MF"Core/Src/main.d" -MT"Core/Src/main.o" --specs=nano.specs -mfpu=fpv4-sp-d16 -mfloat-abi=hard -mthumb -o "Core/Src/main.o"
arm-none-eabi-gcc -o "UART_rx_tx.elf" @"objects.list"   -mcpu=cortex-m4 -T"D:\Imbrute_khaleel\STM32_workspace\UART_rx_tx\STM32F401RETX_FLASH.ld" --specs=nosys.specs -Wl,-Map="UART_rx_tx.map" -Wl,--gc-sections -static --specs=nano.specs -mfpu=fpv4-sp-d16 -mfloat-abi=hard -mthumb -Wl,--start-group -lc -lm -Wl,--end-group
Finished building target: UART_rx_tx.elf
 
arm-none-eabi-size   UART_rx_tx.elf 
arm-none-eabi-objdump -h -S  UART_rx_tx.elf  > "UART_rx_tx.list"
arm-none-eabi-objcopy  -O ihex  UART_rx_tx.elf  "UART_rx_tx.hex"
arm-none-eabi-objcopy  -O binary  UART_rx_tx.elf  "UART_rx_tx.bin"
   text	   data	    bss	    dec	    hex	filename
   1056	     12	   1572	   2640	    a50	UART_rx_tx.elf
Finished building: default.size.stdout
 
Finished building: UART_rx_tx.hex
Finished building: UART_rx_tx.bin
Finished building: UART_rx_tx.list
 
 
 

02:22:41 Build Finished. 0 errors, 0 warnings. (took 1s.276ms)

