******************************************************************************
                  TI ARM Linker PC v20.2.4                     
******************************************************************************
>> Linked Thu Jul  1 17:08:49 2021

OUTPUT FILE NAME:   <Tiva_GSM.out>
ENTRY POINT SYMBOL: "_c_int00_noargs"  address: 000015fd


MEMORY CONFIGURATION

         name            origin    length      used     unused   attr    fill
----------------------  --------  ---------  --------  --------  ----  --------
  FLASH                 00000000   00100000  00001eec  000fe114  R  X
  SRAM                  20000000   00040000  00000477  0003fb89  RW X


SEGMENT ALLOCATION MAP

run origin  load origin   length   init length attrs members
----------  ----------- ---------- ----------- ----- -------
00000000    00000000    00001ef0   00001ef0    r-x
  00000000    00000000    00000200   00000200    r-- .intvecs
  00000200    00000200    00001880   00001880    r-x .text
  00001a80    00001a80    0000043c   0000043c    r-- .const
  00001ec0    00001ec0    00000030   00000030    r-- .cinit
20000000    20000000    0000047d   00000000    rw-
  20000000    20000000    00000372   00000000    rw- .bss
  20000378    20000378    00000100   00000000    rw- .stack
  20000478    20000478    00000005   00000000    rw- .data


SECTION ALLOCATION MAP

 output                                  attributes/
section   page    origin      length       input sections
--------  ----  ----------  ----------   ----------------
.intvecs   0    00000000    00000200     
                  00000000    00000200     startup_ccs.obj (.intvecs)

.text      0    00000200    00001880     
                  00000200    00000200     driverlib.lib : sysctl.obj (.text:SysCtlClockFreqSet)
                  00000400    000001ee     atcommand.obj (.text:UARTvprintf)
                  000005ee    00000002     startup_ccs.obj (.text:FaultISR)
                  000005f0    000001bc     dbg.obj (.text:dbg_printf)
                  000007ac    000001bc     GSM.obj (.text:parse_config)
                  00000968    0000016c     driverlib.lib : gpio.obj (.text:GPIOPadConfigSet)
                  00000ad4    00000144     GSM.obj (.text:Gsm_fetch_conf)
                  00000c18    000000de     tiny-json.obj (.text:objValue)
                  00000cf6    00000002     startup_ccs.obj (.text:IntDefaultHandler)
                  00000cf8    000000c4     tiny-json.obj (.text:numValue)
                  00000dbc    0000009c     rtsv7M4_T_le_v4SPD16_eabi.lib : memcpy_t2.asm.obj (.text)
                  00000e58    0000007a                                   : memset_t2.asm.obj (.text)
                  00000ed2    00000002     startup_ccs.obj (.text:NmiSR)
                  00000ed4    00000072     RS_232.obj (.text:rs232_init)
                  00000f46    00000068     rtsv7M4_T_le_v4SPD16_eabi.lib : copy_decompress_lzss.c.obj (.text:decompress:lzss:__TI_decompress_lzss)
                  00000fae    00000002                                   : div0.asm.obj (.text)
                  00000fb0    00000064     RS_232.obj (.text:UART0_init)
                  00001014    00000060     atcommand.obj (.text:UARTStdioConfig)
                  00001074    0000005c     GSM.obj (.text:sendcmdg)
                  000010d0    00000054     GSM_main_U2.obj (.text:main)
                  00001124    00000054     atcommand.obj (.text:response_grab)
                  00001178    00000050     RS_232.obj (.text:UART2_init)
                  000011c8    00000050     atcommand.obj (.text:UARTwrite)
                  00001218    0000004c     driverlib.lib : gpio.obj (.text:GPIOPinConfigure)
                  00001264    0000004a     atcommand.obj (.text:Gsm_http_contextid)
                  000012ae    00000002     --HOLE-- [fill = 0]
                  000012b0    00000048     driverlib.lib : sysctl.obj (.text:_SysCtlFrequencyGet)
                  000012f8    00000046     atcommand.obj (.text:Gsm_http_action)
                  0000133e    00000046     driverlib.lib : uart.obj (.text:UARTConfigSetExpClk)
                  00001384    00000044     atcommand.obj (.text:Gsm_http_init)
                  000013c8    00000044     atcommand.obj (.text:Gsm_http_read)
                  0000140c    00000044     rtsv7M4_T_le_v4SPD16_eabi.lib : autoinit.c.obj (.text:__TI_auto_init_nobinit_nopinit:__TI_auto_init_nobinit_nopinit)
                  00001450    00000044     tiny-json.obj (.text:parseString)
                  00001494    00000042     atcommand.obj (.text:Gsm_http_term)
                  000014d6    00000002     --HOLE-- [fill = 0]
                  000014d8    00000040     GSM.obj (.text:response_check)
                  00001518    00000040     rtsv7M4_T_le_v4SPD16_eabi.lib : u_divt2.asm.obj (.text)
                  00001558    00000038     dbg.obj (.text:divOut)
                  00001590    00000038     tiny-json.obj (.text:json_createWithPool)
                  000015c8    00000034     driverlib.lib : sysctl.obj (.text:SysCtlPeripheralEnable)
                  000015fc    00000034     rtsv7M4_T_le_v4SPD16_eabi.lib : boot_cortex_m.c.obj (.text:_c_int00_noargs:_c_int00_noargs)
                  00001630    00000034                                   : strstr.c.obj (.text:strstr)
                  00001664    00000030     dbg.obj (.text:outDgt)
                  00001694    0000002f     tiny-json.obj (.text:isEndOfPrimitive)
                  000016c3    00000001     --HOLE-- [fill = 0]
                  000016c4    0000002c     driverlib.lib : gpio.obj (.text:GPIODirModeSet)
                  000016f0    00000028     tiny-json.obj (.text:json_create)
                  00001718    00000028     tiny-json.obj (.text:poolAlloc)
                  00001740    00000026     tiny-json.obj (.text:primitiveValue)
                  00001766    00000002     --HOLE-- [fill = 0]
                  00001768    00000024     tiny-json.obj (.text:expValue)
                  0000178c    00000024     tiny-json.obj (.text:json_getProperty)
                  000017b0    00000024     tiny-json.obj (.text:propertyName)
                  000017d4    00000022     tiny-json.obj (.text:goWhile)
                  000017f6    00000002     --HOLE-- [fill = 0]
                  000017f8    00000020     driverlib.lib : uart.obj (.text:UARTDisable)
                  00001818    00000020                   : sysctl.obj (.text:_SysCtlMemTimingGet)
                  00001838    00000020     tiny-json.obj (.text:getCharFromUnicode)
                  00001858    00000020     tiny-json.obj (.text:getEscape)
                  00001878    00000020     tiny-json.obj (.text:goNum)
                  00001898    0000001c     tiny-json.obj (.text:checkStr)
                  000018b4    0000001c     rtsv7M4_T_le_v4SPD16_eabi.lib : copy_zero_init.c.obj (.text:decompress:ZI:__TI_zero_init_nomemset:__TI_zero_init_nomemset)
                  000018d0    0000001c     tiny-json.obj (.text:fraqValue)
                  000018ec    0000001c     tiny-json.obj (.text:textValue)
                  00001908    0000001b     tiny-json.obj (.text:setToNull)
                  00001923    00000001     --HOLE-- [fill = 0]
                  00001924    0000001a     atcommand.obj (.text:UARTprintf)
                  0000193e    00000018     tiny-json.obj (.text:isOneOfThem)
                  00001956    00000018     rtsv7M4_T_le_v4SPD16_eabi.lib : strcmp.c.obj (.text:strcmp)
                  0000196e    00000002     --HOLE-- [fill = 0]
                  00001970    00000018     dbg.obj (.text:uart_putc)
                  00001988    00000016     driverlib.lib : gpio.obj (.text:GPIOPinTypeUART)
                  0000199e    00000016     tiny-json.obj (.text:json_getPropertyValue)
                  000019b4    00000014     driverlib.lib : uart.obj (.text:UARTEnable)
                  000019c8    00000014     tiny-json.obj (.text:add)
                  000019dc    00000010     hardware.obj (.text:Configure_clk)
                  000019ec    00000010     dbg.obj (.text:out)
                  000019fc    0000000e     rtsv7M4_T_le_v4SPD16_eabi.lib : copy_decompress_none.c.obj (.text:decompress:none:__TI_decompress_none)
                  00001a0a    00000002     --HOLE-- [fill = 0]
                  00001a0c    0000000e     tiny-json.obj (.text:falseValue)
                  00001a1a    00000002     --HOLE-- [fill = 0]
                  00001a1c    0000000e     tiny-json.obj (.text:goBlank)
                  00001a2a    0000000e     hardware.obj (.text:hw_init)
                  00001a38    0000000e     tiny-json.obj (.text:poolInit)
                  00001a46    00000002     --HOLE-- [fill = 0]
                  00001a48    0000000d     tiny-json.obj (.text:nullValue)
                  00001a55    00000003     --HOLE-- [fill = 0]
                  00001a58    0000000d     tiny-json.obj (.text:trueValue)
                  00001a65    00000001     --HOLE-- [fill = 0]
                  00001a66    00000006     startup_ccs.obj (.text:ResetISR)
                  00001a6c    00000006     driverlib.lib : sysctl.obj (.text:SysCtlDelay)
                  00001a72    00000006                   : uart.obj (.text:UARTClockSourceSet)
                  00001a78    00000004     rtsv7M4_T_le_v4SPD16_eabi.lib : pre_init.c.obj (.text:_system_pre_init)
                  00001a7c    00000004                                   : exit.c.obj (.text:abort:abort)

.const     0    00001a80    0000043c     
                  00001a80    000001b0     driverlib.lib : sysctl.obj (.const:g_pppui32XTALtoVCO)
                  00001c30    00000101     rtsv7M4_T_le_v4SPD16_eabi.lib : ctype.c.obj (.const:.string:_ctypes_)
                  00001d31    00000003     --HOLE-- [fill = 0]
                  00001d34    00000090     driverlib.lib : gpio.obj (.const:g_pui32GPIOBaseAddrs)
                  00001dc4    0000006c                   : sysctl.obj (.const:g_pui32Xtals)
                  00001e30    00000030                   : sysctl.obj (.const:g_sXTALtoMEMTIM)
                  00001e60    00000015     tiny-json.obj (.const:.string:min$2)
                  00001e75    00000014     tiny-json.obj (.const:.string:max$3)
                  00001e89    00000010     tiny-json.obj (.const:pair$1)
                  00001e99    00000003     --HOLE-- [fill = 0]
                  00001e9c    0000000c     atcommand.obj (.const:g_ui32UARTBase)
                  00001ea8    0000000c     atcommand.obj (.const:g_ui32UARTPeriph)
                  00001eb4    00000008     driverlib.lib : sysctl.obj (.const:g_pui32VCOFrequencies)

.cinit     0    00001ec0    00000030     
                  00001ec0    0000000c     (__TI_handler_table)
                  00001ecc    00000004     --HOLE-- [fill = 0]
                  00001ed0    00000008     (.cinit..bss.load) [load image, compression = zero_init]
                  00001ed8    00000007     (.cinit..data.load) [load image, compression = lzss]
                  00001edf    00000001     --HOLE-- [fill = 0]
                  00001ee0    00000010     (__TI_cinit_table)

.init_array 
*          0    00000000    00000000     UNINITIALIZED

.bss       0    20000000    00000372     UNINITIALIZED
                  20000000    000001f4     (.common:response)
                  200001f4    00000168     (.common:pool)
                  2000035c    0000000c     dbg.obj (.bss:buf)
                  20000368    0000000a     dbg.obj (.bss)

.data      0    20000478    00000005     UNINITIALIZED
                  20000478    00000005     atcommand.obj (.data)

.stack     0    20000378    00000100     UNINITIALIZED
                  20000378    00000004     rtsv7M4_T_le_v4SPD16_eabi.lib : boot_cortex_m.c.obj (.stack)
                  2000037c    000000fc     --HOLE--

__llvm_prf_cnts 
*          0    20000000    00000000     UNINITIALIZED

.binit     0    00000000    00000000     

MODULE SUMMARY

       Module                       code   ro data   rw data
       ------                       ----   -------   -------
    .\
       GSM_main_U2.obj              84     0         500    
       startup_ccs.obj              12     512       0      
    +--+----------------------------+------+---------+---------+
       Total:                       96     512       500    
                                                            
    .\src\
       GSM.obj                      924    0         360    
       tiny-json.obj                1190   57        0      
       atcommand.obj                1126   24        5      
       dbg.obj                      588    0         22     
       RS_232.obj                   294    0         0      
       hardware.obj                 30     0         0      
    +--+----------------------------+------+---------+---------+
       Total:                       4152   81        387    
                                                            
    C:/ti/TivaWare_C_Series-2.2.0.295/driverlib/ccs/Debug/driverlib.lib
       sysctl.obj                   674    596       0      
       gpio.obj                     506    144       0      
       uart.obj                     128    0         0      
    +--+----------------------------+------+---------+---------+
       Total:                       1308   740       0      
                                                            
    C:\ti\ccs1031\ccs\tools\compiler\ti-cgt-arm_20.2.4.LTS\lib\rtsv7M4_T_le_v4SPD16_eabi.lib
       ctype.c.obj                  0      257       0      
       memcpy_t2.asm.obj            156    0         0      
       memset_t2.asm.obj            122    0         0      
       copy_decompress_lzss.c.obj   104    0         0      
       autoinit.c.obj               68     0         0      
       u_divt2.asm.obj              64     0         0      
       boot_cortex_m.c.obj          52     0         0      
       strstr.c.obj                 52     0         0      
       copy_zero_init.c.obj         28     0         0      
       strcmp.c.obj                 24     0         0      
       copy_decompress_none.c.obj   14     0         0      
       exit.c.obj                   4      0         0      
       pre_init.c.obj               4      0         0      
       div0.asm.obj                 2      0         0      
    +--+----------------------------+------+---------+---------+
       Total:                       694    257       0      
                                                            
       Stack:                       0      0         256    
       Linker Generated:            0      43        0      
    +--+----------------------------+------+---------+---------+
       Grand Total:                 6250   1633      1143   


LINKER GENERATED COPY TABLES

__TI_cinit_table @ 00001ee0 records: 2, size/record: 8, table size: 16
	.bss: load addr=00001ed0, load size=00000008 bytes, run addr=20000000, run size=00000372 bytes, compression=zero_init
	.data: load addr=00001ed8, load size=00000007 bytes, run addr=20000478, run size=00000005 bytes, compression=lzss


LINKER GENERATED HANDLER TABLE

__TI_handler_table @ 00001ec0 records: 3, size/record: 4, table size: 12
	index: 0, handler: __TI_decompress_lzss
	index: 1, handler: __TI_decompress_none
	index: 2, handler: __TI_zero_init


GLOBAL SYMBOLS: SORTED ALPHABETICALLY BY Name 

address   name                          
-------   ----                          
00001a7d  C$$EXIT                       
000019dd  Configure_clk                 
000016c5  GPIODirModeSet                
00000969  GPIOPadConfigSet              
00001219  GPIOPinConfigure              
00001989  GPIOPinTypeUART               
00000ad5  Gsm_fetch_conf                
000012f9  Gsm_http_action               
00001265  Gsm_http_contextid            
00001385  Gsm_http_init                 
000013c9  Gsm_http_read                 
00001495  Gsm_http_term                 
00001a67  ResetISR                      
00000201  SysCtlClockFreqSet            
00001a6d  SysCtlDelay                   
000015c9  SysCtlPeripheralEnable        
00000fb1  UART0_init                    
00001179  UART2_init                    
00001a73  UARTClockSourceSet            
0000133f  UARTConfigSetExpClk           
000017f9  UARTDisable                   
000019b5  UARTEnable                    
00001015  UARTStdioConfig               
00001925  UARTprintf                    
00000401  UARTvprintf                   
000011c9  UARTwrite                     
20000478  __STACK_END                   
00000100  __STACK_SIZE                  
20000478  __STACK_TOP                   
00001ee0  __TI_CINIT_Base               
00001ef0  __TI_CINIT_Limit              
00001ec0  __TI_Handler_Table_Base       
00001ecc  __TI_Handler_Table_Limit      
0000140d  __TI_auto_init_nobinit_nopinit
00000f47  __TI_decompress_lzss          
000019fd  __TI_decompress_none          
ffffffff  __TI_pprof_out_hndl           
ffffffff  __TI_prof_data_size           
ffffffff  __TI_prof_data_start          
00000000  __TI_static_base__            
000018b5  __TI_zero_init_nomemset       
00000faf  __aeabi_idiv0                 
00000faf  __aeabi_ldiv0                 
00000e59  __aeabi_memclr                
00000e59  __aeabi_memclr4               
00000e59  __aeabi_memclr8               
00000dbd  __aeabi_memcpy                
00000dbd  __aeabi_memcpy4               
00000dbd  __aeabi_memcpy8               
00000e5b  __aeabi_memset                
00000e5b  __aeabi_memset4               
00000e5b  __aeabi_memset8               
00001519  __aeabi_uidiv                 
00001519  __aeabi_uidivmod              
ffffffff  __binit__                     
ffffffff  __c_args__                    
UNDEFED   __mpu_init                    
20000378  __stack                       
20000000  __start___llvm_prf_cnts       
20000000  __stop___llvm_prf_cnts        
000015fd  _c_int00_noargs               
00001c30  _ctypes_                      
UNDEFED   _system_post_cinit            
00001a79  _system_pre_init              
00001a7d  abort                         
ffffffff  binit                         
000005f1  dbg_printf                    
00000000  g_pfnVectors                  
00001a2b  hw_init                       
000016f1  json_create                   
00001591  json_createWithPool           
0000178d  json_getProperty              
0000199f  json_getPropertyValue         
000010d1  main                          
00000dbd  memcpy                        
00000e61  memset                        
000007ad  parse_config                  
200001f4  pool                          
20000000  response                      
000014d9  response_check                
00001125  response_grab                 
00000ed5  rs232_init                    
00001075  sendcmdg                      
00001957  strcmp                        
00001631  strstr                        


GLOBAL SYMBOLS: SORTED BY Symbol Address 

address   name                          
-------   ----                          
00000000  __TI_static_base__            
00000000  g_pfnVectors                  
00000100  __STACK_SIZE                  
00000201  SysCtlClockFreqSet            
00000401  UARTvprintf                   
000005f1  dbg_printf                    
000007ad  parse_config                  
00000969  GPIOPadConfigSet              
00000ad5  Gsm_fetch_conf                
00000dbd  __aeabi_memcpy                
00000dbd  __aeabi_memcpy4               
00000dbd  __aeabi_memcpy8               
00000dbd  memcpy                        
00000e59  __aeabi_memclr                
00000e59  __aeabi_memclr4               
00000e59  __aeabi_memclr8               
00000e5b  __aeabi_memset                
00000e5b  __aeabi_memset4               
00000e5b  __aeabi_memset8               
00000e61  memset                        
00000ed5  rs232_init                    
00000f47  __TI_decompress_lzss          
00000faf  __aeabi_idiv0                 
00000faf  __aeabi_ldiv0                 
00000fb1  UART0_init                    
00001015  UARTStdioConfig               
00001075  sendcmdg                      
000010d1  main                          
00001125  response_grab                 
00001179  UART2_init                    
000011c9  UARTwrite                     
00001219  GPIOPinConfigure              
00001265  Gsm_http_contextid            
000012f9  Gsm_http_action               
0000133f  UARTConfigSetExpClk           
00001385  Gsm_http_init                 
000013c9  Gsm_http_read                 
0000140d  __TI_auto_init_nobinit_nopinit
00001495  Gsm_http_term                 
000014d9  response_check                
00001519  __aeabi_uidiv                 
00001519  __aeabi_uidivmod              
00001591  json_createWithPool           
000015c9  SysCtlPeripheralEnable        
000015fd  _c_int00_noargs               
00001631  strstr                        
000016c5  GPIODirModeSet                
000016f1  json_create                   
0000178d  json_getProperty              
000017f9  UARTDisable                   
000018b5  __TI_zero_init_nomemset       
00001925  UARTprintf                    
00001957  strcmp                        
00001989  GPIOPinTypeUART               
0000199f  json_getPropertyValue         
000019b5  UARTEnable                    
000019dd  Configure_clk                 
000019fd  __TI_decompress_none          
00001a2b  hw_init                       
00001a67  ResetISR                      
00001a6d  SysCtlDelay                   
00001a73  UARTClockSourceSet            
00001a79  _system_pre_init              
00001a7d  C$$EXIT                       
00001a7d  abort                         
00001c30  _ctypes_                      
00001ec0  __TI_Handler_Table_Base       
00001ecc  __TI_Handler_Table_Limit      
00001ee0  __TI_CINIT_Base               
00001ef0  __TI_CINIT_Limit              
20000000  __start___llvm_prf_cnts       
20000000  __stop___llvm_prf_cnts        
20000000  response                      
200001f4  pool                          
20000378  __stack                       
20000478  __STACK_END                   
20000478  __STACK_TOP                   
ffffffff  __TI_pprof_out_hndl           
ffffffff  __TI_prof_data_size           
ffffffff  __TI_prof_data_start          
ffffffff  __binit__                     
ffffffff  __c_args__                    
ffffffff  binit                         
UNDEFED   __mpu_init                    
UNDEFED   _system_post_cinit            

[85 symbols]
