******************************************************************************
                  TI ARM Linker PC v20.2.1                     
******************************************************************************
>> Linked Tue Mar  9 14:09:33 2021

OUTPUT FILE NAME:   <Encoder.out>
ENTRY POINT SYMBOL: "_c_int00_noargs"  address: 00000f6d


MEMORY CONFIGURATION

         name            origin    length      used     unused   attr    fill
----------------------  --------  ---------  --------  --------  ----  --------
  FLASH                 00000000   00100000  00001452  000febae  R  X
  SRAM                  20000000   00040000  00000209  0003fdf7  RW X


SEGMENT ALLOCATION MAP

run origin  load origin   length   init length attrs members
----------  ----------- ---------- ----------- ----- -------
00000000    00000000    00001458   00001458    r-x
  00000000    00000000    00000208   00000208    r-- .intvecs
  00000208    00000208    00000f06   00000f06    r-x .text
  00001110    00001110    00000314   00000314    r-- .const
  00001428    00001428    00000030   00000030    r-- .cinit
20000000    20000000    0000020c   00000000    rw-
  20000000    20000000    00000200   00000000    rw- .stack
  20000200    20000200    00000005   00000000    rw- .data
  20000208    20000208    00000004   00000000    rw- .bss


SECTION ALLOCATION MAP

 output                                  attributes/
section   page    origin      length       input sections
--------  ----  ----------  ----------   ----------------
.intvecs   0    00000000    00000208     
                  00000000    00000208     tm4c1294ncpdt_startup_ccs.obj (.intvecs)

.text      0    00000208    00000f06     
                  00000208    00000610     main.obj (.text)
                  00000818    00000200     driverlib.lib : sysctl.obj (.text:SysCtlClockFreqSet)
                  00000a18    0000016c                   : gpio.obj (.text:GPIOPadConfigSet)
                  00000b84    00000118                   : sysctl.obj (.text:SysCtlClockGet)
                  00000c9c    0000009c     rtsv7M4_T_le_v4SPD16_eabi.lib : memcpy_t2.asm.obj (.text)
                  00000d38    00000068                                   : copy_decompress_lzss.c.obj (.text:decompress:lzss:__TI_decompress_lzss)
                  00000da0    0000004c     driverlib.lib : gpio.obj (.text:GPIOPinConfigure)
                  00000dec    00000048                   : sysctl.obj (.text:_SysCtlFrequencyGet)
                  00000e34    00000046                   : uart.obj (.text:UARTConfigSetExpClk)
                  00000e7a    00000002     rtsv7M4_T_le_v4SPD16_eabi.lib : div0.asm.obj (.text)
                  00000e7c    00000044                                   : autoinit.c.obj (.text:__TI_auto_init_nobinit_nopinit:__TI_auto_init_nobinit_nopinit)
                  00000ec0    00000040                                   : u_divt2.asm.obj (.text)
                  00000f00    00000038     driverlib.lib : sysctl.obj (.text:SysCtlPeripheralPresent)
                  00000f38    00000034                   : sysctl.obj (.text:SysCtlPeripheralEnable)
                  00000f6c    00000034     rtsv7M4_T_le_v4SPD16_eabi.lib : boot_cortex_m.c.obj (.text:_c_int00_noargs:_c_int00_noargs)
                  00000fa0    0000002c     driverlib.lib : gpio.obj (.text:GPIODirModeSet)
                  00000fcc    00000020                   : uart.obj (.text:UARTDisable)
                  00000fec    00000020                   : sysctl.obj (.text:_SysCtlMemTimingGet)
                  0000100c    0000001c     rtsv7M4_T_le_v4SPD16_eabi.lib : copy_zero_init.c.obj (.text:decompress:ZI:__TI_zero_init_nomemset:__TI_zero_init_nomemset)
                  00001028    00000016     driverlib.lib : gpio.obj (.text:GPIOPinTypeQEI)
                  0000103e    00000016                   : gpio.obj (.text:GPIOPinTypeUART)
                  00001054    00000014                   : uart.obj (.text:UARTEnable)
                  00001068    00000010                   : qei.obj (.text:QEIVelocityConfigure)
                  00001078    0000000e                   : qei.obj (.text:QEIConfigure)
                  00001086    0000000e     rtsv7M4_T_le_v4SPD16_eabi.lib : copy_decompress_none.c.obj (.text:decompress:none:__TI_decompress_none)
                  00001094    0000000c     driverlib.lib : qei.obj (.text:QEIFilterConfigure)
                  000010a0    0000000c     tm4c1294ncpdt_startup_ccs.obj (.text)
                  000010ac    0000000a     driverlib.lib : qei.obj (.text:QEIDisable)
                  000010b6    0000000a                   : qei.obj (.text:QEIEnable)
                  000010c0    0000000a                   : qei.obj (.text:QEIFilterEnable)
                  000010ca    0000000a                   : qei.obj (.text:QEIIntDisable)
                  000010d4    0000000a                   : qei.obj (.text:QEIVelocityEnable)
                  000010de    0000000a                   : uart.obj (.text:UARTCharGet)
                  000010e8    0000000a                   : uart.obj (.text:UARTCharPut)
                  000010f2    00000006                   : sysctl.obj (.text:SysCtlDelay)
                  000010f8    00000006                   : uart.obj (.text:UARTClockSourceSet)
                  000010fe    00000004                   : qei.obj (.text:QEIPositionGet)
                  00001102    00000004                   : qei.obj (.text:QEIPositionSet)
                  00001106    00000004     rtsv7M4_T_le_v4SPD16_eabi.lib : pre_init.c.obj (.text:_system_pre_init)
                  0000110a    00000004                                   : exit.c.obj (.text:abort:abort)

.const     0    00001110    00000314     
                  00001110    000001b0     driverlib.lib : sysctl.obj (.const:g_pppui32XTALtoVCO)
                  000012c0    00000090                   : gpio.obj (.const:g_pui32GPIOBaseAddrs)
                  00001350    0000006c                   : sysctl.obj (.const:g_pui32Xtals)
                  000013bc    00000030                   : sysctl.obj (.const:g_sXTALtoMEMTIM)
                  000013ec    00000012     main.obj (.const:.string)
                  000013fe    00000002     --HOLE-- [fill = 0]
                  00001400    0000000c     main.obj (.const:g_ui32UARTBase)
                  0000140c    0000000c     main.obj (.const:g_ui32UARTPeriph)
                  00001418    00000008     driverlib.lib : sysctl.obj (.const:g_pui32VCOFrequencies)
                  00001420    00000004     main.obj (.const)

.cinit     0    00001428    00000030     
                  00001428    0000000c     (__TI_handler_table)
                  00001434    00000004     --HOLE-- [fill = 0]
                  00001438    00000008     (.cinit..bss.load) [load image, compression = zero_init]
                  00001440    00000007     (.cinit..data.load) [load image, compression = lzss]
                  00001447    00000001     --HOLE-- [fill = 0]
                  00001448    00000010     (__TI_cinit_table)

.init_array 
*          0    00000000    00000000     UNINITIALIZED

.data      0    20000200    00000005     UNINITIALIZED
                  20000200    00000005     main.obj (.data)

.bss       0    20000208    00000004     UNINITIALIZED
                  20000208    00000004     (.common:qeiPosition)

.stack     0    20000000    00000200     UNINITIALIZED
                  20000000    00000004     rtsv7M4_T_le_v4SPD16_eabi.lib : boot_cortex_m.c.obj (.stack)
                  20000004    000001fc     --HOLE--

__llvm_prf_cnts 
*          0    20000000    00000000     UNINITIALIZED

MODULE SUMMARY

       Module                          code   ro data   rw data
       ------                          ----   -------   -------
    .\
       main.obj                        1552   46        9      
       tm4c1294ncpdt_startup_ccs.obj   12     520       0      
    +--+-------------------------------+------+---------+---------+
       Total:                          1564   566       9      
                                                               
    C:/ti/TivaWare_C_Series-2.2.0.295/driverlib/ccs/Debug/driverlib.lib
       sysctl.obj                      1010   596       0      
       gpio.obj                        528    144       0      
       uart.obj                        148    0         0      
       qei.obj                         100    0         0      
    +--+-------------------------------+------+---------+---------+
       Total:                          1786   740       0      
                                                               
    C:\ti\ccs1011\ccs\tools\compiler\ti-cgt-arm_20.2.1.LTS\lib\rtsv7M4_T_le_v4SPD16_eabi.lib
       memcpy_t2.asm.obj               156    0         0      
       copy_decompress_lzss.c.obj      104    0         0      
       autoinit.c.obj                  68     0         0      
       u_divt2.asm.obj                 64     0         0      
       boot_cortex_m.c.obj             52     0         0      
       copy_zero_init.c.obj            28     0         0      
       copy_decompress_none.c.obj      14     0         0      
       exit.c.obj                      4      0         0      
       pre_init.c.obj                  4      0         0      
       div0.asm.obj                    2      0         0      
    +--+-------------------------------+------+---------+---------+
       Total:                          496    0         0      
                                                               
       Stack:                          0      0         512    
       Linker Generated:               0      43        0      
    +--+-------------------------------+------+---------+---------+
       Grand Total:                    3846   1349      521    


LINKER GENERATED COPY TABLES

__TI_cinit_table @ 00001448 records: 2, size/record: 8, table size: 16
	.bss: load addr=00001438, load size=00000008 bytes, run addr=20000208, run size=00000004 bytes, compression=zero_init
	.data: load addr=00001440, load size=00000007 bytes, run addr=20000200, run size=00000005 bytes, compression=lzss


LINKER GENERATED HANDLER TABLE

__TI_handler_table @ 00001428 records: 3, size/record: 4, table size: 12
	index: 0, handler: __TI_decompress_lzss
	index: 1, handler: __TI_decompress_none
	index: 2, handler: __TI_zero_init


GLOBAL SYMBOLS: SORTED ALPHABETICALLY BY Name 

address   name                          
-------   ----                          
0000110b  C$$EXIT                       
00000fa1  GPIODirModeSet                
00000a19  GPIOPadConfigSet              
00000da1  GPIOPinConfigure              
00001029  GPIOPinTypeQEI                
0000103f  GPIOPinTypeUART               
0000069f  Init_QEI0                     
00001079  QEIConfigure                  
000010ad  QEIDisable                    
000010b7  QEIEnable                     
00001095  QEIFilterConfigure            
000010c1  QEIFilterEnable               
000010cb  QEIIntDisable                 
000010ff  QEIPositionGet                
00001103  QEIPositionSet                
00001069  QEIVelocityConfigure          
000010d5  QEIVelocityEnable             
000010a1  ResetISR                      
00000819  SysCtlClockFreqSet            
00000b85  SysCtlClockGet                
000010f3  SysCtlDelay                   
00000f39  SysCtlPeripheralEnable        
00000f01  SysCtlPeripheralPresent       
000010df  UARTCharGet                   
000010e9  UARTCharPut                   
000010f9  UARTClockSourceSet            
00000e35  UARTConfigSetExpClk           
00000fcd  UARTDisable                   
00001055  UARTEnable                    
00000209  UARTStdioConfig               
00000721  UART_Init                     
00000359  UARTgetc                      
0000029f  UARTgets                      
0000067b  UARTprintf                    
00000381  UARTvprintf                   
0000024f  UARTwrite                     
20000200  __STACK_END                   
00000200  __STACK_SIZE                  
20000200  __STACK_TOP                   
00001448  __TI_CINIT_Base               
00001458  __TI_CINIT_Limit              
00001428  __TI_Handler_Table_Base       
00001434  __TI_Handler_Table_Limit      
00000e7d  __TI_auto_init_nobinit_nopinit
00000d39  __TI_decompress_lzss          
00001087  __TI_decompress_none          
ffffffff  __TI_pprof_out_hndl           
ffffffff  __TI_prof_data_size           
ffffffff  __TI_prof_data_start          
00000000  __TI_static_base__            
0000100d  __TI_zero_init_nomemset       
00000e7b  __aeabi_idiv0                 
00000e7b  __aeabi_ldiv0                 
00000c9d  __aeabi_memcpy                
00000c9d  __aeabi_memcpy4               
00000c9d  __aeabi_memcpy8               
00000ec1  __aeabi_uidiv                 
00000ec1  __aeabi_uidivmod              
ffffffff  __binit__                     
ffffffff  __c_args__                    
UNDEFED   __mpu_init                    
20000000  __stack                       
20000000  __start___llvm_prf_cnts       
20000000  __stop___llvm_prf_cnts        
00000f6d  _c_int00_noargs               
UNDEFED   _system_post_cinit            
00001107  _system_pre_init              
0000110b  abort                         
ffffffff  binit                         
00000000  g_pfnVectors                  
00000769  main                          
00000c9d  memcpy                        
20000208  qeiPosition                   


GLOBAL SYMBOLS: SORTED BY Symbol Address 

address   name                          
-------   ----                          
00000000  __TI_static_base__            
00000000  g_pfnVectors                  
00000200  __STACK_SIZE                  
00000209  UARTStdioConfig               
0000024f  UARTwrite                     
0000029f  UARTgets                      
00000359  UARTgetc                      
00000381  UARTvprintf                   
0000067b  UARTprintf                    
0000069f  Init_QEI0                     
00000721  UART_Init                     
00000769  main                          
00000819  SysCtlClockFreqSet            
00000a19  GPIOPadConfigSet              
00000b85  SysCtlClockGet                
00000c9d  __aeabi_memcpy                
00000c9d  __aeabi_memcpy4               
00000c9d  __aeabi_memcpy8               
00000c9d  memcpy                        
00000d39  __TI_decompress_lzss          
00000da1  GPIOPinConfigure              
00000e35  UARTConfigSetExpClk           
00000e7b  __aeabi_idiv0                 
00000e7b  __aeabi_ldiv0                 
00000e7d  __TI_auto_init_nobinit_nopinit
00000ec1  __aeabi_uidiv                 
00000ec1  __aeabi_uidivmod              
00000f01  SysCtlPeripheralPresent       
00000f39  SysCtlPeripheralEnable        
00000f6d  _c_int00_noargs               
00000fa1  GPIODirModeSet                
00000fcd  UARTDisable                   
0000100d  __TI_zero_init_nomemset       
00001029  GPIOPinTypeQEI                
0000103f  GPIOPinTypeUART               
00001055  UARTEnable                    
00001069  QEIVelocityConfigure          
00001079  QEIConfigure                  
00001087  __TI_decompress_none          
00001095  QEIFilterConfigure            
000010a1  ResetISR                      
000010ad  QEIDisable                    
000010b7  QEIEnable                     
000010c1  QEIFilterEnable               
000010cb  QEIIntDisable                 
000010d5  QEIVelocityEnable             
000010df  UARTCharGet                   
000010e9  UARTCharPut                   
000010f3  SysCtlDelay                   
000010f9  UARTClockSourceSet            
000010ff  QEIPositionGet                
00001103  QEIPositionSet                
00001107  _system_pre_init              
0000110b  C$$EXIT                       
0000110b  abort                         
00001428  __TI_Handler_Table_Base       
00001434  __TI_Handler_Table_Limit      
00001448  __TI_CINIT_Base               
00001458  __TI_CINIT_Limit              
20000000  __stack                       
20000000  __start___llvm_prf_cnts       
20000000  __stop___llvm_prf_cnts        
20000200  __STACK_END                   
20000200  __STACK_TOP                   
20000208  qeiPosition                   
ffffffff  __TI_pprof_out_hndl           
ffffffff  __TI_prof_data_size           
ffffffff  __TI_prof_data_start          
ffffffff  __binit__                     
ffffffff  __c_args__                    
ffffffff  binit                         
UNDEFED   __mpu_init                    
UNDEFED   _system_post_cinit            

[73 symbols]
