******************************************************************************
                  TI ARM Linker PC v20.2.1                     
******************************************************************************
>> Linked Mon Feb  1 11:29:56 2021

OUTPUT FILE NAME:   <SPI.out>
ENTRY POINT SYMBOL: "_c_int00_noargs"  address: 00000e81


MEMORY CONFIGURATION

         name            origin    length      used     unused   attr    fill
----------------------  --------  ---------  --------  --------  ----  --------
  FLASH                 00000000   00100000  0000134a  000fecb6  R  X
  SRAM                  20000000   00040000  00000215  0003fdeb  RW X


SEGMENT ALLOCATION MAP

run origin  load origin   length   init length attrs members
----------  ----------- ---------- ----------- ----- -------
00000000    00000000    00001350   00001350    r-x
  00000000    00000000    00000208   00000208    r-- .intvecs
  00000208    00000208    00000dfe   00000dfe    r-x .text
  00001008    00001008    00000314   00000314    r-- .const
  00001320    00001320    00000030   00000030    r-- .cinit
20000000    20000000    00000215   00000000    rw-
  20000000    20000000    00000200   00000000    rw- .stack
  20000200    20000200    00000010   00000000    rw- .bss
  20000210    20000210    00000005   00000000    rw- .data


SECTION ALLOCATION MAP

 output                                  attributes/
section   page    origin      length       input sections
--------  ----  ----------  ----------   ----------------
.intvecs   0    00000000    00000208     
                  00000000    00000208     tm4c1294ncpdt_startup_ccs.obj (.intvecs)

.text      0    00000208    00000dfe     
                  00000208    00000600     main.obj (.text)
                  00000808    00000200     driverlib.lib : sysctl.obj (.text:SysCtlClockFreqSet)
                  00000a08    0000016c                   : gpio.obj (.text:GPIOPadConfigSet)
                  00000b74    0000009c     rtsv7M4_T_le_v4SPD16_eabi.lib : memcpy_t2.asm.obj (.text)
                  00000c10    00000068                                   : copy_decompress_lzss.c.obj (.text:decompress:lzss:__TI_decompress_lzss)
                  00000c78    0000004c     driverlib.lib : gpio.obj (.text:GPIOPinConfigure)
                  00000cc4    00000048                   : sysctl.obj (.text:_SysCtlFrequencyGet)
                  00000d0c    00000046                   : uart.obj (.text:UARTConfigSetExpClk)
                  00000d52    00000002     rtsv7M4_T_le_v4SPD16_eabi.lib : div0.asm.obj (.text)
                  00000d54    00000044                                   : autoinit.c.obj (.text:__TI_auto_init_nobinit_nopinit:__TI_auto_init_nobinit_nopinit)
                  00000d98    00000040                                   : u_divt2.asm.obj (.text)
                  00000dd8    0000003c     driverlib.lib : ssi.obj (.text:SSIConfigSetExpClk)
                  00000e14    00000038                   : sysctl.obj (.text:SysCtlPeripheralPresent)
                  00000e4c    00000034                   : sysctl.obj (.text:SysCtlPeripheralEnable)
                  00000e80    00000034     rtsv7M4_T_le_v4SPD16_eabi.lib : boot_cortex_m.c.obj (.text:_c_int00_noargs:_c_int00_noargs)
                  00000eb4    0000002c     driverlib.lib : gpio.obj (.text:GPIODirModeSet)
                  00000ee0    00000020                   : uart.obj (.text:UARTDisable)
                  00000f00    00000020                   : sysctl.obj (.text:_SysCtlMemTimingGet)
                  00000f20    0000001c     rtsv7M4_T_le_v4SPD16_eabi.lib : copy_zero_init.c.obj (.text:decompress:ZI:__TI_zero_init_nomemset:__TI_zero_init_nomemset)
                  00000f3c    00000016     driverlib.lib : gpio.obj (.text:GPIOPinTypeGPIOInput)
                  00000f52    00000016                   : gpio.obj (.text:GPIOPinTypeSSI)
                  00000f68    00000016                   : gpio.obj (.text:GPIOPinTypeUART)
                  00000f7e    00000014                   : uart.obj (.text:UARTEnable)
                  00000f92    00000012                   : ssi.obj (.text:SSIDataGetNonBlocking)
                  00000fa4    0000000e     rtsv7M4_T_le_v4SPD16_eabi.lib : copy_decompress_none.c.obj (.text:decompress:none:__TI_decompress_none)
                  00000fb2    0000000c     driverlib.lib : ssi.obj (.text:SSIAdvModeSet)
                  00000fbe    0000000c     tm4c1294ncpdt_startup_ccs.obj (.text)
                  00000fca    0000000a     driverlib.lib : ssi.obj (.text:SSIAdvFrameHoldEnable)
                  00000fd4    0000000a                   : ssi.obj (.text:SSIEnable)
                  00000fde    0000000a                   : uart.obj (.text:UARTCharGet)
                  00000fe8    0000000a                   : uart.obj (.text:UARTCharPut)
                  00000ff2    00000006                   : sysctl.obj (.text:SysCtlDelay)
                  00000ff8    00000006                   : uart.obj (.text:UARTClockSourceSet)
                  00000ffe    00000004     rtsv7M4_T_le_v4SPD16_eabi.lib : pre_init.c.obj (.text:_system_pre_init)
                  00001002    00000004                                   : exit.c.obj (.text:abort:abort)

.const     0    00001008    00000314     
                  00001008    000001b0     driverlib.lib : sysctl.obj (.const:g_pppui32XTALtoVCO)
                  000011b8    00000090                   : gpio.obj (.const:g_pui32GPIOBaseAddrs)
                  00001248    0000006c                   : sysctl.obj (.const:g_pui32Xtals)
                  000012b4    00000030                   : sysctl.obj (.const:g_sXTALtoMEMTIM)
                  000012e4    00000012     main.obj (.const:.string)
                  000012f6    00000002     --HOLE-- [fill = 0]
                  000012f8    0000000c     main.obj (.const:g_ui32UARTBase)
                  00001304    0000000c     main.obj (.const:g_ui32UARTPeriph)
                  00001310    00000008     driverlib.lib : sysctl.obj (.const:g_pui32VCOFrequencies)
                  00001318    00000004     main.obj (.const)

.cinit     0    00001320    00000030     
                  00001320    0000000c     (__TI_handler_table)
                  0000132c    00000004     --HOLE-- [fill = 0]
                  00001330    00000008     (.cinit..bss.load) [load image, compression = zero_init]
                  00001338    00000007     (.cinit..data.load) [load image, compression = lzss]
                  0000133f    00000001     --HOLE-- [fill = 0]
                  00001340    00000010     (__TI_cinit_table)

.init_array 
*          0    00000000    00000000     UNINITIALIZED

.bss       0    20000200    00000010     UNINITIALIZED
                  20000200    00000004     (.common:g_ui32SysClock)
                  20000204    00000004     (.common:ui32Base)
                  20000208    00000004     (.common:ui32BitRate)
                  2000020c    00000004     (.common:ui32Clock)

.data      0    20000210    00000005     UNINITIALIZED
                  20000210    00000005     main.obj (.data)

.stack     0    20000000    00000200     UNINITIALIZED
                  20000000    00000004     rtsv7M4_T_le_v4SPD16_eabi.lib : boot_cortex_m.c.obj (.stack)
                  20000004    000001fc     --HOLE--

__llvm_prf_cnts 
*          0    20000000    00000000     UNINITIALIZED

MODULE SUMMARY

       Module                          code   ro data   rw data
       ------                          ----   -------   -------
    .\
       main.obj                        1536   46        21     
       tm4c1294ncpdt_startup_ccs.obj   12     520       0      
    +--+-------------------------------+------+---------+---------+
       Total:                          1548   566       21     
                                                               
    C:/ti/TivaWare_C_Series-2.2.0.295/driverlib/ccs/Debug/driverlib.lib
       sysctl.obj                      730    596       0      
       gpio.obj                        550    144       0      
       uart.obj                        148    0         0      
       ssi.obj                         110    0         0      
    +--+-------------------------------+------+---------+---------+
       Total:                          1538   740       0      
                                                               
    C:\ti\ccs1011\ccs\tools\compiler\ti-cgt-arm_20.2.1.LTS\lib\rtsv7M4_T_le_v4SPD16_eabi.lib
       memcpy_t2.asm.obj               156    0         0      
       copy_decompress_lzss.c.obj      104    0         0      
       autoinit.c.obj                  68     0         0      
       u_divt2.asm.obj                 64     0         0      
       boot_cortex_m.c.obj             52     0         0      
       copy_zero_init.c.obj            28     0         0      
       copy_decompress_none.c.obj      14     0         0      
       exit.c.obj                      4      0         0      
       pre_init.c.obj                  4      0         0      
       div0.asm.obj                    2      0         0      
    +--+-------------------------------+------+---------+---------+
       Total:                          496    0         0      
                                                               
       Stack:                          0      0         512    
       Linker Generated:               0      43        0      
    +--+-------------------------------+------+---------+---------+
       Grand Total:                    3582   1349      533    


LINKER GENERATED COPY TABLES

__TI_cinit_table @ 00001340 records: 2, size/record: 8, table size: 16
	.bss: load addr=00001330, load size=00000008 bytes, run addr=20000200, run size=00000010 bytes, compression=zero_init
	.data: load addr=00001338, load size=00000007 bytes, run addr=20000210, run size=00000005 bytes, compression=lzss


LINKER GENERATED HANDLER TABLE

__TI_handler_table @ 00001320 records: 3, size/record: 4, table size: 12
	index: 0, handler: __TI_decompress_lzss
	index: 1, handler: __TI_decompress_none
	index: 2, handler: __TI_zero_init


GLOBAL SYMBOLS: SORTED ALPHABETICALLY BY Name 

address   name                          
-------   ----                          
00001003  C$$EXIT                       
00000eb5  GPIODirModeSet                
00000a09  GPIOPadConfigSet              
00000c79  GPIOPinConfigure              
00000f3d  GPIOPinTypeGPIOInput          
00000f53  GPIOPinTypeSSI                
00000f69  GPIOPinTypeUART               
00000fbf  ResetISR                      
UNDEFED   SPIFlashInit                  
0000069f  SSI0_init                     
00000fcb  SSIAdvFrameHoldEnable         
00000fb3  SSIAdvModeSet                 
00000dd9  SSIConfigSetExpClk            
00000f93  SSIDataGetNonBlocking         
00000fd5  SSIEnable                     
00000809  SysCtlClockFreqSet            
00000ff3  SysCtlDelay                   
00000e4d  SysCtlPeripheralEnable        
00000e15  SysCtlPeripheralPresent       
00000fdf  UARTCharGet                   
00000fe9  UARTCharPut                   
00000ff9  UARTClockSourceSet            
00000d0d  UARTConfigSetExpClk           
00000ee1  UARTDisable                   
00000f7f  UARTEnable                    
00000209  UARTStdioConfig               
00000725  UART_Init                     
00000359  UARTgetc                      
0000029f  UARTgets                      
0000067b  UARTprintf                    
00000381  UARTvprintf                   
0000024f  UARTwrite                     
20000200  __STACK_END                   
00000200  __STACK_SIZE                  
20000200  __STACK_TOP                   
00001340  __TI_CINIT_Base               
00001350  __TI_CINIT_Limit              
00001320  __TI_Handler_Table_Base       
0000132c  __TI_Handler_Table_Limit      
00000d55  __TI_auto_init_nobinit_nopinit
00000c11  __TI_decompress_lzss          
00000fa5  __TI_decompress_none          
ffffffff  __TI_pprof_out_hndl           
ffffffff  __TI_prof_data_size           
ffffffff  __TI_prof_data_start          
00000000  __TI_static_base__            
00000f21  __TI_zero_init_nomemset       
00000d53  __aeabi_idiv0                 
00000d53  __aeabi_ldiv0                 
00000b75  __aeabi_memcpy                
00000b75  __aeabi_memcpy4               
00000b75  __aeabi_memcpy8               
00000d99  __aeabi_uidiv                 
00000d99  __aeabi_uidivmod              
ffffffff  __binit__                     
ffffffff  __c_args__                    
UNDEFED   __mpu_init                    
20000000  __stack                       
20000000  __start___llvm_prf_cnts       
20000000  __stop___llvm_prf_cnts        
00000e81  _c_int00_noargs               
UNDEFED   _system_post_cinit            
00000fff  _system_pre_init              
00001003  abort                         
ffffffff  binit                         
00000000  g_pfnVectors                  
20000200  g_ui32SysClock                
0000076f  main                          
00000b75  memcpy                        
20000204  ui32Base                      
20000208  ui32BitRate                   
2000020c  ui32Clock                     


GLOBAL SYMBOLS: SORTED BY Symbol Address 

address   name                          
-------   ----                          
00000000  __TI_static_base__            
00000000  g_pfnVectors                  
00000200  __STACK_SIZE                  
00000209  UARTStdioConfig               
0000024f  UARTwrite                     
0000029f  UARTgets                      
00000359  UARTgetc                      
00000381  UARTvprintf                   
0000067b  UARTprintf                    
0000069f  SSI0_init                     
00000725  UART_Init                     
0000076f  main                          
00000809  SysCtlClockFreqSet            
00000a09  GPIOPadConfigSet              
00000b75  __aeabi_memcpy                
00000b75  __aeabi_memcpy4               
00000b75  __aeabi_memcpy8               
00000b75  memcpy                        
00000c11  __TI_decompress_lzss          
00000c79  GPIOPinConfigure              
00000d0d  UARTConfigSetExpClk           
00000d53  __aeabi_idiv0                 
00000d53  __aeabi_ldiv0                 
00000d55  __TI_auto_init_nobinit_nopinit
00000d99  __aeabi_uidiv                 
00000d99  __aeabi_uidivmod              
00000dd9  SSIConfigSetExpClk            
00000e15  SysCtlPeripheralPresent       
00000e4d  SysCtlPeripheralEnable        
00000e81  _c_int00_noargs               
00000eb5  GPIODirModeSet                
00000ee1  UARTDisable                   
00000f21  __TI_zero_init_nomemset       
00000f3d  GPIOPinTypeGPIOInput          
00000f53  GPIOPinTypeSSI                
00000f69  GPIOPinTypeUART               
00000f7f  UARTEnable                    
00000f93  SSIDataGetNonBlocking         
00000fa5  __TI_decompress_none          
00000fb3  SSIAdvModeSet                 
00000fbf  ResetISR                      
00000fcb  SSIAdvFrameHoldEnable         
00000fd5  SSIEnable                     
00000fdf  UARTCharGet                   
00000fe9  UARTCharPut                   
00000ff3  SysCtlDelay                   
00000ff9  UARTClockSourceSet            
00000fff  _system_pre_init              
00001003  C$$EXIT                       
00001003  abort                         
00001320  __TI_Handler_Table_Base       
0000132c  __TI_Handler_Table_Limit      
00001340  __TI_CINIT_Base               
00001350  __TI_CINIT_Limit              
20000000  __stack                       
20000000  __start___llvm_prf_cnts       
20000000  __stop___llvm_prf_cnts        
20000200  __STACK_END                   
20000200  __STACK_TOP                   
20000200  g_ui32SysClock                
20000204  ui32Base                      
20000208  ui32BitRate                   
2000020c  ui32Clock                     
ffffffff  __TI_pprof_out_hndl           
ffffffff  __TI_prof_data_size           
ffffffff  __TI_prof_data_start          
ffffffff  __binit__                     
ffffffff  __c_args__                    
ffffffff  binit                         
UNDEFED   SPIFlashInit                  
UNDEFED   __mpu_init                    
UNDEFED   _system_post_cinit            

[72 symbols]
